Component: ARM Compiler 5.06 update 4 (build 422) Tool: armlink [4d35d2]

==============================================================================

Section Cross References

    clock.o(i.Clock_Time) refers to clock.o(.data) for .data
    clock.o(i.Clock_Wait) refers to clock.o(.data) for .data
    clock.o(i.SysCount_Handler) refers to clock.o(.data) for .data
    context_switch.o(. text) refers to system_bluenrg1.o(.savedMSP) for savedMSP
    context_switch.o(. text) refers to system_bluenrg1.o(.data) for savedICSR
    context_switch.o(. text) refers to system_bluenrg1.o(.data) for savedSHCSR
    context_switch.o(. text) refers to system_bluenrg1.o(.data) for savedNVIC_ISPR
    gp_timer.o(i.Timer_Expired) refers to clock.o(i.Clock_Time) for Clock_Time
    gp_timer.o(i.Timer_Remaining) refers to clock.o(i.Clock_Time) for Clock_Time
    gp_timer.o(i.Timer_Restart) refers to clock.o(i.Clock_Time) for Clock_Time
    gp_timer.o(i.Timer_Set) refers to clock.o(i.Clock_Time) for Clock_Time
    miscutil.o(i.BLEPLAT_get_part_info) refers to miscutil.o(i.HAL_GetPartInfo) for HAL_GetPartInfo
    miscutil.o(i.HAL_CrashHandler) refers to uwrite4.o(.text) for __aeabi_uwrite4
    miscutil.o(i.HAL_CrashHandler) refers to miscutil.o(.__crash_RAM) for .__crash_RAM
    miscutil.o(i.HAL_GetCrashInfo) refers to memcpy.o(.text) for __aeabi_memcpy
    miscutil.o(i.HAL_GetCrashInfo) refers to uwrite4.o(.text) for __aeabi_uwrite4
    miscutil.o(i.HAL_GetCrashInfo) refers to miscutil.o(.__crash_RAM) for .__crash_RAM
    osal.o(i.Osal_MemCmp) refers to memcmp.o(.text) for memcmp
    osal.o(i.Osal_MemCpy) refers to memcpy.o(.text) for memcpy
    osal.o(i.Osal_MemSet) refers to memset.o(.text) for memset
    bluenrg1_adc.o(i.ADC_CompensateOutputValue) refers to fmul.o(.text) for __aeabi_fmul
    bluenrg1_adc.o(i.ADC_CompensateOutputValue) refers to fadd.o(.text) for __aeabi_fsub
    bluenrg1_adc.o(i.ADC_CompensateOutputValue) refers to bluenrg1_adc.o(.data) for .data
    bluenrg1_adc.o(i.ADC_ConvertBatterySensor) refers to bluenrg1_adc.o(i.ADC_ConvertSingleEndedVoltage) for ADC_ConvertSingleEndedVoltage
    bluenrg1_adc.o(i.ADC_ConvertBatterySensor) refers to fmul.o(.text) for __aeabi_fmul
    bluenrg1_adc.o(i.ADC_ConvertDifferentialVoltage) refers to ffltui.o(.text) for __aeabi_ui2f
    bluenrg1_adc.o(i.ADC_ConvertDifferentialVoltage) refers to fflti.o(.text) for __aeabi_i2f
    bluenrg1_adc.o(i.ADC_ConvertDifferentialVoltage) refers to fdiv.o(.text) for __aeabi_fdiv
    bluenrg1_adc.o(i.ADC_ConvertDifferentialVoltage) refers to fadd.o(.text) for __aeabi_fadd
    bluenrg1_adc.o(i.ADC_ConvertDifferentialVoltage) refers to fmul.o(.text) for __aeabi_fmul
    bluenrg1_adc.o(i.ADC_ConvertSingleEndedVoltage) refers to fflti.o(.text) for __aeabi_i2f
    bluenrg1_adc.o(i.ADC_ConvertSingleEndedVoltage) refers to ffltui.o(.text) for __aeabi_ui2f
    bluenrg1_adc.o(i.ADC_ConvertSingleEndedVoltage) refers to fadd.o(.text) for __aeabi_fadd
    bluenrg1_adc.o(i.ADC_ConvertSingleEndedVoltage) refers to f2d.o(.text) for __aeabi_f2d
    bluenrg1_adc.o(i.ADC_ConvertSingleEndedVoltage) refers to fdiv.o(.text) for __aeabi_fdiv
    bluenrg1_adc.o(i.ADC_ConvertSingleEndedVoltage) refers to fmul.o(.text) for __aeabi_fmul
    bluenrg1_adc.o(i.ADC_ConvertSingleEndedVoltage) refers to dadd.o(.text) for __aeabi_drsub
    bluenrg1_adc.o(i.ADC_ConvertSingleEndedVoltage) refers to dmul.o(.text) for __aeabi_dmul
    bluenrg1_adc.o(i.ADC_ConvertSingleEndedVoltage) refers to d2f.o(.text) for __aeabi_d2f
    bluenrg1_adc.o(i.ADC_ConvertTemperatureSensor) refers to bluenrg1_adc.o(i.ADC_ConvertSingleEndedVoltage) for ADC_ConvertSingleEndedVoltage
    bluenrg1_adc.o(i.ADC_ConvertTemperatureSensor) refers to fmul.o(.text) for __aeabi_fmul
    bluenrg1_adc.o(i.ADC_ConvertTemperatureSensor) refers to fadd.o(.text) for __aeabi_fsub
    bluenrg1_adc.o(i.ADC_ConvertTemperatureSensorFarenait) refers to bluenrg1_adc.o(i.ADC_ConvertSingleEndedVoltage) for ADC_ConvertSingleEndedVoltage
    bluenrg1_adc.o(i.ADC_ConvertTemperatureSensorFarenait) refers to f2d.o(.text) for __aeabi_f2d
    bluenrg1_adc.o(i.ADC_ConvertTemperatureSensorFarenait) refers to dmul.o(.text) for __aeabi_dmul
    bluenrg1_adc.o(i.ADC_ConvertTemperatureSensorFarenait) refers to dadd.o(.text) for __aeabi_dsub
    bluenrg1_adc.o(i.ADC_ConvertTemperatureSensorFarenait) refers to d2f.o(.text) for __aeabi_d2f
    bluenrg1_adc.o(i.ADC_GetConvertedData) refers to bluenrg1_adc.o(i.ADC_GetRawData) for ADC_GetRawData
    bluenrg1_adc.o(i.ADC_GetConvertedData) refers to fflti.o(.text) for __aeabi_i2f
    bluenrg1_adc.o(i.ADC_GetConvertedData) refers to bluenrg1_adc.o(i.ADC_ConvertSingleEndedVoltage) for ADC_ConvertSingleEndedVoltage
    bluenrg1_adc.o(i.ADC_GetConvertedData) refers to bluenrg1_adc.o(i.ADC_ConvertDifferentialVoltage) for ADC_ConvertDifferentialVoltage
    bluenrg1_adc.o(i.ADC_GetConvertedData) refers to bluenrg1_adc.o(i.ADC_ConvertBatterySensor) for ADC_ConvertBatterySensor
[...]
    .ARM.Collect$$$$00000008                 0x10057168   Section        0  entry7b.o(.ARM.Collect$$$$00000008)
    .ARM.Collect$$$$0000000A                 0x10057168   Section        0  entry8b.o(.ARM.Collect$$$$0000000A)
    .ARM.Collect$$$$0000000B                 0x10057168   Section        8  entry9a.o(.ARM.Collect$$$$0000000B)
    .ARM.Collect$$$$0000000D                 0x10057170   Section        0  entry10a.o(.ARM.Collect$$$$0000000D)
    .ARM.Collect$$$$0000000F                 0x10057170   Section        0  entry11a.o(.ARM.Collect$$$$0000000F)
    .ARM.Collect$$$$00002713                 0x10057170   Section        4  entry3.o(.ARM.Collect$$$$00002713)
    __lit__00000000                          0x10057170   Data           4  entry3.o(.ARM.Collect$$$$00002713)
    .text                                    0x10057174   Section        0  uidiv.o(.text)
    .text                                    0x100571a0   Section        0  memcpy.o(.text)
    .text                                    0x100571c8   Section        0  uldiv.o(.text)
    .text                                    0x10057228   Section        0  llshl.o(.text)
    .text                                    0x10057248   Section       36  init.o(.text)
    .text                                    0x1005726c   Section        0  llushr.o(.text)
    .text                                    0x1005728e   Section        0  __dczerorl.o(.text)
    i.ADC_Handler                            0x100572c8   Section        0  system_bluenrg1.o(i.ADC_Handler)
    i.APP_Tick                               0x100572cc   Section        0  chat.o(i.APP_Tick)
    i.Add_Chat_Service                       0x100572ec   Section        0  gatt_db.o(i.Add_Chat_Service)
    i.Attribute_Modified_CB                  0x10057438   Section        0  gatt_db.o(i.Attribute_Modified_CB)
    i.BOR_ConfigSave                         0x10057484   Section        0  system_bluenrg1.o(i.BOR_ConfigSave)
    i.BlueNRG_Stack_Initialization           0x100574c4   Section        0  bluenrg1_stack_init_if.o(i.BlueNRG_Stack_Initialization)
    i.Blue_Handler                           0x100576a4   Section        0  bluenrg1_it.o(i.Blue_Handler)
    i.CHAT_DeviceInit                        0x100576ac   Section        0  chat.o(i.CHAT_DeviceInit)
    i.Clock_Init                             0x100578c8   Section        0  clock.o(i.Clock_Init)
    i.DMA_Handler                            0x100578f4   Section        0  system_bluenrg1.o(i.DMA_Handler)
    i.DeviceConfiguration                    0x100578f8   Section        0  system_bluenrg1.o(i.DeviceConfiguration)
    i.GPIO_Handler                           0x10057a5c   Section        0  bluenrg1_it.o(i.GPIO_Handler)
    i.GPIO_Init                              0x10057a60   Section        0  bluenrg1_gpio.o(i.GPIO_Init)
    i.GPIO_ReadBit                           0x10057b34   Section        0  bluenrg1_gpio.o(i.GPIO_ReadBit)
    i.Get_ButtonGpioPin                      0x10057b48   Section        0  sdk_eval_button.o(i.Get_ButtonGpioPin)
    i.HAL_GetPartInfo                        0x10057b74   Section        0  miscutil.o(i.HAL_GetPartInfo)
    i.HAL_VTimerTimeoutCallback              0x10057bd4   Section        0  bluenrg1_stack_init_if.o(i.HAL_VTimerTimeoutCallback)
    i.HardFault_Handler                      0x10057bd6   Section        0  bluenrg1_it.o(i.HardFault_Handler)
    i.I2C1_Handler                           0x10057bd8   Section        0  system_bluenrg1.o(i.I2C1_Handler)
    i.I2C2_Handler                           0x10057bda   Section        0  system_bluenrg1.o(i.I2C2_Handler)
    i.MFT1A_Handler                          0x10057bdc   Section        0  system_bluenrg1.o(i.MFT1A_Handler)
    i.MFT1B_Handler                          0x10057bde   Section        0  system_bluenrg1.o(i.MFT1B_Handler)
    i.MFT2A_Handler                          0x10057be0   Section        0  system_bluenrg1.o(i.MFT2A_Handler)
    i.MFT2B_Handler                          0x10057be2   Section        0  system_bluenrg1.o(i.MFT2B_Handler)
    i.Make_Connection                        0x10057be4   Section        0  chat.o(i.Make_Connection)
    i.NMI_Handler                            0x10057ce4   Section        0  bluenrg1_it.o(i.NMI_Handler)
    i.NVIC_Init                              0x10057ce8   Section        0  misc.o(i.NVIC_Init)
    i.NVIC_SetPriority                       0x10057d70   Section        0  system_bluenrg1.o(i.NVIC_SetPriority)
    NVIC_SetPriority                         0x10057d71   Thumb Code    60  system_bluenrg1.o(i.NVIC_SetPriority)
    i.NVIC_SystemReset                       0x10057db4   Section        0  ota_btl.o(i.NVIC_SystemReset)
    NVIC_SystemReset                         0x10057db5   Thumb Code    16  ota_btl.o(i.NVIC_SystemReset)
    i.NVM_Handler                            0x10057dcc   Section        0  system_bluenrg1.o(i.NVM_Handler)
    i.OTA_Jump_To_Service_Manager_Application 0x10057dd0   Section        0  ota_btl.o(i.OTA_Jump_To_Service_Manager_Application)
    i.Osal_MemCpy                            0x10057de4   Section        0  osal.o(i.Osal_MemCpy)
    i.PKA_Handler                            0x10057dec   Section        0  system_bluenrg1.o(i.PKA_Handler)
    i.PendSV_Handler                         0x10057dee   Section        0  system_bluenrg1.o(i.PendSV_Handler)
    i.Process_InputData                      0x10057df0   Section        0  chat.o(i.Process_InputData)
    i.RESET_HANDLER                          0x10057e64   Section        0  system_bluenrg1.o(i.RESET_HANDLER)
    i.RTC_Handler                            0x10057e84   Section        0  system_bluenrg1.o(i.RTC_Handler)
    i.SET_BORconfigStatus                    0x10057e88   Section        0  system_bluenrg1.o(i.SET_BORconfigStatus)
    i.SPI_Handler                            0x10057ec4   Section        0  system_bluenrg1.o(i.SPI_Handler)
    i.SVC_Handler                            0x10057ec6   Section        0  bluenrg1_it.o(i.SVC_Handler)
    i.SdkEvalComIOConfig                     0x10057ec8   Section        0  sdk_eval_com.o(i.SdkEvalComIOConfig)
    i.SdkEvalComIOReceiveData                0x10057ee4   Section        0  sdk_eval_com.o(i.SdkEvalComIOReceiveData)
    i.SdkEvalComIOSendData                   0x10057ef4   Section        0  sdk_eval_com.o(i.SdkEvalComIOSendData)
    i.SdkEvalComIOUartIrqHandler             0x10057efc   Section        0  sdk_eval_com.o(i.SdkEvalComIOUartIrqHandler)
    i.SdkEvalComUartInit                     0x10057f28   Section        0  sdk_eval_com.o(i.SdkEvalComUartInit)
    i.SdkEvalComUartIrqConfig                0x10057fc8   Section        0  sdk_eval_com.o(i.SdkEvalComUartIrqConfig)
    i.SdkEvalGetVersion                      0x10057fe8   Section        0  sdk_eval_config.o(i.SdkEvalGetVersion)
    i.SdkEvalIdentification                  0x10057ff4   Section        0  sdk_eval_config.o(i.SdkEvalIdentification)
    i.SdkEvalPushButtonGetState              0x10058000   Section        0  sdk_eval_button.o(i.SdkEvalPushButtonGetState)
    i.SdkEvalPushButtonInit                  0x10058012   Section        0  sdk_eval_button.o(i.SdkEvalPushButtonInit)
    i.SdkEvalUart_Send_Data                  0x10058038   Section        0  sdk_eval_com.o(i.SdkEvalUart_Send_Data)
    SdkEvalUart_Send_Data                    0x10058039   Thumb Code    22  sdk_eval_com.o(i.SdkEvalUart_Send_Data)
    i.Send_Data_Over_BLE                     0x10058050   Section        0  chat.o(i.Send_Data_Over_BLE)
    i.Set_RF_FrontEnd                        0x100580d0   Section        0  system_bluenrg1.o(i.Set_RF_FrontEnd)
    i.SysCount_Handler                       0x10058118   Section        0  clock.o(i.SysCount_Handler)
    i.SysCtrl_GetWakeupResetReason           0x10058128   Section        0  bluenrg1_sysctrl.o(i.SysCtrl_GetWakeupResetReason)
    i.SysCtrl_PeripheralClockCmd             0x100581c0   Section        0  bluenrg1_sysctrl.o(i.SysCtrl_PeripheralClockCmd)
    i.SysTick_Handler                        0x100581d8   Section        0  bluenrg1_it.o(i.SysTick_Handler)
    i.SystemInit                             0x100581e0   Section        0  system_bluenrg1.o(i.SystemInit)
    i.UART_Cmd                               0x10058298   Section        0  bluenrg1_uart.o(i.UART_Cmd)
    i.UART_GetFlagStatus                     0x100582b4   Section        0  bluenrg1_uart.o(i.UART_GetFlagStatus)
    i.UART_GetITStatus                       0x100582d0   Section        0  bluenrg1_uart.o(i.UART_GetITStatus)
    i.UART_Handler                           0x100582e4   Section        0  bluenrg1_it.o(i.UART_Handler)
    i.UART_ITConfig                          0x100582ec   Section        0  bluenrg1_uart.o(i.UART_ITConfig)
    i.UART_Init                              0x10058304   Section        0  bluenrg1_uart.o(i.UART_Init)
    i.UART_ReceiveData                       0x1005843c   Section        0  bluenrg1_uart.o(i.UART_ReceiveData)
    i.UART_RxFifoIrqLevelConfig              0x10058448   Section        0  bluenrg1_uart.o(i.UART_RxFifoIrqLevelConfig)
    i.UART_SendData                          0x10058460   Section        0  bluenrg1_uart.o(i.UART_SendData)
    i.WDG_Handler                            0x10058470   Section        0  system_bluenrg1.o(i.WDG_Handler)
    i.__0printf$8                            0x10058474   Section        0  printf8.o(i.__0printf$8)
    i.__low_level_init                       0x10058494   Section        0  system_bluenrg1.o(i.__low_level_init)
    i.__scatterload_copy                     0x10058554   Section       14  handlers.o(i.__scatterload_copy)
    i.__scatterload_null                     0x10058562   Section        2  handlers.o(i.__scatterload_null)
    i.__scatterload_zeroinit                 0x10058564   Section       14  handlers.o(i.__scatterload_zeroinit)
    i._printf_core                           0x10058574   Section        0  printf8.o(i._printf_core)
    _printf_core                             0x10058575   Thumb Code  1020  printf8.o(i._printf_core)
    i._printf_post_padding                   0x1005899c   Section        0  printf8.o(i._printf_post_padding)
    _printf_post_padding                     0x1005899d   Thumb Code    32  printf8.o(i._printf_post_padding)
    i._printf_pre_padding                    0x100589bc   Section        0  printf8.o(i._printf_pre_padding)
    _printf_pre_padding                      0x100589bd   Thumb Code    44  printf8.o(i._printf_pre_padding)
    i.aci_att_exchange_mtu_resp_event        0x100589e8   Section        0  bluenrg1_stack_init_if.o(i.aci_att_exchange_mtu_resp_event)
    i.aci_att_exec_write_resp_event          0x100589ea   Section        0  bluenrg1_stack_init_if.o(i.aci_att_exec_write_resp_event)
    i.aci_att_find_by_type_value_resp_event  0x100589ec   Section        0  bluenrg1_stack_init_if.o(i.aci_att_find_by_type_value_resp_event)
    i.aci_att_find_info_resp_event           0x100589ee   Section        0  bluenrg1_stack_init_if.o(i.aci_att_find_info_resp_event)
    i.aci_att_prepare_write_resp_event       0x100589f0   Section        0  bluenrg1_stack_init_if.o(i.aci_att_prepare_write_resp_event)
    i.aci_att_read_blob_resp_event           0x100589f2   Section        0  bluenrg1_stack_init_if.o(i.aci_att_read_blob_resp_event)
    i.aci_att_read_by_group_type_resp_event  0x100589f4   Section        0  bluenrg1_stack_init_if.o(i.aci_att_read_by_group_type_resp_event)
    i.aci_att_read_by_type_resp_event        0x100589f6   Section        0  bluenrg1_stack_init_if.o(i.aci_att_read_by_type_resp_event)
    i.aci_att_read_multiple_resp_event       0x100589f8   Section        0  bluenrg1_stack_init_if.o(i.aci_att_read_multiple_resp_event)
    i.aci_att_read_resp_event                0x100589fa   Section        0  bluenrg1_stack_init_if.o(i.aci_att_read_resp_event)
    i.aci_gap_addr_not_resolved_event        0x100589fc   Section        0  bluenrg1_stack_init_if.o(i.aci_gap_addr_not_resolved_event)
    i.aci_gap_authorization_req_event        0x100589fe   Section        0  bluenrg1_stack_init_if.o(i.aci_gap_authorization_req_event)
    i.aci_gap_bond_lost_event                0x10058a00   Section        0  bluenrg1_stack_init_if.o(i.aci_gap_bond_lost_event)
    i.aci_gap_keypress_notification_event    0x10058a02   Section        0  bluenrg1_stack_init_if.o(i.aci_gap_keypress_notification_event)
    i.aci_gap_limited_discoverable_event     0x10058a04   Section        0  bluenrg1_stack_init_if.o(i.aci_gap_limited_discoverable_event)
    i.aci_gap_numeric_comparison_value_event 0x10058a06   Section        0  bluenrg1_stack_init_if.o(i.aci_gap_numeric_comparison_value_event)
    i.aci_gap_pairing_complete_event         0x10058a08   Section        0  bluenrg1_stack_init_if.o(i.aci_gap_pairing_complete_event)
    i.aci_gap_pass_key_req_event             0x10058a0a   Section        0  bluenrg1_stack_init_if.o(i.aci_gap_pass_key_req_event)
    i.aci_gap_proc_complete_event            0x10058a0c   Section        0  bluenrg1_stack_init_if.o(i.aci_gap_proc_complete_event)
    i.aci_gap_slave_security_initiated_event 0x10058a0e   Section        0  bluenrg1_stack_init_if.o(i.aci_gap_slave_security_initiated_event)
    i.aci_gatt_attribute_modified_event      0x10058a10   Section        0  chat.o(i.aci_gatt_attribute_modified_event)
    i.aci_gatt_disc_read_char_by_uuid_resp_event 0x10058a1e   Section        0  bluenrg1_stack_init_if.o(i.aci_gatt_disc_read_char_by_uuid_resp_event)
    i.aci_gatt_error_resp_event              0x10058a20   Section        0  bluenrg1_stack_init_if.o(i.aci_gatt_error_resp_event)
    i.aci_gatt_indication_event              0x10058a22   Section        0  bluenrg1_stack_init_if.o(i.aci_gatt_indication_event)
    i.aci_gatt_notification_event            0x10058a24   Section        0  bluenrg1_stack_init_if.o(i.aci_gatt_notification_event)
    i.aci_gatt_prepare_write_permit_req_event 0x10058a26   Section        0  bluenrg1_stack_init_if.o(i.aci_gatt_prepare_write_permit_req_event)
    i.aci_gatt_proc_complete_event           0x10058a28   Section        0  bluenrg1_stack_init_if.o(i.aci_gatt_proc_complete_event)
    i.aci_gatt_proc_timeout_event            0x10058a2a   Section        0  bluenrg1_stack_init_if.o(i.aci_gatt_proc_timeout_event)
    i.aci_gatt_read_multi_permit_req_event   0x10058a2c   Section        0  bluenrg1_stack_init_if.o(i.aci_gatt_read_multi_permit_req_event)
    i.aci_gatt_read_permit_req_event         0x10058a2e   Section        0  chat.o(i.aci_gatt_read_permit_req_event)
    i.aci_gatt_server_confirmation_event     0x10058a30   Section        0  bluenrg1_stack_init_if.o(i.aci_gatt_server_confirmation_event)
    i.aci_gatt_tx_pool_available_event       0x10058a34   Section        0  chat.o(i.aci_gatt_tx_pool_available_event)
    i.aci_gatt_write_permit_req_event        0x10058a44   Section        0  bluenrg1_stack_init_if.o(i.aci_gatt_write_permit_req_event)
    i.aci_hal_end_of_radio_activity_event    0x10058a46   Section        0  chat.o(i.aci_hal_end_of_radio_activity_event)
    i.aci_hal_fw_error_event                 0x10058a48   Section        0  ble_chat_main.o(i.aci_hal_fw_error_event)
    i.aci_hal_scan_req_report_event          0x10058a5e   Section        0  bluenrg1_stack_init_if.o(i.aci_hal_scan_req_report_event)
    i.aci_l2cap_command_reject_event         0x10058a60   Section        0  bluenrg1_stack_init_if.o(i.aci_l2cap_command_reject_event)
    i.aci_l2cap_connection_update_req_event  0x10058a62   Section        0  bluenrg1_stack_init_if.o(i.aci_l2cap_connection_update_req_event)
    i.aci_l2cap_connection_update_resp_event 0x10058a64   Section        0  bluenrg1_stack_init_if.o(i.aci_l2cap_connection_update_resp_event)
    i.aci_l2cap_proc_timeout_event           0x10058a66   Section        0  bluenrg1_stack_init_if.o(i.aci_l2cap_proc_timeout_event)
    i.fputc                                  0x10058a68   Section        0  sdk_eval_com.o(i.fputc)
    i.hci_data_buffer_overflow_event         0x10058a74   Section        0  bluenrg1_stack_init_if.o(i.hci_data_buffer_overflow_event)
    i.hci_disconnection_complete_event       0x10058a78   Section        0  chat.o(i.hci_disconnection_complete_event)
    i.hci_encryption_change_event            0x10058ac0   Section        0  bluenrg1_stack_init_if.o(i.hci_encryption_change_event)
    i.hci_encryption_key_refresh_complete_event 0x10058ac2   Section        0  bluenrg1_stack_init_if.o(i.hci_encryption_key_refresh_complete_event)
    i.hci_hardware_error_event               0x10058ac4   Section        0  ble_chat_main.o(i.hci_hardware_error_event)
    i.hci_le_advertising_report_event        0x10058adc   Section        0  bluenrg1_stack_init_if.o(i.hci_le_advertising_report_event)
    i.hci_le_connection_complete_event       0x10058ae0   Section        0  chat.o(i.hci_le_connection_complete_event)
    i.hci_le_connection_update_complete_event 0x10058af4   Section        0  bluenrg1_stack_init_if.o(i.hci_le_connection_update_complete_event)
    i.hci_le_data_length_change_event        0x10058af6   Section        0  bluenrg1_stack_init_if.o(i.hci_le_data_length_change_event)
    i.hci_le_direct_advertising_report_event 0x10058af8   Section        0  bluenrg1_stack_init_if.o(i.hci_le_direct_advertising_report_event)
    i.hci_le_enhanced_connection_complete_event 0x10058afa   Section        0  bluenrg1_stack_init_if.o(i.hci_le_enhanced_connection_complete_event)
    i.hci_le_generate_dhkey_complete_event   0x10058afc   Section        0  bluenrg1_stack_init_if.o(i.hci_le_generate_dhkey_complete_event)
    i.hci_le_long_term_key_request_event     0x10058afe   Section        0  bluenrg1_stack_init_if.o(i.hci_le_long_term_key_request_event)
    i.hci_le_read_local_p256_public_key_complete_event 0x10058b00   Section        0  bluenrg1_stack_init_if.o(i.hci_le_read_local_p256_public_key_complete_event)
    i.hci_le_read_remote_used_features_complete_event 0x10058b02   Section        0  bluenrg1_stack_init_if.o(i.hci_le_read_remote_used_features_complete_event)
    i.hci_number_of_completed_packets_event  0x10058b04   Section        0  bluenrg1_stack_init_if.o(i.hci_number_of_completed_packets_event)
    i.hci_read_remote_version_information_complete_event 0x10058b06   Section        0  bluenrg1_stack_init_if.o(i.hci_read_remote_version_information_complete_event)
    i.main                                   0x10058b08   Section        0  ble_chat_main.o(i.main)
    .constdata                               0x10058c24   Section        8  sdk_eval_config.o(.constdata)
    .constdata                               0x10058c2c   Section        4  sdk_eval_config.o(.constdata)
    .constdata                               0x10058c30   Section        4  sdk_eval_config.o(.constdata)
    .constdata                               0x10058c34   Section        4  sdk_eval_config.o(.constdata)
    .constdata                               0x10058c38   Section        4  sdk_eval_config.o(.constdata)
    .constdata                               0x10058c3c   Section       52  ble_chat_main.o(.constdata)
    .noinit.stacklib_flash_data              0x1007f000   Section     2048  ble_chat_main.o(.noinit.stacklib_flash_data)
    .noinit.stacklib_stored_device_id_data   0x1007f800   Section       56  ble_chat_main.o(.noinit.stacklib_stored_device_id_data)
    .ota_sw_activation                       0x20000004   Section        4  system_bluenrg1.o(.ota_sw_activation)
    .savedMSP                                0x20000008   Section        4  system_bluenrg1.o(.savedMSP)
    __tagsym$$used                           0x20000008   Number         0  system_bluenrg1.o(.savedMSP)
    .wakeupFromSleepFlag                     0x2000000c   Section        1  system_bluenrg1.o(.wakeupFromSleepFlag)
    __tagsym$$used                           0x2000000c   Number         0  system_bluenrg1.o(.wakeupFromSleepFlag)
    .app_base                                0x20000010   Section        4  system_bluenrg1.o(.app_base)
    __tagsym$$used                           0x20000010   Number         0  system_bluenrg1.o(.app_base)
    .flash_sw_lock                           0x20000014   Section        4  system_bluenrg1.o(.flash_sw_lock)
    __tagsym$$used                           0x20000014   Number         0  system_bluenrg1.o(.flash_sw_lock)
    .rfTimeout                               0x20000018   Section        4  system_bluenrg1.o(.rfTimeout)
    __tagsym$$used                           0x20000018   Number         0  system_bluenrg1.o(.rfTimeout)
    .BOR_config                              0x2000001c   Section        7  system_bluenrg1.o(.BOR_config)
    __tagsym$$used                           0x2000001c   Number         0  system_bluenrg1.o(.BOR_config)
    .__blueflag_RAM                          0x20000030   Section        4  system_bluenrg1.o(.__blueflag_RAM)
    __tagsym$$used                           0x20000030   Number         0  system_bluenrg1.o(.__blueflag_RAM)
    .bss.__blue_RAM                          0x200000c0   Section      524  system_bluenrg1.o(.bss.__blue_RAM)
    __tagsym$$used                           0x200000c0   Number         0  system_bluenrg1.o(.bss.__blue_RAM)
    .data                                    0x20000460   Section        4  clock.o(.data)
    sys_tick_count                           0x20000460   Data           4  clock.o(.data)
    .data                                    0x20000464   Section       12  sdk_eval_com.o(.data)
    Read_ptr_in                              0x20000464   Data           4  sdk_eval_com.o(.data)
    Read_ptr_out                             0x20000468   Data           4  sdk_eval_com.o(.data)
    IO_Receive_Data                          0x2000046c   Data           4  sdk_eval_com.o(.data)
    .data                                    0x20000470   Section        4  sdk_eval_com.o(.data)
    .data                                    0x20000474   Section        1  sdk_eval_config.o(.data)
    s_SdkEvalVersion                         0x20000474   Data           1  sdk_eval_config.o(.data)
    .data                                    0x20000478   Section        4  system_bluenrg1.o(.data)
    .data                                    0x2000047c   Section        4  system_bluenrg1.o(.data)
    .data                                    0x20000480   Section        4  system_bluenrg1.o(.data)
    .data                                    0x20000484   Section       12  chat.o(.data)
    cmd_buff_end                             0x20000486   Data           2  chat.o(.data)
    cmd_buff_start                           0x20000488   Data           2  chat.o(.data)
    .data                                    0x20000490   Section        6  gatt_db.o(.data)
    .bss                                     0x20000498   Section       32  system_bluenrg1.o(.bss)
    .bss                                     0x200004b8   Section      512  chat.o(.bss)
    cmd                                      0x200004b8   Data         512  chat.o(.bss)
    .bss                                     0x200006b8   Section       32  gatt_db.o(.bss)
    .noinit.data                             0x200006d8   Section     8784  ble_chat_main.o(.noinit.data)

    Global Symbols

    Symbol Name                              Value     Ov Type        Size  Object(Section)

    BuildAttributes$$THM_ISAv3M$S$PE$A:L22$X:L11$S22$IEEE1$IW$USESV6$~STKCKD$USESV7$~SHL$OTIME$ROPI$EBA8$MICROLIB$REQ8$EABIv2 0x00000000   Number         0  anon$$obj.o ABSOLUTE
    __ARM_use_no_argv                        0x00000000   Number         0  ble_chat_main.o ABSOLUTE
    _printf_a                                0x00000000   Number         0  stubs.o ABSOLUTE
    _printf_c                                0x00000000   Number         0  stubs.o ABSOLUTE
    _printf_charcount                        0x00000000   Number         0  stubs.o ABSOLUTE
    _printf_d                                0x00000000   Number         0  stubs.o ABSOLUTE
    _printf_e                                0x00000000   Number         0  stubs.o ABSOLUTE
    _printf_f                                0x00000000   Number         0  stubs.o ABSOLUTE
    _printf_flags                            0x00000000   Number         0  stubs.o ABSOLUTE
    _printf_fp_dec                           0x00000000   Number         0  stubs.o ABSOLUTE
    _printf_fp_hex                           0x00000000   Number         0  stubs.o ABSOLUTE
    _printf_g                                0x00000000   Number         0  stubs.o ABSOLUTE
    _printf_i                                0x00000000   Number         0  stubs.o ABSOLUTE
    _printf_int_dec                          0x00000000   Number         0  stubs.o ABSOLUTE
    _printf_l                                0x00000000   Number         0  stubs.o ABSOLUTE
    _printf_lc                               0x00000000   Number         0  stubs.o ABSOLUTE
    _printf_ll                               0x00000000   Number         0  stubs.o ABSOLUTE
    _printf_lld                              0x00000000   Number         0  stubs.o ABSOLUTE
    _printf_lli                              0x00000000   Number         0  stubs.o ABSOLUTE
    _printf_llo                              0x00000000   Number         0  stubs.o ABSOLUTE
    _printf_llu                              0x00000000   Number         0  stubs.o ABSOLUTE
    _printf_llx                              0x00000000   Number         0  stubs.o ABSOLUTE
    _printf_longlong_dec                     0x00000000   Number         0  stubs.o ABSOLUTE
    _printf_longlong_hex                     0x00000000   Number         0  stubs.o ABSOLUTE
    _printf_longlong_oct                     0x00000000   Number         0  stubs.o ABSOLUTE
    _printf_ls                               0x00000000   Number         0  stubs.o ABSOLUTE
    _printf_mbtowc                           0x00000000   Number         0  stubs.o ABSOLUTE
    _printf_n                                0x00000000   Number         0  stubs.o ABSOLUTE
    _printf_o                                0x00000000   Number         0  stubs.o ABSOLUTE
    _printf_p                                0x00000000   Number         0  stubs.o ABSOLUTE
    _printf_percent                          0x00000000   Number         0  stubs.o ABSOLUTE
    _printf_pre_padding                      0x00000000   Number         0  stubs.o ABSOLUTE
    _printf_return_value                     0x00000000   Number         0  stubs.o ABSOLUTE
    _printf_s                                0x00000000   Number         0  stubs.o ABSOLUTE
    _printf_sizespec                         0x00000000   Number         0  stubs.o ABSOLUTE
    _printf_str                              0x00000000   Number         0  stubs.o ABSOLUTE
    _printf_truncate_signed                  0x00000000   Number         0  stubs.o ABSOLUTE
    _printf_truncate_unsigned                0x00000000   Number         0  stubs.o ABSOLUTE
    _printf_u                                0x00000000   Number         0  stubs.o ABSOLUTE
    _printf_wc                               0x00000000   Number         0  stubs.o ABSOLUTE
    _printf_wctomb                           0x00000000   Number         0  stubs.o ABSOLUTE
    _printf_widthprec                        0x00000000   Number         0  stubs.o ABSOLUTE
    _printf_x                                0x00000000   Number         0  stubs.o ABSOLUTE
    __cpp_initialize__aeabi_                  - Undefined Weak Reference
    __cxa_finalize                            - Undefined Weak Reference
    _clock_init                               - Undefined Weak Reference
    _microlib_exit                            - Undefined Weak Reference
    BTLE_StackTick                           0x10041815   Thumb Code   124  BLE_Static_Stack.o ABSOLUTE
    BlueNRG_Stack_Initialization_nocallbacks 0x10041899   Thumb Code    62  BLE_Static_Stack.o ABSOLUTE
    BlueNRG_Stack_Perform_Deep_Sleep_Check   0x10041b05   Thumb Code   166  BLE_Static_Stack.o ABSOLUTE
    HAL_VTimerAcc_sysT32_ms                  0x10047021   Thumb Code    32  BLE_Static_Stack.o ABSOLUTE
    HAL_VTimerDiff_ms_sysT32                 0x10047045   Thumb Code    12  BLE_Static_Stack.o ABSOLUTE
    HAL_VTimerExpiry_sysT32                  0x10047051   Thumb Code    18  BLE_Static_Stack.o ABSOLUTE
    HAL_VTimerGetCurrentTime_sysT32          0x10047063   Thumb Code    18  BLE_Static_Stack.o ABSOLUTE
    HAL_VTimerStart_ms                       0x10047075   Thumb Code    26  BLE_Static_Stack.o ABSOLUTE
    HAL_VTimerStart_sysT32                   0x1004708f   Thumb Code    26  BLE_Static_Stack.o ABSOLUTE
    HAL_VTimer_Stop                          0x100470b9   Thumb Code    16  BLE_Static_Stack.o ABSOLUTE
    RAL_Isr                                  0x1004c501   Thumb Code   500  BLE_Static_Stack.o ABSOLUTE
    aci_att_execute_write_req                0x1004f639   Thumb Code     8  BLE_Static_Stack.o ABSOLUTE
    aci_att_find_by_type_value_req           0x1004f641   Thumb Code    28  BLE_Static_Stack.o ABSOLUTE
    aci_att_find_info_req                    0x1004f6e5   Thumb Code     8  BLE_Static_Stack.o ABSOLUTE
    aci_att_prepare_write_req                0x1004f781   Thumb Code    20  BLE_Static_Stack.o ABSOLUTE
    aci_att_read_by_group_type_req           0x1004f8d5   Thumb Code    40  BLE_Static_Stack.o ABSOLUTE
    aci_att_read_by_type_req                 0x1004f991   Thumb Code    40  BLE_Static_Stack.o ABSOLUTE
    aci_gap_add_devices_to_resolving_list    0x1004fc3d   Thumb Code     8  BLE_Static_Stack.o ABSOLUTE
    aci_gap_allow_rebond                     0x1004fcd1   Thumb Code     8  BLE_Static_Stack.o ABSOLUTE
    aci_gap_authorization_resp               0x1004fd3d   Thumb Code    20  BLE_Static_Stack.o ABSOLUTE
    aci_gap_clear_security_db                0x1004fd61   Thumb Code     8  BLE_Static_Stack.o ABSOLUTE
    aci_gap_configure_whitelist              0x1004fd69   Thumb Code     8  BLE_Static_Stack.o ABSOLUTE
    aci_gap_create_connection                0x1004fd71   Thumb Code    32  BLE_Static_Stack.o ABSOLUTE
    aci_gap_delete_ad_type                   0x1004fdeb   Thumb Code    24  BLE_Static_Stack.o ABSOLUTE
    aci_gap_get_bonded_devices               0x1004fe05   Thumb Code    20  BLE_Static_Stack.o ABSOLUTE
    aci_gap_get_oob_data                     0x1004fe19   Thumb Code    20  BLE_Static_Stack.o ABSOLUTE
    aci_gap_get_security_level               0x1004fe2d   Thumb Code    10  BLE_Static_Stack.o ABSOLUTE
    aci_gap_init                             0x1004fe37   Thumb Code    48  BLE_Static_Stack.o ABSOLUTE
    aci_gap_is_device_bonded                 0x1004fe67   Thumb Code    32  BLE_Static_Stack.o ABSOLUTE
    aci_gap_numeric_comparison_value_confirm_yesno 0x1004fef9   Thumb Code     8  BLE_Static_Stack.o ABSOLUTE
    aci_gap_pass_key_resp                    0x1004fff9   Thumb Code    18  BLE_Static_Stack.o ABSOLUTE
    aci_gap_passkey_input                    0x10050011   Thumb Code     8  BLE_Static_Stack.o ABSOLUTE
    aci_gap_remove_bonded_device             0x100500b5   Thumb Code    20  BLE_Static_Stack.o ABSOLUTE
    aci_gap_resolve_private_addr             0x100500c9   Thumb Code     8  BLE_Static_Stack.o ABSOLUTE
    aci_gap_send_pairing_req                 0x100500d1   Thumb Code     8  BLE_Static_Stack.o ABSOLUTE
    aci_gap_set_authentication_requirement   0x100500e5   Thumb Code   144  BLE_Static_Stack.o ABSOLUTE
    aci_gap_set_authorization_requirement    0x10050179   Thumb Code    20  BLE_Static_Stack.o ABSOLUTE
    aci_gap_set_broadcast_mode               0x1005018d   Thumb Code    64  BLE_Static_Stack.o ABSOLUTE
    aci_gap_set_direct_connectable           0x100501cd   Thumb Code    36  BLE_Static_Stack.o ABSOLUTE
    aci_gap_set_discoverable                 0x100501f1   Thumb Code    66  BLE_Static_Stack.o ABSOLUTE
    aci_gap_set_event_mask                   0x10050235   Thumb Code    28  BLE_Static_Stack.o ABSOLUTE
    aci_gap_set_io_capability                0x10050255   Thumb Code    16  BLE_Static_Stack.o ABSOLUTE
    aci_gap_set_limited_discoverable         0x10050265   Thumb Code    66  BLE_Static_Stack.o ABSOLUTE
    aci_gap_set_non_connectable              0x100502a7   Thumb Code    20  BLE_Static_Stack.o ABSOLUTE
    aci_gap_set_non_discoverable             0x100502bb   Thumb Code    20  BLE_Static_Stack.o ABSOLUTE
    aci_gap_set_oob_data                     0x100502cf   Thumb Code    40  BLE_Static_Stack.o ABSOLUTE
    aci_gap_set_undirected_connectable       0x100502f7   Thumb Code    20  BLE_Static_Stack.o ABSOLUTE
    aci_gap_slave_security_req               0x1005031d   Thumb Code     8  BLE_Static_Stack.o ABSOLUTE
    aci_gap_start_auto_connection_establish_proc 0x10050325   Thumb Code    32  BLE_Static_Stack.o ABSOLUTE
    aci_gap_start_connection_update          0x10050379   Thumb Code    16  BLE_Static_Stack.o ABSOLUTE
    aci_gap_start_general_connection_establish_proc 0x100503ab   Thumb Code    16  BLE_Static_Stack.o ABSOLUTE
    aci_gap_start_general_discovery_proc     0x100503e5   Thumb Code     8  BLE_Static_Stack.o ABSOLUTE
    aci_gap_start_limited_discovery_proc     0x100503f5   Thumb Code     8  BLE_Static_Stack.o ABSOLUTE
    aci_gap_start_name_discovery_proc        0x10050405   Thumb Code    32  BLE_Static_Stack.o ABSOLUTE
    aci_gap_start_observation_proc           0x10050479   Thumb Code    16  BLE_Static_Stack.o ABSOLUTE
    aci_gap_start_selective_connection_establish_proc 0x100504a5   Thumb Code    22  BLE_Static_Stack.o ABSOLUTE
    aci_gap_terminate                        0x100504ed   Thumb Code     8  BLE_Static_Stack.o ABSOLUTE
    aci_gap_terminate_gap_proc               0x100504f5   Thumb Code     8  BLE_Static_Stack.o ABSOLUTE
    aci_gap_update_adv_data                  0x10050505   Thumb Code    16  BLE_Static_Stack.o ABSOLUTE
    aci_gatt_add_char                        0x10050515   Thumb Code    62  BLE_Static_Stack.o ABSOLUTE
    aci_gatt_add_char_desc                   0x10050553   Thumb Code    80  BLE_Static_Stack.o ABSOLUTE
    aci_gatt_add_service                     0x100505a3   Thumb Code    54  BLE_Static_Stack.o ABSOLUTE
    aci_gatt_allow_read                      0x100505d9   Thumb Code    12  BLE_Static_Stack.o ABSOLUTE
    aci_gatt_confirm_indication              0x10050675   Thumb Code     8  BLE_Static_Stack.o ABSOLUTE
    aci_gatt_del_char                        0x1005067d   Thumb Code     8  BLE_Static_Stack.o ABSOLUTE
    aci_gatt_del_include_service             0x10050685   Thumb Code     8  BLE_Static_Stack.o ABSOLUTE
    aci_gatt_del_service                     0x1005068d   Thumb Code     8  BLE_Static_Stack.o ABSOLUTE
    aci_gatt_deny_read                       0x10050695   Thumb Code    12  BLE_Static_Stack.o ABSOLUTE
    aci_gatt_disc_all_char_desc              0x100506a1   Thumb Code     8  BLE_Static_Stack.o ABSOLUTE
    aci_gatt_disc_all_char_of_service        0x100506a9   Thumb Code     8  BLE_Static_Stack.o ABSOLUTE
    aci_gatt_disc_all_primary_services       0x100506b1   Thumb Code     8  BLE_Static_Stack.o ABSOLUTE
    aci_gatt_disc_char_by_uuid               0x100506b9   Thumb Code    40  BLE_Static_Stack.o ABSOLUTE
    aci_gatt_disc_primary_service_by_uuid    0x100506e1   Thumb Code    32  BLE_Static_Stack.o ABSOLUTE
    aci_gatt_exchange_config                 0x1005082d   Thumb Code     8  BLE_Static_Stack.o ABSOLUTE
    aci_gatt_find_included_services          0x10050835   Thumb Code     8  BLE_Static_Stack.o ABSOLUTE
    aci_gatt_include_service                 0x1005083d   Thumb Code    46  BLE_Static_Stack.o ABSOLUTE
    aci_gatt_init                            0x10050915   Thumb Code     8  BLE_Static_Stack.o ABSOLUTE
    aci_gatt_read_char_desc                  0x10050a55   Thumb Code     8  BLE_Static_Stack.o ABSOLUTE
    aci_gatt_read_char_value                 0x10050a5d   Thumb Code     8  BLE_Static_Stack.o ABSOLUTE
    aci_gatt_read_handle_value               0x10050a65   Thumb Code    84  BLE_Static_Stack.o ABSOLUTE
    aci_gatt_read_long_char_desc             0x10050ab9   Thumb Code     8  BLE_Static_Stack.o ABSOLUTE
    aci_gatt_read_long_char_value            0x10050ac1   Thumb Code     8  BLE_Static_Stack.o ABSOLUTE
    aci_gatt_read_multiple_char_value        0x10050b41   Thumb Code     8  BLE_Static_Stack.o ABSOLUTE
    aci_gatt_read_using_char_uuid            0x10050ba9   Thumb Code    40  BLE_Static_Stack.o ABSOLUTE
    aci_gatt_set_access_permission           0x10050be1   Thumb Code     8  BLE_Static_Stack.o ABSOLUTE
    aci_gatt_set_desc_value                  0x10050be9   Thumb Code    28  BLE_Static_Stack.o ABSOLUTE
    aci_gatt_set_event_mask                  0x10050c05   Thumb Code    22  BLE_Static_Stack.o ABSOLUTE
    aci_gatt_set_security_permission         0x10050c25   Thumb Code     8  BLE_Static_Stack.o ABSOLUTE
    aci_gatt_signed_write_without_resp       0x10050c2d   Thumb Code     8  BLE_Static_Stack.o ABSOLUTE
    aci_gatt_update_char_value               0x10050c45   Thumb Code    20  BLE_Static_Stack.o ABSOLUTE
    aci_gatt_update_char_value_ext           0x10050c59   Thumb Code    34  BLE_Static_Stack.o ABSOLUTE
    aci_gatt_write_char_desc                 0x10050c7b   Thumb Code     8  BLE_Static_Stack.o ABSOLUTE
    aci_gatt_write_char_reliable             0x10050c83   Thumb Code    20  BLE_Static_Stack.o ABSOLUTE
    aci_gatt_write_char_value                0x10050c97   Thumb Code     8  BLE_Static_Stack.o ABSOLUTE
    aci_gatt_write_long_char_desc            0x10050c9f   Thumb Code    20  BLE_Static_Stack.o ABSOLUTE
    aci_gatt_write_long_char_value           0x10050cb3   Thumb Code    20  BLE_Static_Stack.o ABSOLUTE
    aci_gatt_write_resp                      0x10050d4d   Thumb Code    28  BLE_Static_Stack.o ABSOLUTE
    aci_gatt_write_without_resp              0x10050d69   Thumb Code     8  BLE_Static_Stack.o ABSOLUTE
    aci_hal_get_anchor_period                0x10050ded   Thumb Code     8  BLE_Static_Stack.o ABSOLUTE
    aci_hal_get_fw_build_number              0x10050df5   Thumb Code     8  BLE_Static_Stack.o ABSOLUTE
    aci_hal_get_link_status                  0x10050e01   Thumb Code    74  BLE_Static_Stack.o ABSOLUTE
    aci_hal_le_tx_test_packet_number         0x10050e55   Thumb Code    20  BLE_Static_Stack.o ABSOLUTE
    aci_hal_read_config_data                 0x10050e6d   Thumb Code     8  BLE_Static_Stack.o ABSOLUTE
    aci_hal_set_event_mask                   0x10050e85   Thumb Code    22  BLE_Static_Stack.o ABSOLUTE
    aci_hal_set_radio_activity_mask          0x10050ea5   Thumb Code    12  BLE_Static_Stack.o ABSOLUTE
    aci_hal_set_tx_power_level               0x10050eb5   Thumb Code     8  BLE_Static_Stack.o ABSOLUTE
    aci_hal_tone_start                       0x10050ebd   Thumb Code   214  BLE_Static_Stack.o ABSOLUTE
    aci_hal_tone_stop                        0x10050f9d   Thumb Code    64  BLE_Static_Stack.o ABSOLUTE
    aci_hal_write_config_data                0x10050fe1   Thumb Code     8  BLE_Static_Stack.o ABSOLUTE
    aci_l2cap_connection_parameter_update_req 0x10051001   Thumb Code    24  BLE_Static_Stack.o ABSOLUTE
    aci_l2cap_connection_parameter_update_resp 0x10051019   Thumb Code    26  BLE_Static_Stack.o ABSOLUTE
    hci_disconnect                           0x100535fd   Thumb Code     8  BLE_Static_Stack.o ABSOLUTE
    hci_le_add_device_to_resolving_list      0x100536f9   Thumb Code     8  BLE_Static_Stack.o ABSOLUTE
    hci_le_add_device_to_white_list          0x10053743   Thumb Code    50  BLE_Static_Stack.o ABSOLUTE
    hci_le_clear_resolving_list              0x10053819   Thumb Code     8  BLE_Static_Stack.o ABSOLUTE
    hci_le_clear_white_list                  0x10053829   Thumb Code     8  BLE_Static_Stack.o ABSOLUTE
    hci_le_connection_update                 0x100538ed   Thumb Code    16  BLE_Static_Stack.o ABSOLUTE
    hci_le_create_connection                 0x100539fd   Thumb Code    48  BLE_Static_Stack.o ABSOLUTE
    hci_le_create_connection_cancel          0x10053abf   Thumb Code     8  BLE_Static_Stack.o ABSOLUTE
    hci_le_encrypt                           0x10053b85   Thumb Code    10  BLE_Static_Stack.o ABSOLUTE
    hci_le_generate_dhkey                    0x10053bcd   Thumb Code     8  BLE_Static_Stack.o ABSOLUTE
    hci_le_long_term_key_request_reply       0x10053c71   Thumb Code    14  BLE_Static_Stack.o ABSOLUTE
    hci_le_long_term_key_requested_negative_reply 0x10053c7f   Thumb Code    14  BLE_Static_Stack.o ABSOLUTE
    hci_le_rand                              0x10053c8d   Thumb Code     8  BLE_Static_Stack.o ABSOLUTE
    hci_le_read_advertising_channel_tx_power 0x10053c95   Thumb Code     8  BLE_Static_Stack.o ABSOLUTE
    hci_le_read_buffer_size                  0x10053c9d   Thumb Code    50  BLE_Static_Stack.o ABSOLUTE
    hci_le_read_channel_map                  0x10053cd5   Thumb Code     8  BLE_Static_Stack.o ABSOLUTE
    hci_le_read_local_p256_public_key        0x10053cdd   Thumb Code     8  BLE_Static_Stack.o ABSOLUTE
    hci_le_read_local_resolvable_address     0x10053d31   Thumb Code     8  BLE_Static_Stack.o ABSOLUTE
    hci_le_read_local_supported_features     0x10053d61   Thumb Code    10  BLE_Static_Stack.o ABSOLUTE
    hci_le_read_maximum_data_length          0x10053d6b   Thumb Code     8  BLE_Static_Stack.o ABSOLUTE
    hci_le_read_peer_resolvable_address      0x10053d7b   Thumb Code     8  BLE_Static_Stack.o ABSOLUTE
    hci_le_read_remote_used_features         0x10053dad   Thumb Code    18  BLE_Static_Stack.o ABSOLUTE
    hci_le_read_resolving_list_size          0x10053dd5   Thumb Code     8  BLE_Static_Stack.o ABSOLUTE
    hci_le_read_suggested_default_data_length 0x10053deb   Thumb Code     8  BLE_Static_Stack.o ABSOLUTE
    hci_le_read_supported_states             0x10053dfb   Thumb Code    10  BLE_Static_Stack.o ABSOLUTE
    hci_le_read_white_list_size              0x10053e05   Thumb Code    14  BLE_Static_Stack.o ABSOLUTE
    hci_le_receiver_test                     0x10053e15   Thumb Code    38  BLE_Static_Stack.o ABSOLUTE
    hci_le_remove_device_from_resolving_list 0x10053e41   Thumb Code     8  BLE_Static_Stack.o ABSOLUTE
    hci_le_remove_device_from_white_list     0x10053e61   Thumb Code    36  BLE_Static_Stack.o ABSOLUTE
    hci_le_set_address_resolution_enable     0x10053e85   Thumb Code     8  BLE_Static_Stack.o ABSOLUTE
    hci_le_set_advertise_enable              0x10053ea1   Thumb Code    60  BLE_Static_Stack.o ABSOLUTE
    hci_le_set_advertising_data              0x10053ee1   Thumb Code    22  BLE_Static_Stack.o ABSOLUTE
    hci_le_set_advertising_parameters        0x10053ef9   Thumb Code   148  BLE_Static_Stack.o ABSOLUTE
    hci_le_set_data_length                   0x10053f91   Thumb Code     8  BLE_Static_Stack.o ABSOLUTE
    hci_le_set_event_mask                    0x10053fb9   Thumb Code    58  BLE_Static_Stack.o ABSOLUTE
    hci_le_set_host_channel_classification   0x10053ff9   Thumb Code     8  BLE_Static_Stack.o ABSOLUTE
    hci_le_set_privacy_mode                  0x10054009   Thumb Code     8  BLE_Static_Stack.o ABSOLUTE
    hci_le_set_random_address                0x10054039   Thumb Code    80  BLE_Static_Stack.o ABSOLUTE
    hci_le_set_resolvable_private_address_timeout 0x10054091   Thumb Code     8  BLE_Static_Stack.o ABSOLUTE
    hci_le_set_scan_enable                   0x100540a1   Thumb Code     8  BLE_Static_Stack.o ABSOLUTE
    hci_le_set_scan_parameters               0x100540f5   Thumb Code    12  BLE_Static_Stack.o ABSOLUTE
    hci_le_set_scan_response_data            0x10054159   Thumb Code    22  BLE_Static_Stack.o ABSOLUTE
    hci_le_start_encryption                  0x1005416f   Thumb Code     8  BLE_Static_Stack.o ABSOLUTE
    hci_le_test_end                          0x10054195   Thumb Code    30  BLE_Static_Stack.o ABSOLUTE
    hci_le_transmitter_test                  0x100541b9   Thumb Code    70  BLE_Static_Stack.o ABSOLUTE
    hci_le_write_suggested_default_data_length 0x10054205   Thumb Code     8  BLE_Static_Stack.o ABSOLUTE
    hci_read_bd_addr                         0x1005429d   Thumb Code    18  BLE_Static_Stack.o ABSOLUTE
    hci_read_local_supported_commands        0x100542b5   Thumb Code   142  BLE_Static_Stack.o ABSOLUTE
    hci_read_local_supported_features        0x10054343   Thumb Code    20  BLE_Static_Stack.o ABSOLUTE
    hci_read_local_version_information       0x10054359   Thumb Code    32  BLE_Static_Stack.o ABSOLUTE
    hci_read_remote_version_information      0x1005437d   Thumb Code   108  BLE_Static_Stack.o ABSOLUTE
    hci_read_rssi                            0x10054405   Thumb Code    22  BLE_Static_Stack.o ABSOLUTE
    hci_read_transmit_power_level            0x1005441b   Thumb Code    32  BLE_Static_Stack.o ABSOLUTE
    hci_reset                                0x1005443b   Thumb Code    10  BLE_Static_Stack.o ABSOLUTE
    hci_set_event_mask                       0x100544b5   Thumb Code    34  BLE_Static_Stack.o ABSOLUTE
    __vector_table                           0x10057000   Data         192  system_bluenrg1.o(.intvec)
    CS_contextSave                           0x100570c1   Thumb Code    82  context_switch.o(. text)
    CS_contextRestore                        0x10057113   Thumb Code    42  context_switch.o(. text)
    __main                                   0x10057161   Thumb Code     0  entry.o(.ARM.Collect$$$$00000000)
    _main_stk                                0x10057161   Thumb Code     0  entry3.o(.ARM.Collect$$$$00000002)
    _main_scatterload                        0x10057165   Thumb Code     0  entry5.o(.ARM.Collect$$$$00000004)
    __main_after_scatterload                 0x10057169   Thumb Code     0  entry5.o(.ARM.Collect$$$$00000004)
    _main_clock                              0x10057169   Thumb Code     0  entry7b.o(.ARM.Collect$$$$00000008)
    _main_cpp_init                           0x10057169   Thumb Code     0  entry8b.o(.ARM.Collect$$$$0000000A)
    _main_init                               0x10057169   Thumb Code     0  entry9a.o(.ARM.Collect$$$$0000000B)
    __rt_final_cpp                           0x10057171   Thumb Code     0  entry10a.o(.ARM.Collect$$$$0000000D)
    __rt_final_exit                          0x10057171   Thumb Code     0  entry11a.o(.ARM.Collect$$$$0000000F)
    __aeabi_uidiv                            0x10057175   Thumb Code     0  uidiv.o(.text)
    __aeabi_uidivmod                         0x10057175   Thumb Code    44  uidiv.o(.text)
    ___aeabi_memcpy8$ret                     0x100571a1   Thumb Code     0  memcpy.o(.text)
    __aeabi_memcpy                           0x100571a1   Thumb Code    40  memcpy.o(.text)
    __aeabi_memcpy4                          0x100571a1   Thumb Code     0  memcpy.o(.text)
    memcpy                                   0x100571a1   Thumb Code     0  memcpy.o(.text)
    __aeabi_uldivmod                         0x100571c9   Thumb Code    96  uldiv.o(.text)
    __aeabi_llsl                             0x10057229   Thumb Code    32  llshl.o(.text)
    _ll_shift_l                              0x10057229   Thumb Code     0  llshl.o(.text)
    __scatterload                            0x10057249   Thumb Code    28  init.o(.text)
    __scatterload_rt2                        0x10057249   Thumb Code     0  init.o(.text)
    __aeabi_llsr                             0x1005726d   Thumb Code    34  llushr.o(.text)
    _ll_ushift_r                             0x1005726d   Thumb Code     0  llushr.o(.text)
    __decompress                             0x1005728f   Thumb Code     0  __dczerorl.o(.text)
    __decompress0                            0x1005728f   Thumb Code    58  __dczerorl.o(.text)
    ADC_Handler                              0x100572c9   Thumb Code     2  system_bluenrg1.o(i.ADC_Handler)
    APP_Tick                                 0x100572cd   Thumb Code    28  chat.o(i.APP_Tick)
    Add_Chat_Service                         0x100572ed   Thumb Code   176  gatt_db.o(i.Add_Chat_Service)
    Attribute_Modified_CB                    0x10057439   Thumb Code    62  gatt_db.o(i.Attribute_Modified_CB)
    BOR_ConfigSave                           0x10057485   Thumb Code    54  system_bluenrg1.o(i.BOR_ConfigSave)
    BlueNRG_Stack_Initialization             0x100574c5   Thumb Code   244  bluenrg1_stack_init_if.o(i.BlueNRG_Stack_Initialization)
    Blue_Handler                             0x100576a5   Thumb Code     8  bluenrg1_it.o(i.Blue_Handler)
    CHAT_DeviceInit                          0x100576ad   Thumb Code   180  chat.o(i.CHAT_DeviceInit)
    Clock_Init                               0x100578c9   Thumb Code    32  clock.o(i.Clock_Init)
    DMA_Handler                              0x100578f5   Thumb Code     2  system_bluenrg1.o(i.DMA_Handler)
    DeviceConfiguration                      0x100578f9   Thumb Code   298  system_bluenrg1.o(i.DeviceConfiguration)
    GPIO_Handler                             0x10057a5d   Thumb Code     2  bluenrg1_it.o(i.GPIO_Handler)
    GPIO_Init                                0x10057a61   Thumb Code   206  bluenrg1_gpio.o(i.GPIO_Init)
    GPIO_ReadBit                             0x10057b35   Thumb Code    18  bluenrg1_gpio.o(i.GPIO_ReadBit)
    Get_ButtonGpioPin                        0x10057b49   Thumb Code    40  sdk_eval_button.o(i.Get_ButtonGpioPin)
    HAL_GetPartInfo                          0x10057b75   Thumb Code    76  miscutil.o(i.HAL_GetPartInfo)
    HAL_VTimerTimeoutCallback                0x10057bd5   Thumb Code     2  bluenrg1_stack_init_if.o(i.HAL_VTimerTimeoutCallback)
    HardFault_Handler                        0x10057bd7   Thumb Code     2  bluenrg1_it.o(i.HardFault_Handler)
    I2C1_Handler                             0x10057bd9   Thumb Code     2  system_bluenrg1.o(i.I2C1_Handler)
    I2C2_Handler                             0x10057bdb   Thumb Code     2  system_bluenrg1.o(i.I2C2_Handler)
    MFT1A_Handler                            0x10057bdd   Thumb Code     2  system_bluenrg1.o(i.MFT1A_Handler)
    MFT1B_Handler                            0x10057bdf   Thumb Code     2  system_bluenrg1.o(i.MFT1B_Handler)
    MFT2A_Handler                            0x10057be1   Thumb Code     2  system_bluenrg1.o(i.MFT2A_Handler)
    MFT2B_Handler                            0x10057be3   Thumb Code     2  system_bluenrg1.o(i.MFT2B_Handler)
    Make_Connection                          0x10057be5   Thumb Code   116  chat.o(i.Make_Connection)
    NMI_Handler                              0x10057ce5   Thumb Code     2  bluenrg1_it.o(i.NMI_Handler)
    NVIC_Init                                0x10057ce9   Thumb Code   124  misc.o(i.NVIC_Init)
    NVM_Handler                              0x10057dcd   Thumb Code     2  system_bluenrg1.o(i.NVM_Handler)
    OTA_Jump_To_Service_Manager_Application  0x10057dd1   Thumb Code    10  ota_btl.o(i.OTA_Jump_To_Service_Manager_Application)
    Osal_MemCpy                              0x10057de5   Thumb Code     8  osal.o(i.Osal_MemCpy)
    PKA_Handler                              0x10057ded   Thumb Code     2  system_bluenrg1.o(i.PKA_Handler)
    PendSV_Handler                           0x10057def   Thumb Code     2  system_bluenrg1.o(i.PendSV_Handler)
    Process_InputData                        0x10057df1   Thumb Code    98  chat.o(i.Process_InputData)
    RESET_HANDLER                            0x10057e65   Thumb Code    26  system_bluenrg1.o(i.RESET_HANDLER)
    RTC_Handler                              0x10057e85   Thumb Code     2  system_bluenrg1.o(i.RTC_Handler)
    SET_BORconfigStatus                      0x10057e89   Thumb Code    54  system_bluenrg1.o(i.SET_BORconfigStatus)
    SPI_Handler                              0x10057ec5   Thumb Code     2  system_bluenrg1.o(i.SPI_Handler)
    SVC_Handler                              0x10057ec7   Thumb Code     2  bluenrg1_it.o(i.SVC_Handler)
    SdkEvalComIOConfig                       0x10057ec9   Thumb Code    22  sdk_eval_com.o(i.SdkEvalComIOConfig)
    SdkEvalComIOReceiveData                  0x10057ee5   Thumb Code    12  sdk_eval_com.o(i.SdkEvalComIOReceiveData)
    SdkEvalComIOSendData                     0x10057ef5   Thumb Code     8  sdk_eval_com.o(i.SdkEvalComIOSendData)
    SdkEvalComIOUartIrqHandler               0x10057efd   Thumb Code    42  sdk_eval_com.o(i.SdkEvalComIOUartIrqHandler)
    SdkEvalComUartInit                       0x10057f29   Thumb Code   144  sdk_eval_com.o(i.SdkEvalComUartInit)
    SdkEvalComUartIrqConfig                  0x10057fc9   Thumb Code    32  sdk_eval_com.o(i.SdkEvalComUartIrqConfig)
    SdkEvalGetVersion                        0x10057fe9   Thumb Code     6  sdk_eval_config.o(i.SdkEvalGetVersion)
    SdkEvalIdentification                    0x10057ff5   Thumb Code     8  sdk_eval_config.o(i.SdkEvalIdentification)
    SdkEvalPushButtonGetState                0x10058001   Thumb Code    18  sdk_eval_button.o(i.SdkEvalPushButtonGetState)
    SdkEvalPushButtonInit                    0x10058013   Thumb Code    38  sdk_eval_button.o(i.SdkEvalPushButtonInit)
    Send_Data_Over_BLE                       0x10058051   Thumb Code   108  chat.o(i.Send_Data_Over_BLE)
    Set_RF_FrontEnd                          0x100580d1   Thumb Code    66  system_bluenrg1.o(i.Set_RF_FrontEnd)
    SysCount_Handler                         0x10058119   Thumb Code    10  clock.o(i.SysCount_Handler)
    SysCtrl_GetWakeupResetReason             0x10058129   Thumb Code   138  bluenrg1_sysctrl.o(i.SysCtrl_GetWakeupResetReason)
    SysCtrl_PeripheralClockCmd               0x100581c1   Thumb Code    18  bluenrg1_sysctrl.o(i.SysCtrl_PeripheralClockCmd)
    SysTick_Handler                          0x100581d9   Thumb Code     8  bluenrg1_it.o(i.SysTick_Handler)
    SystemInit                               0x100581e1   Thumb Code   170  system_bluenrg1.o(i.SystemInit)
    UART_Cmd                                 0x10058299   Thumb Code    22  bluenrg1_uart.o(i.UART_Cmd)
    UART_GetFlagStatus                       0x100582b5   Thumb Code    24  bluenrg1_uart.o(i.UART_GetFlagStatus)
    UART_GetITStatus                         0x100582d1   Thumb Code    16  bluenrg1_uart.o(i.UART_GetITStatus)
    UART_Handler                             0x100582e5   Thumb Code     8  bluenrg1_it.o(i.UART_Handler)
    UART_ITConfig                            0x100582ed   Thumb Code    18  bluenrg1_uart.o(i.UART_ITConfig)
    UART_Init                                0x10058305   Thumb Code   302  bluenrg1_uart.o(i.UART_Init)
    UART_ReceiveData                         0x1005843d   Thumb Code     8  bluenrg1_uart.o(i.UART_ReceiveData)
    UART_RxFifoIrqLevelConfig                0x10058449   Thumb Code    18  bluenrg1_uart.o(i.UART_RxFifoIrqLevelConfig)
    UART_SendData                            0x10058461   Thumb Code    10  bluenrg1_uart.o(i.UART_SendData)
    WDG_Handler                              0x10058471   Thumb Code     2  system_bluenrg1.o(i.WDG_Handler)
    __0printf$8                              0x10058475   Thumb Code    24  printf8.o(i.__0printf$8)
    __1printf$8                              0x10058475   Thumb Code     0  printf8.o(i.__0printf$8)
    __2printf                                0x10058475   Thumb Code     0  printf8.o(i.__0printf$8)
    __low_level_init                         0x10058495   Thumb Code   162  system_bluenrg1.o(i.__low_level_init)
    __scatterload_copy                       0x10058555   Thumb Code    14  handlers.o(i.__scatterload_copy)
    __scatterload_null                       0x10058563   Thumb Code     2  handlers.o(i.__scatterload_null)
    __scatterload_zeroinit                   0x10058565   Thumb Code    14  handlers.o(i.__scatterload_zeroinit)
    aci_att_exchange_mtu_resp_event          0x100589e9   Thumb Code     2  bluenrg1_stack_init_if.o(i.aci_att_exchange_mtu_resp_event)
    aci_att_exec_write_resp_event            0x100589eb   Thumb Code     2  bluenrg1_stack_init_if.o(i.aci_att_exec_write_resp_event)
    aci_att_find_by_type_value_resp_event    0x100589ed   Thumb Code     2  bluenrg1_stack_init_if.o(i.aci_att_find_by_type_value_resp_event)
    aci_att_find_info_resp_event             0x100589ef   Thumb Code     2  bluenrg1_stack_init_if.o(i.aci_att_find_info_resp_event)
    aci_att_prepare_write_resp_event         0x100589f1   Thumb Code     2  bluenrg1_stack_init_if.o(i.aci_att_prepare_write_resp_event)
    aci_att_read_blob_resp_event             0x100589f3   Thumb Code     2  bluenrg1_stack_init_if.o(i.aci_att_read_blob_resp_event)
    aci_att_read_by_group_type_resp_event    0x100589f5   Thumb Code     2  bluenrg1_stack_init_if.o(i.aci_att_read_by_group_type_resp_event)
    aci_att_read_by_type_resp_event          0x100589f7   Thumb Code     2  bluenrg1_stack_init_if.o(i.aci_att_read_by_type_resp_event)
    aci_att_read_multiple_resp_event         0x100589f9   Thumb Code     2  bluenrg1_stack_init_if.o(i.aci_att_read_multiple_resp_event)
    aci_att_read_resp_event                  0x100589fb   Thumb Code     2  bluenrg1_stack_init_if.o(i.aci_att_read_resp_event)
    aci_gap_addr_not_resolved_event          0x100589fd   Thumb Code     2  bluenrg1_stack_init_if.o(i.aci_gap_addr_not_resolved_event)
    aci_gap_authorization_req_event          0x100589ff   Thumb Code     2  bluenrg1_stack_init_if.o(i.aci_gap_authorization_req_event)
    aci_gap_bond_lost_event                  0x10058a01   Thumb Code     2  bluenrg1_stack_init_if.o(i.aci_gap_bond_lost_event)
    aci_gap_keypress_notification_event      0x10058a03   Thumb Code     2  bluenrg1_stack_init_if.o(i.aci_gap_keypress_notification_event)
    aci_gap_limited_discoverable_event       0x10058a05   Thumb Code     2  bluenrg1_stack_init_if.o(i.aci_gap_limited_discoverable_event)
    aci_gap_numeric_comparison_value_event   0x10058a07   Thumb Code     2  bluenrg1_stack_init_if.o(i.aci_gap_numeric_comparison_value_event)
    aci_gap_pairing_complete_event           0x10058a09   Thumb Code     2  bluenrg1_stack_init_if.o(i.aci_gap_pairing_complete_event)
    aci_gap_pass_key_req_event               0x10058a0b   Thumb Code     2  bluenrg1_stack_init_if.o(i.aci_gap_pass_key_req_event)
    aci_gap_proc_complete_event              0x10058a0d   Thumb Code     2  bluenrg1_stack_init_if.o(i.aci_gap_proc_complete_event)
    aci_gap_slave_security_initiated_event   0x10058a0f   Thumb Code     2  bluenrg1_stack_init_if.o(i.aci_gap_slave_security_initiated_event)
    aci_gatt_attribute_modified_event        0x10058a11   Thumb Code    14  chat.o(i.aci_gatt_attribute_modified_event)
    aci_gatt_disc_read_char_by_uuid_resp_event 0x10058a1f   Thumb Code     2  bluenrg1_stack_init_if.o(i.aci_gatt_disc_read_char_by_uuid_resp_event)
    aci_gatt_error_resp_event                0x10058a21   Thumb Code     2  bluenrg1_stack_init_if.o(i.aci_gatt_error_resp_event)
    aci_gatt_indication_event                0x10058a23   Thumb Code     2  bluenrg1_stack_init_if.o(i.aci_gatt_indication_event)
    aci_gatt_notification_event              0x10058a25   Thumb Code     2  bluenrg1_stack_init_if.o(i.aci_gatt_notification_event)
    aci_gatt_prepare_write_permit_req_event  0x10058a27   Thumb Code     2  bluenrg1_stack_init_if.o(i.aci_gatt_prepare_write_permit_req_event)
    aci_gatt_proc_complete_event             0x10058a29   Thumb Code     2  bluenrg1_stack_init_if.o(i.aci_gatt_proc_complete_event)
    aci_gatt_proc_timeout_event              0x10058a2b   Thumb Code     2  bluenrg1_stack_init_if.o(i.aci_gatt_proc_timeout_event)
    aci_gatt_read_multi_permit_req_event     0x10058a2d   Thumb Code     2  bluenrg1_stack_init_if.o(i.aci_gatt_read_multi_permit_req_event)
    aci_gatt_read_permit_req_event           0x10058a2f   Thumb Code     2  chat.o(i.aci_gatt_read_permit_req_event)
    aci_gatt_server_confirmation_event       0x10058a31   Thumb Code     2  bluenrg1_stack_init_if.o(i.aci_gatt_server_confirmation_event)
    aci_gatt_tx_pool_available_event         0x10058a35   Thumb Code    12  chat.o(i.aci_gatt_tx_pool_available_event)
    aci_gatt_write_permit_req_event          0x10058a45   Thumb Code     2  bluenrg1_stack_init_if.o(i.aci_gatt_write_permit_req_event)
    aci_hal_end_of_radio_activity_event      0x10058a47   Thumb Code     2  chat.o(i.aci_hal_end_of_radio_activity_event)
    aci_hal_fw_error_event                   0x10058a49   Thumb Code    22  ble_chat_main.o(i.aci_hal_fw_error_event)
    aci_hal_scan_req_report_event            0x10058a5f   Thumb Code     2  bluenrg1_stack_init_if.o(i.aci_hal_scan_req_report_event)
    aci_l2cap_command_reject_event           0x10058a61   Thumb Code     2  bluenrg1_stack_init_if.o(i.aci_l2cap_command_reject_event)
    aci_l2cap_connection_update_req_event    0x10058a63   Thumb Code     2  bluenrg1_stack_init_if.o(i.aci_l2cap_connection_update_req_event)
    aci_l2cap_connection_update_resp_event   0x10058a65   Thumb Code     2  bluenrg1_stack_init_if.o(i.aci_l2cap_connection_update_resp_event)
    aci_l2cap_proc_timeout_event             0x10058a67   Thumb Code     2  bluenrg1_stack_init_if.o(i.aci_l2cap_proc_timeout_event)
    fputc                                    0x10058a69   Thumb Code    12  sdk_eval_com.o(i.fputc)
    hci_data_buffer_overflow_event           0x10058a75   Thumb Code     2  bluenrg1_stack_init_if.o(i.hci_data_buffer_overflow_event)
    hci_disconnection_complete_event         0x10058a79   Thumb Code    68  chat.o(i.hci_disconnection_complete_event)
    hci_encryption_change_event              0x10058ac1   Thumb Code     2  bluenrg1_stack_init_if.o(i.hci_encryption_change_event)
    hci_encryption_key_refresh_complete_event 0x10058ac3   Thumb Code     2  bluenrg1_stack_init_if.o(i.hci_encryption_key_refresh_complete_event)
    hci_hardware_error_event                 0x10058ac5   Thumb Code    16  ble_chat_main.o(i.hci_hardware_error_event)
    hci_le_advertising_report_event          0x10058add   Thumb Code     2  bluenrg1_stack_init_if.o(i.hci_le_advertising_report_event)
    hci_le_connection_complete_event         0x10058ae1   Thumb Code    14  chat.o(i.hci_le_connection_complete_event)
    hci_le_connection_update_complete_event  0x10058af5   Thumb Code     2  bluenrg1_stack_init_if.o(i.hci_le_connection_update_complete_event)
    hci_le_data_length_change_event          0x10058af7   Thumb Code     2  bluenrg1_stack_init_if.o(i.hci_le_data_length_change_event)
    hci_le_direct_advertising_report_event   0x10058af9   Thumb Code     2  bluenrg1_stack_init_if.o(i.hci_le_direct_advertising_report_event)
    hci_le_enhanced_connection_complete_event 0x10058afb   Thumb Code     2  bluenrg1_stack_init_if.o(i.hci_le_enhanced_connection_complete_event)
    hci_le_generate_dhkey_complete_event     0x10058afd   Thumb Code     2  bluenrg1_stack_init_if.o(i.hci_le_generate_dhkey_complete_event)
    hci_le_long_term_key_request_event       0x10058aff   Thumb Code     2  bluenrg1_stack_init_if.o(i.hci_le_long_term_key_request_event)
    hci_le_read_local_p256_public_key_complete_event 0x10058b01   Thumb Code     2  bluenrg1_stack_init_if.o(i.hci_le_read_local_p256_public_key_complete_event)
    hci_le_read_remote_used_features_complete_event 0x10058b03   Thumb Code     2  bluenrg1_stack_init_if.o(i.hci_le_read_remote_used_features_complete_event)
    hci_number_of_completed_packets_event    0x10058b05   Thumb Code     2  bluenrg1_stack_init_if.o(i.hci_number_of_completed_packets_event)
    hci_read_remote_version_information_complete_event 0x10058b07   Thumb Code     2  bluenrg1_stack_init_if.o(i.hci_read_remote_version_information_complete_event)
    main                                     0x10058b09   Thumb Code    96  ble_chat_main.o(i.main)
    s_vectnButtonPinVersion                  0x10058c24   Data           8  sdk_eval_config.o(.constdata)
    s_UartTxPinVersion                       0x10058c2c   Data           4  sdk_eval_config.o(.constdata)
    s_UartTxModeVersion                      0x10058c30   Data           4  sdk_eval_config.o(.constdata)
    s_UartRxPinVersion                       0x10058c34   Data           4  sdk_eval_config.o(.constdata)
    s_UartRxModeVersion                      0x10058c38   Data           4  sdk_eval_config.o(.constdata)
    BlueNRG_Stack_Init_params                0x10058c3c   Data          52  ble_chat_main.o(.constdata)
    Region$$Table$$Base                      0x10058c70   Number         0  anon$$obj.o(Region$$Table)
    Region$$Table$$Limit                     0x10058d10   Number         0  anon$$obj.o(Region$$Table)
    stacklib_flash_data                      0x1007f000   Data        2048  ble_chat_main.o(.noinit.stacklib_flash_data)
    stacklib_stored_device_id_data           0x1007f800   Data          56  ble_chat_main.o(.noinit.stacklib_stored_device_id_data)
    ota_sw_activation                        0x20000004   Data           4  system_bluenrg1.o(.ota_sw_activation)
    savedMSP                                 0x20000008   Data           4  system_bluenrg1.o(.savedMSP)
    wakeupFromSleepFlag                      0x2000000c   Data           1  system_bluenrg1.o(.wakeupFromSleepFlag)
    app_base                                 0x20000010   Data           4  system_bluenrg1.o(.app_base)
    flash_sw_lock                            0x20000014   Data           4  system_bluenrg1.o(.flash_sw_lock)
    rfTimeout                                0x20000018   Data           4  system_bluenrg1.o(.rfTimeout)
    BOR_config                               0x2000001c   Data           7  system_bluenrg1.o(.BOR_config)
    __blueflag_RAM                           0x20000030   Data           4  system_bluenrg1.o(.__blueflag_RAM)
    __blue_RAM                               0x200000c0   Data         524  system_bluenrg1.o(.bss.__blue_RAM)
    ev_call_table                            0x20000334   Data         232  BLE_Static_Stack.o ABSOLUTE
    __stdout                                 0x20000470   Data           4  sdk_eval_com.o(.data)
    savedICSR                                0x20000478   Data           4  system_bluenrg1.o(.data)
    savedSHCSR                               0x2000047c   Data           4  system_bluenrg1.o(.data)
    savedNVIC_ISPR                           0x20000480   Data           4  system_bluenrg1.o(.data)
    connection_handle                        0x20000484   Data           2  chat.o(.data)
    app_flags                                0x2000048c   Data           4  chat.o(.data)
    chatServHandle                           0x20000490   Data           2  gatt_db.o(.data)
    TXCharHandle                             0x20000492   Data           2  gatt_db.o(.data)
    RXCharHandle                             0x20000494   Data           2  gatt_db.o(.data)
    hot_table_radio_config                   0x20000498   Data          32  system_bluenrg1.o(.bss)
    service_uuid                             0x200006b8   Data          16  gatt_db.o(.bss)
    char_uuid                                0x200006c8   Data          16  gatt_db.o(.bss)
    dyn_alloc_a                              0x200006d8   Data        8784  ble_chat_main.o(.noinit.data)
    Image$$ARM_LIB_STACKHEAP$$ZI$$Limit      0x20006000   Number         0  anon$$obj.o ABSOLUTE



==============================================================================

Memory Map of the image

  Image Entry point : 0x10057161

  Load Region LR_IROM2 (Base: 0x10040000, Size: 0x00000000, Max: 0x00017000, ABSOLUTE)

    Execution Region REGION_FLASH_BOOTLOADER (Base: 0x10040000, Size: 0x00000000, Max: 0x00017000, ABSOLUTE)

    **** No section assigned to this execution region ****



  Load Region LR_IROM1 (Base: 0x10057000, Size: 0x00001f74, Max: 0x00028000, ABSOLUTE, COMPRESSED[0x00001d70])

    Execution Region REGION_ROM (Base: 0x10000000, Size: 0x00000800, Max: 0x00000800, ABSOLUTE)

    Base Addr    Size         Type   Attr      Idx    E Section Name        Object

    0x10000000   0x00000800   Zero   RW            1    REGION_ROM.bss      anon$$obj.o


    Execution Region REGION_FLASH (Base: 0x10057000, Size: 0x00001d10, Max: 0xffffffff, ABSOLUTE)

    Base Addr    Size         Type   Attr      Idx    E Section Name        Object

    0x10057000   0x000000c0   Data   RO         2544    .intvec             system_bluenrg1.o
    0x100570c0   0x000000a0   Code   RO          104    . text              context_switch.o
    0x10057160   0x00000000   Code   RO         2980  * .ARM.Collect$$$$00000000  mc_p.l(entry.o)
    0x10057160   0x00000004   Code   RO         3286    .ARM.Collect$$$$00000002  mc_p.l(entry3.o)
    0x10057164   0x00000004   Code   RO         3289    .ARM.Collect$$$$00000004  mc_p.l(entry5.o)
    0x10057168   0x00000000   Code   RO         3291    .ARM.Collect$$$$00000008  mc_p.l(entry7b.o)
    0x10057168   0x00000000   Code   RO         3293    .ARM.Collect$$$$0000000A  mc_p.l(entry8b.o)
    0x10057168   0x00000008   Code   RO         3294    .ARM.Collect$$$$0000000B  mc_p.l(entry9a.o)
    0x10057170   0x00000000   Code   RO         3296    .ARM.Collect$$$$0000000D  mc_p.l(entry10a.o)
    0x10057170   0x00000000   Code   RO         3298    .ARM.Collect$$$$0000000F  mc_p.l(entry11a.o)
    0x10057170   0x00000004   Code   RO         3287    .ARM.Collect$$$$00002713  mc_p.l(entry3.o)
    0x10057174   0x0000002c   Code   RO         2983    .text               mc_p.l(uidiv.o)
    0x100571a0   0x00000028   Code   RO         2987    .text               mc_p.l(memcpy.o)
    0x100571c8   0x00000060   Code   RO         3300    .text               mc_p.l(uldiv.o)
    0x10057228   0x00000020   Code   RO         3302    .text               mc_p.l(llshl.o)
    0x10057248   0x00000024   Code   RO         3317    .text               mc_p.l(init.o)
    0x1005726c   0x00000022   Code   RO         3319    .text               mc_p.l(llushr.o)
    0x1005728e   0x0000003a   Code   RO         3329    .text               mc_p.l(__dczerorl.o)
    0x100572c8   0x00000002   Code   RO         2505    i.ADC_Handler       system_bluenrg1.o
    0x100572ca   0x00000002   PAD
    0x100572cc   0x00000020   Code   RO         2852    i.APP_Tick          chat.o
    0x100572ec   0x0000014c   Code   RO         2949    i.Add_Chat_Service  gatt_db.o
    0x10057438   0x0000004c   Code   RO         2950    i.Attribute_Modified_CB  gatt_db.o
    0x10057484   0x00000040   Code   RO         2506    i.BOR_ConfigSave    system_bluenrg1.o
    0x100574c4   0x000001e0   Code   RO         2139    i.BlueNRG_Stack_Initialization  bluenrg1_stack_init_if.o
    0x100576a4   0x00000008   Code   RO         2796    i.Blue_Handler      bluenrg1_it.o
    0x100576ac   0x0000021c   Code   RO         2853    i.CHAT_DeviceInit   chat.o
    0x100578c8   0x0000002c   Code   RO            5    i.Clock_Init        clock.o
    0x100578f4   0x00000002   Code   RO         2508    i.DMA_Handler       system_bluenrg1.o
    0x100578f6   0x00000002   PAD
    0x100578f8   0x00000164   Code   RO         2509    i.DeviceConfiguration  system_bluenrg1.o
    0x10057a5c   0x00000002   Code   RO         2797    i.GPIO_Handler      bluenrg1_it.o
    0x10057a5e   0x00000002   PAD
    0x10057a60   0x000000d4   Code   RO          608    i.GPIO_Init         bluenrg1_gpio.o
    0x10057b34   0x00000012   Code   RO          610    i.GPIO_ReadBit      bluenrg1_gpio.o
    0x10057b46   0x00000002   PAD
    0x10057b48   0x0000002c   Code   RO         1869    i.Get_ButtonGpioPin  sdk_eval_button.o
    0x10057b74   0x00000060   Code   RO          167    i.HAL_GetPartInfo   miscutil.o
    0x10057bd4   0x00000002   Code   RO         2140    i.HAL_VTimerTimeoutCallback  bluenrg1_stack_init_if.o
    0x10057bd6   0x00000002   Code   RO         2798    i.HardFault_Handler  bluenrg1_it.o
    0x10057bd8   0x00000002   Code   RO         2512    i.I2C1_Handler      system_bluenrg1.o
    0x10057bda   0x00000002   Code   RO         2513    i.I2C2_Handler      system_bluenrg1.o
    0x10057bdc   0x00000002   Code   RO         2514    i.MFT1A_Handler     system_bluenrg1.o
    0x10057bde   0x00000002   Code   RO         2515    i.MFT1B_Handler     system_bluenrg1.o
    0x10057be0   0x00000002   Code   RO         2516    i.MFT2A_Handler     system_bluenrg1.o
    0x10057be2   0x00000002   Code   RO         2517    i.MFT2B_Handler     system_bluenrg1.o
    0x10057be4   0x00000100   Code   RO         2854    i.Make_Connection   chat.o
    0x10057ce4   0x00000002   Code   RO         2799    i.NMI_Handler       bluenrg1_it.o
    0x10057ce6   0x00000002   PAD
    0x10057ce8   0x00000088   Code   RO         1689    i.NVIC_Init         misc.o
    0x10057d70   0x00000044   Code   RO         2519    i.NVIC_SetPriority  system_bluenrg1.o
    0x10057db4   0x00000018   Code   RO         1725    i.NVIC_SystemReset  ota_btl.o
    0x10057dcc   0x00000002   Code   RO         2520    i.NVM_Handler       system_bluenrg1.o
    0x10057dce   0x00000002   PAD
    0x10057dd0   0x00000014   Code   RO         1729    i.OTA_Jump_To_Service_Manager_Application  ota_btl.o
    0x10057de4   0x00000008   Code   RO          216    i.Osal_MemCpy       osal.o
    0x10057dec   0x00000002   Code   RO         2521    i.PKA_Handler       system_bluenrg1.o
    0x10057dee   0x00000002   Code   RO         2522    i.PendSV_Handler    system_bluenrg1.o
    0x10057df0   0x00000074   Code   RO         2855    i.Process_InputData  chat.o
    0x10057e64   0x00000020   Code   RO         2523    i.RESET_HANDLER     system_bluenrg1.o
    0x10057e84   0x00000002   Code   RO         2524    i.RTC_Handler       system_bluenrg1.o
    0x10057e86   0x00000002   PAD
    0x10057e88   0x0000003c   Code   RO         2525    i.SET_BORconfigStatus  system_bluenrg1.o
    0x10057ec4   0x00000002   Code   RO         2526    i.SPI_Handler       system_bluenrg1.o
    0x10057ec6   0x00000002   Code   RO         2800    i.SVC_Handler       bluenrg1_it.o
    0x10057ec8   0x0000001c   Code   RO         1921    i.SdkEvalComIOConfig  sdk_eval_com.o
    0x10057ee4   0x00000010   Code   RO         1923    i.SdkEvalComIOReceiveData  sdk_eval_com.o
    0x10057ef4   0x00000008   Code   RO         1924    i.SdkEvalComIOSendData  sdk_eval_com.o
    0x10057efc   0x0000002a   Code   RO         1926    i.SdkEvalComIOUartIrqHandler  sdk_eval_com.o
    0x10057f26   0x00000002   PAD
    0x10057f28   0x000000a0   Code   RO         1928    i.SdkEvalComUartInit  sdk_eval_com.o
    0x10057fc8   0x00000020   Code   RO         1929    i.SdkEvalComUartIrqConfig  sdk_eval_com.o
    0x10057fe8   0x0000000c   Code   RO         2031    i.SdkEvalGetVersion  sdk_eval_config.o
    0x10057ff4   0x0000000c   Code   RO         2032    i.SdkEvalIdentification  sdk_eval_config.o
    0x10058000   0x00000012   Code   RO         1872    i.SdkEvalPushButtonGetState  sdk_eval_button.o
    0x10058012   0x00000026   Code   RO         1873    i.SdkEvalPushButtonInit  sdk_eval_button.o
    0x10058038   0x00000016   Code   RO         1930    i.SdkEvalUart_Send_Data  sdk_eval_com.o
    0x1005804e   0x00000002   PAD
    0x10058050   0x00000080   Code   RO         2856    i.Send_Data_Over_BLE  chat.o
    0x100580d0   0x00000048   Code   RO         2528    i.Set_RF_FrontEnd   system_bluenrg1.o
    0x10058118   0x00000010   Code   RO            8    i.SysCount_Handler  clock.o
    0x10058128   0x00000098   Code   RO         1399    i.SysCtrl_GetWakeupResetReason  bluenrg1_sysctrl.o
    0x100581c0   0x00000018   Code   RO         1400    i.SysCtrl_PeripheralClockCmd  bluenrg1_sysctrl.o
    0x100581d8   0x00000008   Code   RO         2801    i.SysTick_Handler   bluenrg1_it.o
    0x100581e0   0x000000b8   Code   RO         2530    i.SystemInit        system_bluenrg1.o
    0x10058298   0x0000001c   Code   RO         1445    i.UART_Cmd          bluenrg1_uart.o
    0x100582b4   0x0000001c   Code   RO         1448    i.UART_GetFlagStatus  bluenrg1_uart.o
    0x100582d0   0x00000014   Code   RO         1449    i.UART_GetITStatus  bluenrg1_uart.o
    0x100582e4   0x00000008   Code   RO         2802    i.UART_Handler      bluenrg1_it.o
    0x100582ec   0x00000018   Code   RO         1450    i.UART_ITConfig     bluenrg1_uart.o
    0x10058304   0x00000138   Code   RO         1451    i.UART_Init         bluenrg1_uart.o
    0x1005843c   0x0000000c   Code   RO         1454    i.UART_ReceiveData  bluenrg1_uart.o
    0x10058448   0x00000018   Code   RO         1456    i.UART_RxFifoIrqLevelConfig  bluenrg1_uart.o
    0x10058460   0x00000010   Code   RO         1458    i.UART_SendData     bluenrg1_uart.o
    0x10058470   0x00000002   Code   RO         2532    i.WDG_Handler       system_bluenrg1.o
    0x10058472   0x00000002   PAD
    0x10058474   0x00000020   Code   RO         3208    i.__0printf$8       mc_p.l(printf8.o)
    0x10058494   0x000000c0   Code   RO         2534    i.__low_level_init  system_bluenrg1.o
    0x10058554   0x0000000e   Code   RO         3323    i.__scatterload_copy  mc_p.l(handlers.o)
    0x10058562   0x00000002   Code   RO         3324    i.__scatterload_null  mc_p.l(handlers.o)
    0x10058564   0x0000000e   Code   RO         3325    i.__scatterload_zeroinit  mc_p.l(handlers.o)
    0x10058572   0x00000002   PAD
    0x10058574   0x00000428   Code   RO         3215    i._printf_core      mc_p.l(printf8.o)
    0x1005899c   0x00000020   Code   RO         3216    i._printf_post_padding  mc_p.l(printf8.o)
    0x100589bc   0x0000002c   Code   RO         3217    i._printf_pre_padding  mc_p.l(printf8.o)
    0x100589e8   0x00000002   Code   RO         2141    i.aci_att_exchange_mtu_resp_event  bluenrg1_stack_init_if.o
    0x100589ea   0x00000002   Code   RO         2142    i.aci_att_exec_write_resp_event  bluenrg1_stack_init_if.o
    0x100589ec   0x00000002   Code   RO         2143    i.aci_att_find_by_type_value_resp_event  bluenrg1_stack_init_if.o
    0x100589ee   0x00000002   Code   RO         2144    i.aci_att_find_info_resp_event  bluenrg1_stack_init_if.o
    0x100589f0   0x00000002   Code   RO         2145    i.aci_att_prepare_write_resp_event  bluenrg1_stack_init_if.o
    0x100589f2   0x00000002   Code   RO         2146    i.aci_att_read_blob_resp_event  bluenrg1_stack_init_if.o
    0x100589f4   0x00000002   Code   RO         2147    i.aci_att_read_by_group_type_resp_event  bluenrg1_stack_init_if.o
    0x100589f6   0x00000002   Code   RO         2148    i.aci_att_read_by_type_resp_event  bluenrg1_stack_init_if.o
    0x100589f8   0x00000002   Code   RO         2149    i.aci_att_read_multiple_resp_event  bluenrg1_stack_init_if.o
    0x100589fa   0x00000002   Code   RO         2150    i.aci_att_read_resp_event  bluenrg1_stack_init_if.o
    0x100589fc   0x00000002   Code   RO         2151    i.aci_gap_addr_not_resolved_event  bluenrg1_stack_init_if.o
    0x100589fe   0x00000002   Code   RO         2152    i.aci_gap_authorization_req_event  bluenrg1_stack_init_if.o
    0x10058a00   0x00000002   Code   RO         2153    i.aci_gap_bond_lost_event  bluenrg1_stack_init_if.o
    0x10058a02   0x00000002   Code   RO         2154    i.aci_gap_keypress_notification_event  bluenrg1_stack_init_if.o
    0x10058a04   0x00000002   Code   RO         2155    i.aci_gap_limited_discoverable_event  bluenrg1_stack_init_if.o
    0x10058a06   0x00000002   Code   RO         2156    i.aci_gap_numeric_comparison_value_event  bluenrg1_stack_init_if.o
    0x10058a08   0x00000002   Code   RO         2157    i.aci_gap_pairing_complete_event  bluenrg1_stack_init_if.o
    0x10058a0a   0x00000002   Code   RO         2158    i.aci_gap_pass_key_req_event  bluenrg1_stack_init_if.o
    0x10058a0c   0x00000002   Code   RO         2159    i.aci_gap_proc_complete_event  bluenrg1_stack_init_if.o
    0x10058a0e   0x00000002   Code   RO         2160    i.aci_gap_slave_security_initiated_event  bluenrg1_stack_init_if.o
    0x10058a10   0x0000000e   Code   RO         2857    i.aci_gatt_attribute_modified_event  chat.o
    0x10058a1e   0x00000002   Code   RO         2162    i.aci_gatt_disc_read_char_by_uuid_resp_event  bluenrg1_stack_init_if.o
    0x10058a20   0x00000002   Code   RO         2163    i.aci_gatt_error_resp_event  bluenrg1_stack_init_if.o
    0x10058a22   0x00000002   Code   RO         2164    i.aci_gatt_indication_event  bluenrg1_stack_init_if.o
    0x10058a24   0x00000002   Code   RO         2165    i.aci_gatt_notification_event  bluenrg1_stack_init_if.o
    0x10058a26   0x00000002   Code   RO         2166    i.aci_gatt_prepare_write_permit_req_event  bluenrg1_stack_init_if.o
    0x10058a28   0x00000002   Code   RO         2167    i.aci_gatt_proc_complete_event  bluenrg1_stack_init_if.o
    0x10058a2a   0x00000002   Code   RO         2168    i.aci_gatt_proc_timeout_event  bluenrg1_stack_init_if.o
    0x10058a2c   0x00000002   Code   RO         2169    i.aci_gatt_read_multi_permit_req_event  bluenrg1_stack_init_if.o
    0x10058a2e   0x00000002   Code   RO         2858    i.aci_gatt_read_permit_req_event  chat.o
    0x10058a30   0x00000002   Code   RO         2171    i.aci_gatt_server_confirmation_event  bluenrg1_stack_init_if.o
    0x10058a32   0x00000002   PAD
    0x10058a34   0x00000010   Code   RO         2859    i.aci_gatt_tx_pool_available_event  chat.o
    0x10058a44   0x00000002   Code   RO         2173    i.aci_gatt_write_permit_req_event  bluenrg1_stack_init_if.o
    0x10058a46   0x00000002   Code   RO         2860    i.aci_hal_end_of_radio_activity_event  chat.o
    0x10058a48   0x00000016   Code   RO         2730    i.aci_hal_fw_error_event  ble_chat_main.o
    0x10058a5e   0x00000002   Code   RO         2176    i.aci_hal_scan_req_report_event  bluenrg1_stack_init_if.o
    0x10058a60   0x00000002   Code   RO         2177    i.aci_l2cap_command_reject_event  bluenrg1_stack_init_if.o
    0x10058a62   0x00000002   Code   RO         2178    i.aci_l2cap_connection_update_req_event  bluenrg1_stack_init_if.o
    0x10058a64   0x00000002   Code   RO         2179    i.aci_l2cap_connection_update_resp_event  bluenrg1_stack_init_if.o
    0x10058a66   0x00000002   Code   RO         2180    i.aci_l2cap_proc_timeout_event  bluenrg1_stack_init_if.o
    0x10058a68   0x0000000c   Code   RO         1933    i.fputc             sdk_eval_com.o
    0x10058a74   0x00000002   Code   RO         2181    i.hci_data_buffer_overflow_event  bluenrg1_stack_init_if.o
    0x10058a76   0x00000002   PAD
    0x10058a78   0x00000048   Code   RO         2861    i.hci_disconnection_complete_event  chat.o
    0x10058ac0   0x00000002   Code   RO         2183    i.hci_encryption_change_event  bluenrg1_stack_init_if.o
    0x10058ac2   0x00000002   Code   RO         2184    i.hci_encryption_key_refresh_complete_event  bluenrg1_stack_init_if.o
    0x10058ac4   0x00000018   Code   RO         2731    i.hci_hardware_error_event  ble_chat_main.o
    0x10058adc   0x00000002   Code   RO         2186    i.hci_le_advertising_report_event  bluenrg1_stack_init_if.o
    0x10058ade   0x00000002   PAD
    0x10058ae0   0x00000014   Code   RO         2862    i.hci_le_connection_complete_event  chat.o
    0x10058af4   0x00000002   Code   RO         2188    i.hci_le_connection_update_complete_event  bluenrg1_stack_init_if.o
    0x10058af6   0x00000002   Code   RO         2189    i.hci_le_data_length_change_event  bluenrg1_stack_init_if.o
    0x10058af8   0x00000002   Code   RO         2190    i.hci_le_direct_advertising_report_event  bluenrg1_stack_init_if.o
    0x10058afa   0x00000002   Code   RO         2191    i.hci_le_enhanced_connection_complete_event  bluenrg1_stack_init_if.o
    0x10058afc   0x00000002   Code   RO         2192    i.hci_le_generate_dhkey_complete_event  bluenrg1_stack_init_if.o
    0x10058afe   0x00000002   Code   RO         2193    i.hci_le_long_term_key_request_event  bluenrg1_stack_init_if.o
    0x10058b00   0x00000002   Code   RO         2194    i.hci_le_read_local_p256_public_key_complete_event  bluenrg1_stack_init_if.o
    0x10058b02   0x00000002   Code   RO         2195    i.hci_le_read_remote_used_features_complete_event  bluenrg1_stack_init_if.o
    0x10058b04   0x00000002   Code   RO         2196    i.hci_number_of_completed_packets_event  bluenrg1_stack_init_if.o
    0x10058b06   0x00000002   Code   RO         2197    i.hci_read_remote_version_information_complete_event  bluenrg1_stack_init_if.o
    0x10058b08   0x0000011c   Code   RO         2732    i.main              ble_chat_main.o
    0x10058c24   0x00000008   Data   RO         2033    .constdata          sdk_eval_config.o
    0x10058c2c   0x00000004   Data   RO         2034    .constdata          sdk_eval_config.o
    0x10058c30   0x00000004   Data   RO         2035    .constdata          sdk_eval_config.o
    0x10058c34   0x00000004   Data   RO         2036    .constdata          sdk_eval_config.o
    0x10058c38   0x00000004   Data   RO         2037    .constdata          sdk_eval_config.o
    0x10058c3c   0x00000034   Data   RO         2733    .constdata          ble_chat_main.o
    0x10058c70   0x000000a0   Data   RO         3321    Region$$Table       anon$$obj.o


    Execution Region BLOCK_STACKLIB_FLASH_DATA (Base: 0x1007f000, Size: 0x00000838, Max: 0x00001000, ABSOLUTE, UNINIT)

    Base Addr    Size         Type   Attr      Idx    E Section Name        Object

    0x1007f000   0x00000800   Zero   RW         2735    .noinit.stacklib_flash_data  ble_chat_main.o
    0x1007f800   0x00000038   Zero   RW         2736    .noinit.stacklib_stored_device_id_data  ble_chat_main.o


    Execution Region ota_sw_activation_block (Base: 0x20000004, Size: 0x00000004, Max: 0x00000004, ABSOLUTE, UNINIT)

    Base Addr    Size         Type   Attr      Idx    E Section Name        Object

    0x20000004   0x00000004   Zero   RW         2545    .ota_sw_activation  system_bluenrg1.o


    Execution Region savedMSP_block (Base: 0x20000008, Size: 0x00000004, Max: 0x00000004, ABSOLUTE)

    Base Addr    Size         Type   Attr      Idx    E Section Name        Object

    0x20000008   0x00000004   Data   RW         2547    .savedMSP           system_bluenrg1.o


    Execution Region wakeupFromSleepFlag_block (Base: 0x2000000c, Size: 0x00000004, Max: 0x00000004, ABSOLUTE)

    Base Addr    Size         Type   Attr      Idx    E Section Name        Object

    0x2000000c   0x00000001   Data   RW         2548    .wakeupFromSleepFlag  system_bluenrg1.o


    Execution Region app_base_block (Base: 0x20000010, Size: 0x00000004, Max: 0x00000004, ABSOLUTE)

    Base Addr    Size         Type   Attr      Idx    E Section Name        Object

    0x20000010   0x00000004   Data   RW         2537    .app_base           system_bluenrg1.o


    Execution Region flash_sw_lock_block (Base: 0x20000014, Size: 0x00000004, Max: 0x00000004, ABSOLUTE)

    Base Addr    Size         Type   Attr      Idx    E Section Name        Object

    0x20000014   0x00000004   Data   RW         2543    .flash_sw_lock      system_bluenrg1.o


    Execution Region rfTimeout_block (Base: 0x20000018, Size: 0x00000004, Max: 0x00000004, ABSOLUTE)

    Base Addr    Size         Type   Attr      Idx    E Section Name        Object

    0x20000018   0x00000004   Data   RW         2546    .rfTimeout          system_bluenrg1.o


    Execution Region BOR_config_block (Base: 0x2000001c, Size: 0x00000008, Max: 0x00000008, ABSOLUTE)

    Base Addr    Size         Type   Attr      Idx    E Section Name        Object

    0x2000001c   0x00000007   Data   RW         2535    .BOR_config         system_bluenrg1.o


    Execution Region Blue_Flag_Ram_block (Base: 0x20000030, Size: 0x00000004, Max: 0x00000004, ABSOLUTE)

    Base Addr    Size         Type   Attr      Idx    E Section Name        Object

    0x20000030   0x00000004   Data   RW         2536    .__blueflag_RAM     system_bluenrg1.o


    Execution Region Crash_Info_block (Base: 0x20000034, Size: 0x00000000, Max: 0x00000028, ABSOLUTE, UNINIT)

    **** No section assigned to this execution region ****


    Execution Region BLUE (Base: 0x200000c0, Size: 0x0000020c, Max: 0x0000020c, ABSOLUTE, COMPRESSED[0x00000008])

    Base Addr    Size         Type   Attr      Idx    E Section Name        Object

    0x200000c0   0x0000020c   Data   RW         2539    .bss.__blue_RAM     system_bluenrg1.o


    Execution Region REGION_RAM2 (Base: 0x20000460, Size: 0x00000278, Max: 0x00005ba0, ABSOLUTE)

    Base Addr    Size         Type   Attr      Idx    E Section Name        Object

    0x20000460   0x00000004   Data   RW           10    .data               clock.o
    0x20000464   0x0000000c   Data   RW         1935    .data               sdk_eval_com.o
    0x20000470   0x00000004   Data   RW         1936    .data               sdk_eval_com.o
    0x20000474   0x00000001   Data   RW         2058    .data               sdk_eval_config.o
    0x20000475   0x00000003   PAD
    0x20000478   0x00000004   Data   RW         2540    .data               system_bluenrg1.o
    0x2000047c   0x00000004   Data   RW         2541    .data               system_bluenrg1.o
    0x20000480   0x00000004   Data   RW         2542    .data               system_bluenrg1.o
    0x20000484   0x0000000c   Data   RW         2867    .data               chat.o
    0x20000490   0x00000006   Data   RW         2952    .data               gatt_db.o
    0x20000496   0x00000002   PAD
    0x20000498   0x00000020   Zero   RW         2538    .bss                system_bluenrg1.o
    0x200004b8   0x00000200   Zero   RW         2866    .bss                chat.o
    0x200006b8   0x00000020   Zero   RW         2951    .bss                gatt_db.o


    Execution Region REGION_RAM3 (Base: 0x200006d8, Size: 0x00002250, Max: 0x00005ba0, ABSOLUTE, UNINIT)

    Base Addr    Size         Type   Attr      Idx    E Section Name        Object

    0x200006d8   0x00002250   Zero   RW         2734    .noinit.data        ble_chat_main.o


    Execution Region ARM_LIB_STACKHEAP (Base: 0x20005400, Size: 0x00000c00, Max: 0x00000c00, ABSOLUTE)

    Base Addr    Size         Type   Attr      Idx    E Section Name        Object

    0x20005400   0x00000c00   Zero   RW            2    ARM_LIB_STACKHEAP.bss  anon$$obj.o


==============================================================================

Image component sizes


      Code (inc. data)   RO Data    RW Data    ZI Data      Debug   Object Name

       330        196         52          0      10888       5067   ble_chat_main.o
       230          6          0          0          0       2043   bluenrg1_gpio.o
        32          0          0          0          0       3283   bluenrg1_it.o
       580        236          0          0          0      38589   bluenrg1_stack_init_if.o
       176         20          0          0          0       1612   bluenrg1_sysctrl.o
       464         46          0          0          0       5862   bluenrg1_uart.o
      1198        556          0         12        512      14955   chat.o
        60         18          0          4          0      49872   clock.o
       160         36          0          0          0        540   context_switch.o
       408        170          0          6         32       2657   gatt_db.o
       136         12          0          0          0       7040   misc.o
        96         20          0          0          0       9770   miscutil.o
         8          0          0          0          0        662   osal.o
        44         18          0          0          0      12094   ota_btl.o
       100          4          0          0          0       2052   sdk_eval_button.o
       320         26          0         16          0       7782   sdk_eval_com.o
        24         10         24          1          0       3937   sdk_eval_config.o
      1056        138        192        564         36      26513   system_bluenrg1.o

    ----------------------------------------------------------------------
      5448       1512        428        612      16588     194330   Object Totals
         0          0        160          0       5120          0   (incl. Generated)
        26          0          0          9          0          0   (incl. Padding)

    ----------------------------------------------------------------------

      Code (inc. data)   RO Data    RW Data    ZI Data      Debug   Library Member Name

        58          0          0          0          0          0   __dczerorl.o
         0          0          0          0          0          0   entry.o
         0          0          0          0          0          0   entry10a.o
         0          0          0          0          0          0   entry11a.o
         8          4          0          0          0          0   entry3.o
         4          0          0          0          0          0   entry5.o
         0          0          0          0          0          0   entry7b.o
         0          0          0          0          0          0   entry8b.o
         8          4          0          0          0          0   entry9a.o
        30          0          0          0          0          0   handlers.o
        36          8          0          0          0         68   init.o
        32          0          0          0          0         68   llshl.o
        34          0          0          0          0         68   llushr.o
        40          0          0          0          0         68   memcpy.o
      1172         52          0          0          0        324   printf8.o
        44          0          0          0          0         72   uidiv.o
        96          0          0          0          0         84   uldiv.o

    ----------------------------------------------------------------------
      1564         68          0          0          0        752   Library Totals
         2          0          0          0          0          0   (incl. Padding)

    ----------------------------------------------------------------------

      Code (inc. data)   RO Data    RW Data    ZI Data      Debug   Library Name

      1562         68          0          0          0        752   mc_p.l

    ----------------------------------------------------------------------
      1564         68          0          0          0        752   Library Totals

    ----------------------------------------------------------------------

==============================================================================


      Code (inc. data)   RO Data    RW Data    ZI Data      Debug   

      7012       1580        428        612      16588     189542   Grand Totals
      7012       1580        428         96      16588     189542   ELF Image Totals (compressed)
      7012       1580        428         96          0          0   ROM Totals

==============================================================================

    Total RO  Size (Code + RO Data)                 7440 (   7.27kB)
    Total RW  Size (RW Data + ZI Data)             17200 (  16.80kB)
    Total ROM Size (Code + RO Data + RW Data)       7536 (   7.36kB)

==============================================================================

