<html>
<body>
<pre>
<h1>µVision Build Log</h1>
<h2>Tool Versions:</h2>
IDE-Version: ÂµVision V5.23.0.0
Copyright (C) 2017 ARM Ltd and ARM Germany GmbH. All rights reserved.
License Information: Lucien Lucien, Lucien, LIC=1WS63-AAXH1-AU24J-U7DVA-IIFFL-2V5CS
 
Tool Versions:
Toolchain:       MDK-ARM Professional  Version: 5.23
Toolchain Path:  C:\Keil_v5\ARM\ARMCC\Bin
C Compiler:      Armcc.exe V5.06 update 4 (build 422)
Assembler:       Armasm.exe V5.06 update 4 (build 422)
Linker/Locator:  ArmLink.exe V5.06 update 4 (build 422)
Library Manager: ArmAr.exe V5.06 update 4 (build 422)
Hex Converter:   FromElf.exe V5.06 update 4 (build 422)
CPU DLL:         SARMCM3.DLL V5.23
Dialog DLL:      DARMCM1.DLL V1.17.0.0
Target DLL:      STLink\ST-LINKIII-KEIL_SWO.dll V2.0.18.0
Dialog DLL:      TARMCM1.DLL V1.12.0.0
 
<h2>Project:</h2>
D:\work\2021\71_Static_stack_BlueNRG1\BlueNRG-1_2 DK 3.2.1\Project\BLE_Examples\BLE_Chat\MDK-ARM\BlueNRG-2\BLE_Chat.uvprojx
Project File Date:  02/05/2021

<h2>Output:</h2>
*** Using Compiler 'V5.06 update 4 (build 422)', folder: 'C:\Keil_v5\ARM\ARMCC\Bin'
Build target 'Static_Server_Use_OTA_ServiceManager'
linking...
Program Size: Code=7012 RO-data=428 RW-data=612 ZI-data=16588  
FromELF: creating hex file...
After Build - User command #1: fromelf.exe --bin Server_Use_OTA_ServiceManager\Objects\BLE_Chat_Server_Use_OTA_ServiceManager.axf --output Server_Use_OTA_ServiceManager\Objects\BLE_Chat_Server_Use_OTA_ServiceManager.bin
".\Server_Use_OTA_ServiceManager\Objects\BLE_Chat_Server_Use_OTA_ServiceManager.axf" - 0 Error(s), 0 Warning(s).

<h2>Collection of Component include folders:</h2>
  .\RTE\_Static_Server_Use_OTA_ServiceManager

<h2>Collection of Component Files used:</h2>
Build Time Elapsed:  00:00:01
</pre>
</body>
</html>
