<!doctype html public "-//w3c//dtd html 4.0 transitional//en">
<html><head>
<title>Static Call Graph - [.\Server_Use_OTA_ServiceManager\Objects\BLE_Chat_Server_Use_OTA_ServiceManager.axf]</title></head>
<body><HR>
<H1>Static Call Graph for image .\Server_Use_OTA_ServiceManager\Objects\BLE_Chat_Server_Use_OTA_ServiceManager.axf</H1><HR>
<BR><P>#&#060CALLGRAPH&#062# ARM Linker, 5060422: Last Updated: Fri Feb 05 15:23:48 2021
<BR><P>
<H3>Maximum Stack Usage =        176 bytes + Unknown(Cycles, Untraceable Function Pointers)</H3><H3>
Call chain for Maximum Stack Depth:</H3>
RESET_HANDLER &rArr; main &rArr; CHAT_DeviceInit &rArr; Add_Chat_Service &rArr; __2printf
<P>
<H3>
Mutually Recursive functions
</H3> <LI><a href="#[2]">HardFault_Handler</a>&nbsp;&nbsp;&nbsp;&rArr;&nbsp;&nbsp;&nbsp;<a href="#[2]">HardFault_Handler</a><BR>
</UL>
<P>
<H3>
Function Pointers
</H3><UL>
 <LI><a href="#[c]">ADC_Handler</a> from system_bluenrg1.o(i.ADC_Handler) referenced from system_bluenrg1.o(.intvec)
 <LI><a href="#[a]">Blue_Handler</a> from bluenrg1_it.o(i.Blue_Handler) referenced from system_bluenrg1.o(.intvec)
 <LI><a href="#[15]">DMA_Handler</a> from system_bluenrg1.o(i.DMA_Handler) referenced from system_bluenrg1.o(.intvec)
 <LI><a href="#[6]">GPIO_Handler</a> from bluenrg1_it.o(i.GPIO_Handler) referenced from system_bluenrg1.o(.intvec)
 <LI><a href="#[50]">HAL_VTimerTimeoutCallback</a> from bluenrg1_stack_init_if.o(i.HAL_VTimerTimeoutCallback) referenced from bluenrg1_stack_init_if.o(i.BlueNRG_Stack_Initialization)
 <LI><a href="#[2]">HardFault_Handler</a> from bluenrg1_it.o(i.HardFault_Handler) referenced from system_bluenrg1.o(.intvec)
 <LI><a href="#[e]">I2C1_Handler</a> from system_bluenrg1.o(i.I2C1_Handler) referenced from system_bluenrg1.o(.intvec)
 <LI><a href="#[d]">I2C2_Handler</a> from system_bluenrg1.o(i.I2C2_Handler) referenced from system_bluenrg1.o(.intvec)
 <LI><a href="#[f]">MFT1A_Handler</a> from system_bluenrg1.o(i.MFT1A_Handler) referenced from system_bluenrg1.o(.intvec)
 <LI><a href="#[10]">MFT1B_Handler</a> from system_bluenrg1.o(i.MFT1B_Handler) referenced from system_bluenrg1.o(.intvec)
 <LI><a href="#[11]">MFT2A_Handler</a> from system_bluenrg1.o(i.MFT2A_Handler) referenced from system_bluenrg1.o(.intvec)
 <LI><a href="#[12]">MFT2B_Handler</a> from system_bluenrg1.o(i.MFT2B_Handler) referenced from system_bluenrg1.o(.intvec)
 <LI><a href="#[1]">NMI_Handler</a> from bluenrg1_it.o(i.NMI_Handler) referenced from system_bluenrg1.o(.intvec)
 <LI><a href="#[7]">NVM_Handler</a> from system_bluenrg1.o(i.NVM_Handler) referenced from system_bluenrg1.o(.intvec)
 <LI><a href="#[14]">PKA_Handler</a> from system_bluenrg1.o(i.PKA_Handler) referenced from system_bluenrg1.o(.intvec)
 <LI><a href="#[4]">PendSV_Handler</a> from system_bluenrg1.o(i.PendSV_Handler) referenced from system_bluenrg1.o(.intvec)
 <LI><a href="#[52]">Process_InputData</a> from chat.o(i.Process_InputData) referenced from ble_chat_main.o(i.main)
 <LI><a href="#[0]">RESET_HANDLER</a> from system_bluenrg1.o(i.RESET_HANDLER) referenced from system_bluenrg1.o(.intvec)
 <LI><a href="#[13]">RTC_Handler</a> from system_bluenrg1.o(i.RTC_Handler) referenced from system_bluenrg1.o(.intvec)
 <LI><a href="#[9]">SPI_Handler</a> from system_bluenrg1.o(i.SPI_Handler) referenced from system_bluenrg1.o(.intvec)
 <LI><a href="#[3]">SVC_Handler</a> from bluenrg1_it.o(i.SVC_Handler) referenced from system_bluenrg1.o(.intvec)
 <LI><a href="#[5]">SysTick_Handler</a> from bluenrg1_it.o(i.SysTick_Handler) referenced from system_bluenrg1.o(.intvec)
 <LI><a href="#[8]">UART_Handler</a> from bluenrg1_it.o(i.UART_Handler) referenced from system_bluenrg1.o(.intvec)
 <LI><a href="#[b]">WDG_Handler</a> from system_bluenrg1.o(i.WDG_Handler) referenced from system_bluenrg1.o(.intvec)
 <LI><a href="#[31]">aci_att_exchange_mtu_resp_event</a> from bluenrg1_stack_init_if.o(i.aci_att_exchange_mtu_resp_event) referenced from bluenrg1_stack_init_if.o(i.BlueNRG_Stack_Initialization)
 <LI><a href="#[3a]">aci_att_exec_write_resp_event</a> from bluenrg1_stack_init_if.o(i.aci_att_exec_write_resp_event) referenced from bluenrg1_stack_init_if.o(i.BlueNRG_Stack_Initialization)
 <LI><a href="#[33]">aci_att_find_by_type_value_resp_event</a> from bluenrg1_stack_init_if.o(i.aci_att_find_by_type_value_resp_event) referenced from bluenrg1_stack_init_if.o(i.BlueNRG_Stack_Initialization)
 <LI><a href="#[32]">aci_att_find_info_resp_event</a> from bluenrg1_stack_init_if.o(i.aci_att_find_info_resp_event) referenced from bluenrg1_stack_init_if.o(i.BlueNRG_Stack_Initialization)
 <LI><a href="#[39]">aci_att_prepare_write_resp_event</a> from bluenrg1_stack_init_if.o(i.aci_att_prepare_write_resp_event) referenced from bluenrg1_stack_init_if.o(i.BlueNRG_Stack_Initialization)
 <LI><a href="#[36]">aci_att_read_blob_resp_event</a> from bluenrg1_stack_init_if.o(i.aci_att_read_blob_resp_event) referenced from bluenrg1_stack_init_if.o(i.BlueNRG_Stack_Initialization)
 <LI><a href="#[38]">aci_att_read_by_group_type_resp_event</a> from bluenrg1_stack_init_if.o(i.aci_att_read_by_group_type_resp_event) referenced from bluenrg1_stack_init_if.o(i.BlueNRG_Stack_Initialization)
 <LI><a href="#[34]">aci_att_read_by_type_resp_event</a> from bluenrg1_stack_init_if.o(i.aci_att_read_by_type_resp_event) referenced from bluenrg1_stack_init_if.o(i.BlueNRG_Stack_Initialization)
 <LI><a href="#[37]">aci_att_read_multiple_resp_event</a> from bluenrg1_stack_init_if.o(i.aci_att_read_multiple_resp_event) referenced from bluenrg1_stack_init_if.o(i.BlueNRG_Stack_Initialization)
 <LI><a href="#[35]">aci_att_read_resp_event</a> from bluenrg1_stack_init_if.o(i.aci_att_read_resp_event) referenced from bluenrg1_stack_init_if.o(i.BlueNRG_Stack_Initialization)
 <LI><a href="#[28]">aci_gap_addr_not_resolved_event</a> from bluenrg1_stack_init_if.o(i.aci_gap_addr_not_resolved_event) referenced from bluenrg1_stack_init_if.o(i.BlueNRG_Stack_Initialization)
 <LI><a href="#[24]">aci_gap_authorization_req_event</a> from bluenrg1_stack_init_if.o(i.aci_gap_authorization_req_event) referenced from bluenrg1_stack_init_if.o(i.BlueNRG_Stack_Initialization)
 <LI><a href="#[26]">aci_gap_bond_lost_event</a> from bluenrg1_stack_init_if.o(i.aci_gap_bond_lost_event) referenced from bluenrg1_stack_init_if.o(i.BlueNRG_Stack_Initialization)
 <LI><a href="#[2a]">aci_gap_keypress_notification_event</a> from bluenrg1_stack_init_if.o(i.aci_gap_keypress_notification_event) referenced from bluenrg1_stack_init_if.o(i.BlueNRG_Stack_Initialization)
 <LI><a href="#[21]">aci_gap_limited_discoverable_event</a> from bluenrg1_stack_init_if.o(i.aci_gap_limited_discoverable_event) referenced from bluenrg1_stack_init_if.o(i.BlueNRG_Stack_Initialization)
 <LI><a href="#[29]">aci_gap_numeric_comparison_value_event</a> from bluenrg1_stack_init_if.o(i.aci_gap_numeric_comparison_value_event) referenced from bluenrg1_stack_init_if.o(i.BlueNRG_Stack_Initialization)
 <LI><a href="#[22]">aci_gap_pairing_complete_event</a> from bluenrg1_stack_init_if.o(i.aci_gap_pairing_complete_event) referenced from bluenrg1_stack_init_if.o(i.BlueNRG_Stack_Initialization)
 <LI><a href="#[23]">aci_gap_pass_key_req_event</a> from bluenrg1_stack_init_if.o(i.aci_gap_pass_key_req_event) referenced from bluenrg1_stack_init_if.o(i.BlueNRG_Stack_Initialization)
 <LI><a href="#[27]">aci_gap_proc_complete_event</a> from bluenrg1_stack_init_if.o(i.aci_gap_proc_complete_event) referenced from bluenrg1_stack_init_if.o(i.BlueNRG_Stack_Initialization)
 <LI><a href="#[25]">aci_gap_slave_security_initiated_event</a> from bluenrg1_stack_init_if.o(i.aci_gap_slave_security_initiated_event) referenced from bluenrg1_stack_init_if.o(i.BlueNRG_Stack_Initialization)
 <LI><a href="#[2f]">aci_gatt_attribute_modified_event</a> from chat.o(i.aci_gatt_attribute_modified_event) referenced from bluenrg1_stack_init_if.o(i.BlueNRG_Stack_Initialization)
 <LI><a href="#[3f]">aci_gatt_disc_read_char_by_uuid_resp_event</a> from bluenrg1_stack_init_if.o(i.aci_gatt_disc_read_char_by_uuid_resp_event) referenced from bluenrg1_stack_init_if.o(i.BlueNRG_Stack_Initialization)
 <LI><a href="#[3e]">aci_gatt_error_resp_event</a> from bluenrg1_stack_init_if.o(i.aci_gatt_error_resp_event) referenced from bluenrg1_stack_init_if.o(i.BlueNRG_Stack_Initialization)
 <LI><a href="#[3b]">aci_gatt_indication_event</a> from bluenrg1_stack_init_if.o(i.aci_gatt_indication_event) referenced from bluenrg1_stack_init_if.o(i.BlueNRG_Stack_Initialization)
 <LI><a href="#[3c]">aci_gatt_notification_event</a> from bluenrg1_stack_init_if.o(i.aci_gatt_notification_event) referenced from bluenrg1_stack_init_if.o(i.BlueNRG_Stack_Initialization)
 <LI><a href="#[45]">aci_gatt_prepare_write_permit_req_event</a> from bluenrg1_stack_init_if.o(i.aci_gatt_prepare_write_permit_req_event) referenced from bluenrg1_stack_init_if.o(i.BlueNRG_Stack_Initialization)
 <LI><a href="#[3d]">aci_gatt_proc_complete_event</a> from bluenrg1_stack_init_if.o(i.aci_gatt_proc_complete_event) referenced from bluenrg1_stack_init_if.o(i.BlueNRG_Stack_Initialization)
 <LI><a href="#[30]">aci_gatt_proc_timeout_event</a> from bluenrg1_stack_init_if.o(i.aci_gatt_proc_timeout_event) referenced from bluenrg1_stack_init_if.o(i.BlueNRG_Stack_Initialization)
 <LI><a href="#[42]">aci_gatt_read_multi_permit_req_event</a> from bluenrg1_stack_init_if.o(i.aci_gatt_read_multi_permit_req_event) referenced from bluenrg1_stack_init_if.o(i.BlueNRG_Stack_Initialization)
 <LI><a href="#[41]">aci_gatt_read_permit_req_event</a> from chat.o(i.aci_gatt_read_permit_req_event) referenced from bluenrg1_stack_init_if.o(i.BlueNRG_Stack_Initialization)
 <LI><a href="#[44]">aci_gatt_server_confirmation_event</a> from bluenrg1_stack_init_if.o(i.aci_gatt_server_confirmation_event) referenced from bluenrg1_stack_init_if.o(i.BlueNRG_Stack_Initialization)
 <LI><a href="#[43]">aci_gatt_tx_pool_available_event</a> from chat.o(i.aci_gatt_tx_pool_available_event) referenced from bluenrg1_stack_init_if.o(i.BlueNRG_Stack_Initialization)
 <LI><a href="#[40]">aci_gatt_write_permit_req_event</a> from bluenrg1_stack_init_if.o(i.aci_gatt_write_permit_req_event) referenced from bluenrg1_stack_init_if.o(i.BlueNRG_Stack_Initialization)
 <LI><a href="#[1e]">aci_hal_end_of_radio_activity_event</a> from chat.o(i.aci_hal_end_of_radio_activity_event) referenced from bluenrg1_stack_init_if.o(i.BlueNRG_Stack_Initialization)
 <LI><a href="#[20]">aci_hal_fw_error_event</a> from ble_chat_main.o(i.aci_hal_fw_error_event) referenced from bluenrg1_stack_init_if.o(i.BlueNRG_Stack_Initialization)
 <LI><a href="#[1f]">aci_hal_scan_req_report_event</a> from bluenrg1_stack_init_if.o(i.aci_hal_scan_req_report_event) referenced from bluenrg1_stack_init_if.o(i.BlueNRG_Stack_Initialization)
 <LI><a href="#[2e]">aci_l2cap_command_reject_event</a> from bluenrg1_stack_init_if.o(i.aci_l2cap_command_reject_event) referenced from bluenrg1_stack_init_if.o(i.BlueNRG_Stack_Initialization)
 <LI><a href="#[2d]">aci_l2cap_connection_update_req_event</a> from bluenrg1_stack_init_if.o(i.aci_l2cap_connection_update_req_event) referenced from bluenrg1_stack_init_if.o(i.BlueNRG_Stack_Initialization)
 <LI><a href="#[2b]">aci_l2cap_connection_update_resp_event</a> from bluenrg1_stack_init_if.o(i.aci_l2cap_connection_update_resp_event) referenced from bluenrg1_stack_init_if.o(i.BlueNRG_Stack_Initialization)
 <LI><a href="#[2c]">aci_l2cap_proc_timeout_event</a> from bluenrg1_stack_init_if.o(i.aci_l2cap_proc_timeout_event) referenced from bluenrg1_stack_init_if.o(i.BlueNRG_Stack_Initialization)
 <LI><a href="#[51]">fputc</a> from sdk_eval_com.o(i.fputc) referenced from printf8.o(i.__0printf$8)
 <LI><a href="#[1c]">hci_data_buffer_overflow_event</a> from bluenrg1_stack_init_if.o(i.hci_data_buffer_overflow_event) referenced from bluenrg1_stack_init_if.o(i.BlueNRG_Stack_Initialization)
 <LI><a href="#[17]">hci_disconnection_complete_event</a> from chat.o(i.hci_disconnection_complete_event) referenced from bluenrg1_stack_init_if.o(i.BlueNRG_Stack_Initialization)
 <LI><a href="#[18]">hci_encryption_change_event</a> from bluenrg1_stack_init_if.o(i.hci_encryption_change_event) referenced from bluenrg1_stack_init_if.o(i.BlueNRG_Stack_Initialization)
 <LI><a href="#[1d]">hci_encryption_key_refresh_complete_event</a> from bluenrg1_stack_init_if.o(i.hci_encryption_key_refresh_complete_event) referenced from bluenrg1_stack_init_if.o(i.BlueNRG_Stack_Initialization)
 <LI><a href="#[1a]">hci_hardware_error_event</a> from ble_chat_main.o(i.hci_hardware_error_event) referenced from bluenrg1_stack_init_if.o(i.BlueNRG_Stack_Initialization)
 <LI><a href="#[47]">hci_le_advertising_report_event</a> from bluenrg1_stack_init_if.o(i.hci_le_advertising_report_event) referenced from bluenrg1_stack_init_if.o(i.BlueNRG_Stack_Initialization)
 <LI><a href="#[46]">hci_le_connection_complete_event</a> from chat.o(i.hci_le_connection_complete_event) referenced from bluenrg1_stack_init_if.o(i.BlueNRG_Stack_Initialization)
 <LI><a href="#[48]">hci_le_connection_update_complete_event</a> from bluenrg1_stack_init_if.o(i.hci_le_connection_update_complete_event) referenced from bluenrg1_stack_init_if.o(i.BlueNRG_Stack_Initialization)
 <LI><a href="#[4b]">hci_le_data_length_change_event</a> from bluenrg1_stack_init_if.o(i.hci_le_data_length_change_event) referenced from bluenrg1_stack_init_if.o(i.BlueNRG_Stack_Initialization)
 <LI><a href="#[4f]">hci_le_direct_advertising_report_event</a> from bluenrg1_stack_init_if.o(i.hci_le_direct_advertising_report_event) referenced from bluenrg1_stack_init_if.o(i.BlueNRG_Stack_Initialization)
 <LI><a href="#[4e]">hci_le_enhanced_connection_complete_event</a> from bluenrg1_stack_init_if.o(i.hci_le_enhanced_connection_complete_event) referenced from bluenrg1_stack_init_if.o(i.BlueNRG_Stack_Initialization)
 <LI><a href="#[4d]">hci_le_generate_dhkey_complete_event</a> from bluenrg1_stack_init_if.o(i.hci_le_generate_dhkey_complete_event) referenced from bluenrg1_stack_init_if.o(i.BlueNRG_Stack_Initialization)
 <LI><a href="#[4a]">hci_le_long_term_key_request_event</a> from bluenrg1_stack_init_if.o(i.hci_le_long_term_key_request_event) referenced from bluenrg1_stack_init_if.o(i.BlueNRG_Stack_Initialization)
 <LI><a href="#[4c]">hci_le_read_local_p256_public_key_complete_event</a> from bluenrg1_stack_init_if.o(i.hci_le_read_local_p256_public_key_complete_event) referenced from bluenrg1_stack_init_if.o(i.BlueNRG_Stack_Initialization)
 <LI><a href="#[49]">hci_le_read_remote_used_features_complete_event</a> from bluenrg1_stack_init_if.o(i.hci_le_read_remote_used_features_complete_event) referenced from bluenrg1_stack_init_if.o(i.BlueNRG_Stack_Initialization)
 <LI><a href="#[1b]">hci_number_of_completed_packets_event</a> from bluenrg1_stack_init_if.o(i.hci_number_of_completed_packets_event) referenced from bluenrg1_stack_init_if.o(i.BlueNRG_Stack_Initialization)
 <LI><a href="#[19]">hci_read_remote_version_information_complete_event</a> from bluenrg1_stack_init_if.o(i.hci_read_remote_version_information_complete_event) referenced from bluenrg1_stack_init_if.o(i.BlueNRG_Stack_Initialization)
 <LI><a href="#[16]">main</a> from ble_chat_main.o(i.main) referenced from entry9a.o(.ARM.Collect$$$$0000000B)
</UL>
<P>
<H3>
Global Symbols
</H3>
<P><STRONG><a name="[9d]"></a>BTLE_StackTick</STRONG> (Thumb, 124 bytes, Stack size 0 bytes, BLE_Static_Stack.o(ABSOLUTE))
<BR><BR>[Called By]<UL><LI><a href="#[16]">&gt;&gt;</a>&nbsp;&nbsp;&nbsp;main
</UL>

<P><STRONG><a name="[64]"></a>BlueNRG_Stack_Initialization_nocallbacks</STRONG> (Thumb, 62 bytes, Stack size 0 bytes, BLE_Static_Stack.o(ABSOLUTE))
<BR><BR>[Called By]<UL><LI><a href="#[63]">&gt;&gt;</a>&nbsp;&nbsp;&nbsp;BlueNRG_Stack_Initialization
</UL>

<P><STRONG><a name="[65]"></a>RAL_Isr</STRONG> (Thumb, 500 bytes, Stack size 0 bytes, BLE_Static_Stack.o(ABSOLUTE))
<BR><BR>[Called By]<UL><LI><a href="#[a]">&gt;&gt;</a>&nbsp;&nbsp;&nbsp;Blue_Handler
</UL>

<P><STRONG><a name="[6a]"></a>aci_gap_init</STRONG> (Thumb, 48 bytes, Stack size 0 bytes, BLE_Static_Stack.o(ABSOLUTE))
<BR><BR>[Called By]<UL><LI><a href="#[66]">&gt;&gt;</a>&nbsp;&nbsp;&nbsp;CHAT_DeviceInit
</UL>

<P><STRONG><a name="[74]"></a>aci_gap_set_discoverable</STRONG> (Thumb, 66 bytes, Stack size 0 bytes, BLE_Static_Stack.o(ABSOLUTE))
<BR><BR>[Called By]<UL><LI><a href="#[5b]">&gt;&gt;</a>&nbsp;&nbsp;&nbsp;Make_Connection
</UL>

<P><STRONG><a name="[9a]"></a>aci_gap_terminate</STRONG> (Thumb, 8 bytes, Stack size 0 bytes, BLE_Static_Stack.o(ABSOLUTE))
<BR><BR>[Called By]<UL><LI><a href="#[20]">&gt;&gt;</a>&nbsp;&nbsp;&nbsp;aci_hal_fw_error_event
</UL>

<P><STRONG><a name="[75]"></a>aci_gap_update_adv_data</STRONG> (Thumb, 16 bytes, Stack size 0 bytes, BLE_Static_Stack.o(ABSOLUTE))
<BR><BR>[Called By]<UL><LI><a href="#[5b]">&gt;&gt;</a>&nbsp;&nbsp;&nbsp;Make_Connection
</UL>

<P><STRONG><a name="[60]"></a>aci_gatt_add_char</STRONG> (Thumb, 62 bytes, Stack size 0 bytes, BLE_Static_Stack.o(ABSOLUTE))
<BR><BR>[Called By]<UL><LI><a href="#[5d]">&gt;&gt;</a>&nbsp;&nbsp;&nbsp;Add_Chat_Service
</UL>

<P><STRONG><a name="[5f]"></a>aci_gatt_add_service</STRONG> (Thumb, 54 bytes, Stack size 0 bytes, BLE_Static_Stack.o(ABSOLUTE))
<BR><BR>[Called By]<UL><LI><a href="#[5d]">&gt;&gt;</a>&nbsp;&nbsp;&nbsp;Add_Chat_Service
</UL>

<P><STRONG><a name="[69]"></a>aci_gatt_init</STRONG> (Thumb, 8 bytes, Stack size 0 bytes, BLE_Static_Stack.o(ABSOLUTE))
<BR><BR>[Called By]<UL><LI><a href="#[66]">&gt;&gt;</a>&nbsp;&nbsp;&nbsp;CHAT_DeviceInit
</UL>

<P><STRONG><a name="[6b]"></a>aci_gatt_update_char_value_ext</STRONG> (Thumb, 34 bytes, Stack size 0 bytes, BLE_Static_Stack.o(ABSOLUTE))
<BR><BR>[Called By]<UL><LI><a href="#[5c]">&gt;&gt;</a>&nbsp;&nbsp;&nbsp;Send_Data_Over_BLE
<LI><a href="#[66]">&gt;&gt;</a>&nbsp;&nbsp;&nbsp;CHAT_DeviceInit
</UL>

<P><STRONG><a name="[68]"></a>aci_hal_set_tx_power_level</STRONG> (Thumb, 8 bytes, Stack size 0 bytes, BLE_Static_Stack.o(ABSOLUTE))
<BR><BR>[Called By]<UL><LI><a href="#[66]">&gt;&gt;</a>&nbsp;&nbsp;&nbsp;CHAT_DeviceInit
</UL>

<P><STRONG><a name="[67]"></a>aci_hal_write_config_data</STRONG> (Thumb, 8 bytes, Stack size 0 bytes, BLE_Static_Stack.o(ABSOLUTE))
<BR><BR>[Called By]<UL><LI><a href="#[66]">&gt;&gt;</a>&nbsp;&nbsp;&nbsp;CHAT_DeviceInit
</UL>

<P><STRONG><a name="[73]"></a>hci_le_set_scan_response_data</STRONG> (Thumb, 22 bytes, Stack size 0 bytes, BLE_Static_Stack.o(ABSOLUTE))
<BR><BR>[Called By]<UL><LI><a href="#[5b]">&gt;&gt;</a>&nbsp;&nbsp;&nbsp;Make_Connection
</UL>

<P><STRONG><a name="[9e]"></a>CS_contextSave</STRONG> (Thumb, 82 bytes, Stack size 0 bytes, context_switch.o(. text), UNUSED)

<P><STRONG><a name="[97]"></a>CS_contextRestore</STRONG> (Thumb, 42 bytes, Stack size 0 bytes, context_switch.o(. text))
<BR><BR>[Called By]<UL><LI><a href="#[7a]">&gt;&gt;</a>&nbsp;&nbsp;&nbsp;__low_level_init
</UL>

<P><STRONG><a name="[53]"></a>__main</STRONG> (Thumb, 0 bytes, Stack size unknown bytes, entry.o(.ARM.Collect$$$$00000000))
<BR><BR>[Called By]<UL><LI><a href="#[0]">&gt;&gt;</a>&nbsp;&nbsp;&nbsp;RESET_HANDLER
</UL>

<P><STRONG><a name="[9f]"></a>_main_stk</STRONG> (Thumb, 0 bytes, Stack size unknown bytes, entry3.o(.ARM.Collect$$$$00000002))

<P><STRONG><a name="[54]"></a>_main_scatterload</STRONG> (Thumb, 0 bytes, Stack size unknown bytes, entry5.o(.ARM.Collect$$$$00000004))
<BR><BR>[Calls]<UL><LI><a href="#[55]">&gt;&gt;</a>&nbsp;&nbsp;&nbsp;__scatterload
</UL>

<P><STRONG><a name="[59]"></a>__main_after_scatterload</STRONG> (Thumb, 0 bytes, Stack size unknown bytes, entry5.o(.ARM.Collect$$$$00000004))
<BR><BR>[Called By]<UL><LI><a href="#[55]">&gt;&gt;</a>&nbsp;&nbsp;&nbsp;__scatterload
</UL>

<P><STRONG><a name="[a0]"></a>_main_clock</STRONG> (Thumb, 0 bytes, Stack size unknown bytes, entry7b.o(.ARM.Collect$$$$00000008))

<P><STRONG><a name="[a1]"></a>_main_cpp_init</STRONG> (Thumb, 0 bytes, Stack size unknown bytes, entry8b.o(.ARM.Collect$$$$0000000A))

<P><STRONG><a name="[a2]"></a>_main_init</STRONG> (Thumb, 0 bytes, Stack size unknown bytes, entry9a.o(.ARM.Collect$$$$0000000B))

<P><STRONG><a name="[a3]"></a>__rt_final_cpp</STRONG> (Thumb, 0 bytes, Stack size unknown bytes, entry10a.o(.ARM.Collect$$$$0000000D))

<P><STRONG><a name="[a4]"></a>__rt_final_exit</STRONG> (Thumb, 0 bytes, Stack size unknown bytes, entry11a.o(.ARM.Collect$$$$0000000F))

<P><STRONG><a name="[a5]"></a>__aeabi_uidiv</STRONG> (Thumb, 0 bytes, Stack size 12 bytes, uidiv.o(.text), UNUSED)

<P><STRONG><a name="[92]"></a>__aeabi_uidivmod</STRONG> (Thumb, 44 bytes, Stack size 12 bytes, uidiv.o(.text))
<BR><BR>[Stack]<UL><LI>Max Depth = 12<LI>Call Chain = __aeabi_uidivmod
</UL>
<BR>[Called By]<UL><LI><a href="#[86]">&gt;&gt;</a>&nbsp;&nbsp;&nbsp;UART_Init
</UL>

<P><STRONG><a name="[a6]"></a>___aeabi_memcpy8$ret</STRONG> (Thumb, 0 bytes, Stack size 8 bytes, memcpy.o(.text), UNUSED)

<P><STRONG><a name="[a7]"></a>__aeabi_memcpy</STRONG> (Thumb, 40 bytes, Stack size 8 bytes, memcpy.o(.text), UNUSED)

<P><STRONG><a name="[6d]"></a>__aeabi_memcpy4</STRONG> (Thumb, 0 bytes, Stack size 8 bytes, memcpy.o(.text))
<BR><BR>[Stack]<UL><LI>Max Depth = 8<LI>Call Chain = __aeabi_memcpy4
</UL>
<BR>[Called By]<UL><LI><a href="#[5b]">&gt;&gt;</a>&nbsp;&nbsp;&nbsp;Make_Connection
<LI><a href="#[6c]">&gt;&gt;</a>&nbsp;&nbsp;&nbsp;DeviceConfiguration
</UL>

<P><STRONG><a name="[78]"></a>memcpy</STRONG> (Thumb, 0 bytes, Stack size 8 bytes, memcpy.o(.text))
<BR><BR>[Stack]<UL><LI>Max Depth = 8<LI>Call Chain = memcpy
</UL>
<BR>[Called By]<UL><LI><a href="#[5e]">&gt;&gt;</a>&nbsp;&nbsp;&nbsp;Osal_MemCpy
</UL>

<P><STRONG><a name="[56]"></a>__aeabi_uldivmod</STRONG> (Thumb, 96 bytes, Stack size 48 bytes, uldiv.o(.text), UNUSED)
<BR><BR>[Calls]<UL><LI><a href="#[57]">&gt;&gt;</a>&nbsp;&nbsp;&nbsp;__aeabi_llsr
<LI><a href="#[58]">&gt;&gt;</a>&nbsp;&nbsp;&nbsp;__aeabi_llsl
</UL>
<BR>[Called By]<UL><LI><a href="#[94]">&gt;&gt;</a>&nbsp;&nbsp;&nbsp;_printf_core
</UL>

<P><STRONG><a name="[58]"></a>__aeabi_llsl</STRONG> (Thumb, 32 bytes, Stack size 8 bytes, llshl.o(.text), UNUSED)
<BR><BR>[Called By]<UL><LI><a href="#[56]">&gt;&gt;</a>&nbsp;&nbsp;&nbsp;__aeabi_uldivmod
</UL>

<P><STRONG><a name="[a8]"></a>_ll_shift_l</STRONG> (Thumb, 0 bytes, Stack size 8 bytes, llshl.o(.text), UNUSED)

<P><STRONG><a name="[55]"></a>__scatterload</STRONG> (Thumb, 28 bytes, Stack size 0 bytes, init.o(.text))
<BR><BR>[Calls]<UL><LI><a href="#[59]">&gt;&gt;</a>&nbsp;&nbsp;&nbsp;__main_after_scatterload
</UL>
<BR>[Called By]<UL><LI><a href="#[54]">&gt;&gt;</a>&nbsp;&nbsp;&nbsp;_main_scatterload
</UL>

<P><STRONG><a name="[a9]"></a>__scatterload_rt2</STRONG> (Thumb, 0 bytes, Stack size 0 bytes, init.o(.text), UNUSED)

<P><STRONG><a name="[57]"></a>__aeabi_llsr</STRONG> (Thumb, 34 bytes, Stack size 8 bytes, llushr.o(.text), UNUSED)
<BR><BR>[Called By]<UL><LI><a href="#[56]">&gt;&gt;</a>&nbsp;&nbsp;&nbsp;__aeabi_uldivmod
</UL>

<P><STRONG><a name="[aa]"></a>_ll_ushift_r</STRONG> (Thumb, 0 bytes, Stack size 8 bytes, llushr.o(.text), UNUSED)

<P><STRONG><a name="[ab]"></a>__decompress</STRONG> (Thumb, 0 bytes, Stack size unknown bytes, __dczerorl.o(.text), UNUSED)

<P><STRONG><a name="[ac]"></a>__decompress0</STRONG> (Thumb, 58 bytes, Stack size unknown bytes, __dczerorl.o(.text), UNUSED)

<P><STRONG><a name="[c]"></a>ADC_Handler</STRONG> (Thumb, 2 bytes, Stack size 0 bytes, system_bluenrg1.o(i.ADC_Handler))
<BR>[Address Reference Count : 1]<UL><LI> system_bluenrg1.o(.intvec)
</UL>
<P><STRONG><a name="[5a]"></a>APP_Tick</STRONG> (Thumb, 28 bytes, Stack size 8 bytes, chat.o(i.APP_Tick))
<BR><BR>[Stack]<UL><LI>Max Depth = 120<LI>Call Chain = APP_Tick &rArr; Make_Connection &rArr; __2printf
</UL>
<BR>[Calls]<UL><LI><a href="#[5c]">&gt;&gt;</a>&nbsp;&nbsp;&nbsp;Send_Data_Over_BLE
<LI><a href="#[5b]">&gt;&gt;</a>&nbsp;&nbsp;&nbsp;Make_Connection
</UL>
<BR>[Called By]<UL><LI><a href="#[16]">&gt;&gt;</a>&nbsp;&nbsp;&nbsp;main
</UL>

<P><STRONG><a name="[5d]"></a>Add_Chat_Service</STRONG> (Thumb, 176 bytes, Stack size 96 bytes, gatt_db.o(i.Add_Chat_Service))
<BR><BR>[Stack]<UL><LI>Max Depth = 120<LI>Call Chain = Add_Chat_Service &rArr; __2printf
</UL>
<BR>[Calls]<UL><LI><a href="#[5e]">&gt;&gt;</a>&nbsp;&nbsp;&nbsp;Osal_MemCpy
<LI><a href="#[5f]">&gt;&gt;</a>&nbsp;&nbsp;&nbsp;aci_gatt_add_service
<LI><a href="#[60]">&gt;&gt;</a>&nbsp;&nbsp;&nbsp;aci_gatt_add_char
<LI><a href="#[61]">&gt;&gt;</a>&nbsp;&nbsp;&nbsp;__2printf
</UL>
<BR>[Called By]<UL><LI><a href="#[66]">&gt;&gt;</a>&nbsp;&nbsp;&nbsp;CHAT_DeviceInit
</UL>

<P><STRONG><a name="[62]"></a>Attribute_Modified_CB</STRONG> (Thumb, 62 bytes, Stack size 16 bytes, gatt_db.o(i.Attribute_Modified_CB))
<BR><BR>[Stack]<UL><LI>Max Depth = 40<LI>Call Chain = Attribute_Modified_CB &rArr; __2printf
</UL>
<BR>[Calls]<UL><LI><a href="#[61]">&gt;&gt;</a>&nbsp;&nbsp;&nbsp;__2printf
</UL>
<BR>[Called By]<UL><LI><a href="#[2f]">&gt;&gt;</a>&nbsp;&nbsp;&nbsp;aci_gatt_attribute_modified_event
</UL>

<P><STRONG><a name="[6f]"></a>BOR_ConfigSave</STRONG> (Thumb, 54 bytes, Stack size 16 bytes, system_bluenrg1.o(i.BOR_ConfigSave))
<BR><BR>[Stack]<UL><LI>Max Depth = 16<LI>Call Chain = BOR_ConfigSave
</UL>
<BR>[Called By]<UL><LI><a href="#[6c]">&gt;&gt;</a>&nbsp;&nbsp;&nbsp;DeviceConfiguration
</UL>

<P><STRONG><a name="[63]"></a>BlueNRG_Stack_Initialization</STRONG> (Thumb, 244 bytes, Stack size 8 bytes, bluenrg1_stack_init_if.o(i.BlueNRG_Stack_Initialization))
<BR><BR>[Stack]<UL><LI>Max Depth = 8<LI>Call Chain = BlueNRG_Stack_Initialization
</UL>
<BR>[Calls]<UL><LI><a href="#[64]">&gt;&gt;</a>&nbsp;&nbsp;&nbsp;BlueNRG_Stack_Initialization_nocallbacks
</UL>
<BR>[Called By]<UL><LI><a href="#[16]">&gt;&gt;</a>&nbsp;&nbsp;&nbsp;main
</UL>

<P><STRONG><a name="[a]"></a>Blue_Handler</STRONG> (Thumb, 8 bytes, Stack size 8 bytes, bluenrg1_it.o(i.Blue_Handler))
<BR><BR>[Stack]<UL><LI>Max Depth = 8<LI>Call Chain = Blue_Handler
</UL>
<BR>[Calls]<UL><LI><a href="#[65]">&gt;&gt;</a>&nbsp;&nbsp;&nbsp;RAL_Isr
</UL>
<BR>[Address Reference Count : 1]<UL><LI> system_bluenrg1.o(.intvec)
</UL>
<P><STRONG><a name="[66]"></a>CHAT_DeviceInit</STRONG> (Thumb, 180 bytes, Stack size 56 bytes, chat.o(i.CHAT_DeviceInit))
<BR><BR>[Stack]<UL><LI>Max Depth = 176<LI>Call Chain = CHAT_DeviceInit &rArr; Add_Chat_Service &rArr; __2printf
</UL>
<BR>[Calls]<UL><LI><a href="#[6b]">&gt;&gt;</a>&nbsp;&nbsp;&nbsp;aci_gatt_update_char_value_ext
<LI><a href="#[67]">&gt;&gt;</a>&nbsp;&nbsp;&nbsp;aci_hal_write_config_data
<LI><a href="#[68]">&gt;&gt;</a>&nbsp;&nbsp;&nbsp;aci_hal_set_tx_power_level
<LI><a href="#[69]">&gt;&gt;</a>&nbsp;&nbsp;&nbsp;aci_gatt_init
<LI><a href="#[6a]">&gt;&gt;</a>&nbsp;&nbsp;&nbsp;aci_gap_init
<LI><a href="#[5d]">&gt;&gt;</a>&nbsp;&nbsp;&nbsp;Add_Chat_Service
<LI><a href="#[61]">&gt;&gt;</a>&nbsp;&nbsp;&nbsp;__2printf
</UL>
<BR>[Called By]<UL><LI><a href="#[16]">&gt;&gt;</a>&nbsp;&nbsp;&nbsp;main
</UL>

<P><STRONG><a name="[9c]"></a>Clock_Init</STRONG> (Thumb, 32 bytes, Stack size 8 bytes, clock.o(i.Clock_Init))
<BR><BR>[Stack]<UL><LI>Max Depth = 8<LI>Call Chain = Clock_Init
</UL>
<BR>[Called By]<UL><LI><a href="#[16]">&gt;&gt;</a>&nbsp;&nbsp;&nbsp;main
</UL>

<P><STRONG><a name="[15]"></a>DMA_Handler</STRONG> (Thumb, 2 bytes, Stack size 0 bytes, system_bluenrg1.o(i.DMA_Handler))
<BR>[Address Reference Count : 1]<UL><LI> system_bluenrg1.o(.intvec)
</UL>
<P><STRONG><a name="[6c]"></a>DeviceConfiguration</STRONG> (Thumb, 298 bytes, Stack size 72 bytes, system_bluenrg1.o(i.DeviceConfiguration))
<BR><BR>[Stack]<UL><LI>Max Depth = 88<LI>Call Chain = DeviceConfiguration &rArr; BOR_ConfigSave
</UL>
<BR>[Calls]<UL><LI><a href="#[6e]">&gt;&gt;</a>&nbsp;&nbsp;&nbsp;HAL_GetPartInfo
<LI><a href="#[6d]">&gt;&gt;</a>&nbsp;&nbsp;&nbsp;__aeabi_memcpy4
<LI><a href="#[70]">&gt;&gt;</a>&nbsp;&nbsp;&nbsp;Set_RF_FrontEnd
<LI><a href="#[6f]">&gt;&gt;</a>&nbsp;&nbsp;&nbsp;BOR_ConfigSave
</UL>
<BR>[Called By]<UL><LI><a href="#[90]">&gt;&gt;</a>&nbsp;&nbsp;&nbsp;SystemInit
</UL>

<P><STRONG><a name="[6]"></a>GPIO_Handler</STRONG> (Thumb, 2 bytes, Stack size 0 bytes, bluenrg1_it.o(i.GPIO_Handler))
<BR>[Address Reference Count : 1]<UL><LI> system_bluenrg1.o(.intvec)
</UL>
<P><STRONG><a name="[85]"></a>GPIO_Init</STRONG> (Thumb, 206 bytes, Stack size 20 bytes, bluenrg1_gpio.o(i.GPIO_Init))
<BR><BR>[Stack]<UL><LI>Max Depth = 20<LI>Call Chain = GPIO_Init
</UL>
<BR>[Called By]<UL><LI><a href="#[7c]">&gt;&gt;</a>&nbsp;&nbsp;&nbsp;SdkEvalComUartInit
<LI><a href="#[8d]">&gt;&gt;</a>&nbsp;&nbsp;&nbsp;SdkEvalPushButtonInit
</UL>

<P><STRONG><a name="[8c]"></a>GPIO_ReadBit</STRONG> (Thumb, 18 bytes, Stack size 0 bytes, bluenrg1_gpio.o(i.GPIO_ReadBit))
<BR><BR>[Called By]<UL><LI><a href="#[8b]">&gt;&gt;</a>&nbsp;&nbsp;&nbsp;SdkEvalPushButtonGetState
</UL>

<P><STRONG><a name="[71]"></a>Get_ButtonGpioPin</STRONG> (Thumb, 40 bytes, Stack size 8 bytes, sdk_eval_button.o(i.Get_ButtonGpioPin))
<BR><BR>[Stack]<UL><LI>Max Depth = 8<LI>Call Chain = Get_ButtonGpioPin
</UL>
<BR>[Calls]<UL><LI><a href="#[72]">&gt;&gt;</a>&nbsp;&nbsp;&nbsp;SdkEvalGetVersion
</UL>
<BR>[Called By]<UL><LI><a href="#[8d]">&gt;&gt;</a>&nbsp;&nbsp;&nbsp;SdkEvalPushButtonInit
<LI><a href="#[8b]">&gt;&gt;</a>&nbsp;&nbsp;&nbsp;SdkEvalPushButtonGetState
</UL>

<P><STRONG><a name="[6e]"></a>HAL_GetPartInfo</STRONG> (Thumb, 76 bytes, Stack size 12 bytes, miscutil.o(i.HAL_GetPartInfo))
<BR><BR>[Stack]<UL><LI>Max Depth = 12<LI>Call Chain = HAL_GetPartInfo
</UL>
<BR>[Called By]<UL><LI><a href="#[7a]">&gt;&gt;</a>&nbsp;&nbsp;&nbsp;__low_level_init
<LI><a href="#[6c]">&gt;&gt;</a>&nbsp;&nbsp;&nbsp;DeviceConfiguration
</UL>

<P><STRONG><a name="[50]"></a>HAL_VTimerTimeoutCallback</STRONG> (Thumb, 2 bytes, Stack size 0 bytes, bluenrg1_stack_init_if.o(i.HAL_VTimerTimeoutCallback))
<BR>[Address Reference Count : 1]<UL><LI> bluenrg1_stack_init_if.o(i.BlueNRG_Stack_Initialization)
</UL>
<P><STRONG><a name="[2]"></a>HardFault_Handler</STRONG> (Thumb, 2 bytes, Stack size 0 bytes, bluenrg1_it.o(i.HardFault_Handler))
<BR><BR>[Calls]<UL><LI><a href="#[2]">&gt;&gt;</a>&nbsp;&nbsp;&nbsp;HardFault_Handler
</UL>
<BR>[Called By]<UL><LI><a href="#[2]">&gt;&gt;</a>&nbsp;&nbsp;&nbsp;HardFault_Handler
</UL>
<BR>[Address Reference Count : 1]<UL><LI> system_bluenrg1.o(.intvec)
</UL>
<P><STRONG><a name="[e]"></a>I2C1_Handler</STRONG> (Thumb, 2 bytes, Stack size 0 bytes, system_bluenrg1.o(i.I2C1_Handler))
<BR>[Address Reference Count : 1]<UL><LI> system_bluenrg1.o(.intvec)
</UL>
<P><STRONG><a name="[d]"></a>I2C2_Handler</STRONG> (Thumb, 2 bytes, Stack size 0 bytes, system_bluenrg1.o(i.I2C2_Handler))
<BR>[Address Reference Count : 1]<UL><LI> system_bluenrg1.o(.intvec)
</UL>
<P><STRONG><a name="[f]"></a>MFT1A_Handler</STRONG> (Thumb, 2 bytes, Stack size 0 bytes, system_bluenrg1.o(i.MFT1A_Handler))
<BR>[Address Reference Count : 1]<UL><LI> system_bluenrg1.o(.intvec)
</UL>
<P><STRONG><a name="[10]"></a>MFT1B_Handler</STRONG> (Thumb, 2 bytes, Stack size 0 bytes, system_bluenrg1.o(i.MFT1B_Handler))
<BR>[Address Reference Count : 1]<UL><LI> system_bluenrg1.o(.intvec)
</UL>
<P><STRONG><a name="[11]"></a>MFT2A_Handler</STRONG> (Thumb, 2 bytes, Stack size 0 bytes, system_bluenrg1.o(i.MFT2A_Handler))
<BR>[Address Reference Count : 1]<UL><LI> system_bluenrg1.o(.intvec)
</UL>
<P><STRONG><a name="[12]"></a>MFT2B_Handler</STRONG> (Thumb, 2 bytes, Stack size 0 bytes, system_bluenrg1.o(i.MFT2B_Handler))
<BR>[Address Reference Count : 1]<UL><LI> system_bluenrg1.o(.intvec)
</UL>
<P><STRONG><a name="[5b]"></a>Make_Connection</STRONG> (Thumb, 116 bytes, Stack size 88 bytes, chat.o(i.Make_Connection))
<BR><BR>[Stack]<UL><LI>Max Depth = 112<LI>Call Chain = Make_Connection &rArr; __2printf
</UL>
<BR>[Calls]<UL><LI><a href="#[6d]">&gt;&gt;</a>&nbsp;&nbsp;&nbsp;__aeabi_memcpy4
<LI><a href="#[73]">&gt;&gt;</a>&nbsp;&nbsp;&nbsp;hci_le_set_scan_response_data
<LI><a href="#[75]">&gt;&gt;</a>&nbsp;&nbsp;&nbsp;aci_gap_update_adv_data
<LI><a href="#[74]">&gt;&gt;</a>&nbsp;&nbsp;&nbsp;aci_gap_set_discoverable
<LI><a href="#[61]">&gt;&gt;</a>&nbsp;&nbsp;&nbsp;__2printf
</UL>
<BR>[Called By]<UL><LI><a href="#[5a]">&gt;&gt;</a>&nbsp;&nbsp;&nbsp;APP_Tick
</UL>

<P><STRONG><a name="[1]"></a>NMI_Handler</STRONG> (Thumb, 2 bytes, Stack size 0 bytes, bluenrg1_it.o(i.NMI_Handler))
<BR>[Address Reference Count : 1]<UL><LI> system_bluenrg1.o(.intvec)
</UL>
<P><STRONG><a name="[89]"></a>NVIC_Init</STRONG> (Thumb, 124 bytes, Stack size 16 bytes, misc.o(i.NVIC_Init))
<BR><BR>[Stack]<UL><LI>Max Depth = 16<LI>Call Chain = NVIC_Init
</UL>
<BR>[Called By]<UL><LI><a href="#[7d]">&gt;&gt;</a>&nbsp;&nbsp;&nbsp;SdkEvalComUartIrqConfig
</UL>

<P><STRONG><a name="[7]"></a>NVM_Handler</STRONG> (Thumb, 2 bytes, Stack size 0 bytes, system_bluenrg1.o(i.NVM_Handler))
<BR>[Address Reference Count : 1]<UL><LI> system_bluenrg1.o(.intvec)
</UL>
<P><STRONG><a name="[76]"></a>OTA_Jump_To_Service_Manager_Application</STRONG> (Thumb, 10 bytes, Stack size 0 bytes, ota_btl.o(i.OTA_Jump_To_Service_Manager_Application))
<BR><BR>[Calls]<UL><LI><a href="#[77]">&gt;&gt;</a>&nbsp;&nbsp;&nbsp;NVIC_SystemReset
</UL>
<BR>[Called By]<UL><LI><a href="#[16]">&gt;&gt;</a>&nbsp;&nbsp;&nbsp;main
</UL>

<P><STRONG><a name="[5e]"></a>Osal_MemCpy</STRONG> (Thumb, 8 bytes, Stack size 8 bytes, osal.o(i.Osal_MemCpy))
<BR><BR>[Stack]<UL><LI>Max Depth = 16<LI>Call Chain = Osal_MemCpy &rArr; memcpy
</UL>
<BR>[Calls]<UL><LI><a href="#[78]">&gt;&gt;</a>&nbsp;&nbsp;&nbsp;memcpy
</UL>
<BR>[Called By]<UL><LI><a href="#[5d]">&gt;&gt;</a>&nbsp;&nbsp;&nbsp;Add_Chat_Service
</UL>

<P><STRONG><a name="[14]"></a>PKA_Handler</STRONG> (Thumb, 2 bytes, Stack size 0 bytes, system_bluenrg1.o(i.PKA_Handler))
<BR>[Address Reference Count : 1]<UL><LI> system_bluenrg1.o(.intvec)
</UL>
<P><STRONG><a name="[4]"></a>PendSV_Handler</STRONG> (Thumb, 2 bytes, Stack size 0 bytes, system_bluenrg1.o(i.PendSV_Handler))
<BR>[Address Reference Count : 1]<UL><LI> system_bluenrg1.o(.intvec)
</UL>
<P><STRONG><a name="[52]"></a>Process_InputData</STRONG> (Thumb, 98 bytes, Stack size 32 bytes, chat.o(i.Process_InputData))
<BR><BR>[Stack]<UL><LI>Max Depth = 48<LI>Call Chain = Process_InputData &rArr; SdkEvalComIOSendData &rArr; SdkEvalUart_Send_Data
</UL>
<BR>[Calls]<UL><LI><a href="#[79]">&gt;&gt;</a>&nbsp;&nbsp;&nbsp;SdkEvalComIOSendData
</UL>
<BR>[Address Reference Count : 1]<UL><LI> ble_chat_main.o(i.main)
</UL>
<P><STRONG><a name="[0]"></a>RESET_HANDLER</STRONG> (Thumb, 26 bytes, Stack size 0 bytes, system_bluenrg1.o(i.RESET_HANDLER))
<BR><BR>[Stack]<UL><LI>Max Depth = 176 + Unknown Stack Size
<LI>Call Chain = RESET_HANDLER &rArr; main &rArr; CHAT_DeviceInit &rArr; Add_Chat_Service &rArr; __2printf
</UL>
<BR>[Calls]<UL><LI><a href="#[53]">&gt;&gt;</a>&nbsp;&nbsp;&nbsp;__main
<LI><a href="#[16]">&gt;&gt;</a>&nbsp;&nbsp;&nbsp;main
<LI><a href="#[7a]">&gt;&gt;</a>&nbsp;&nbsp;&nbsp;__low_level_init
</UL>
<BR>[Address Reference Count : 1]<UL><LI> system_bluenrg1.o(.intvec)
</UL>
<P><STRONG><a name="[13]"></a>RTC_Handler</STRONG> (Thumb, 2 bytes, Stack size 0 bytes, system_bluenrg1.o(i.RTC_Handler))
<BR>[Address Reference Count : 1]<UL><LI> system_bluenrg1.o(.intvec)
</UL>
<P><STRONG><a name="[96]"></a>SET_BORconfigStatus</STRONG> (Thumb, 54 bytes, Stack size 12 bytes, system_bluenrg1.o(i.SET_BORconfigStatus))
<BR><BR>[Stack]<UL><LI>Max Depth = 12<LI>Call Chain = SET_BORconfigStatus
</UL>
<BR>[Called By]<UL><LI><a href="#[7a]">&gt;&gt;</a>&nbsp;&nbsp;&nbsp;__low_level_init
</UL>

<P><STRONG><a name="[9]"></a>SPI_Handler</STRONG> (Thumb, 2 bytes, Stack size 0 bytes, system_bluenrg1.o(i.SPI_Handler))
<BR>[Address Reference Count : 1]<UL><LI> system_bluenrg1.o(.intvec)
</UL>
<P><STRONG><a name="[3]"></a>SVC_Handler</STRONG> (Thumb, 2 bytes, Stack size 0 bytes, bluenrg1_it.o(i.SVC_Handler))
<BR>[Address Reference Count : 1]<UL><LI> system_bluenrg1.o(.intvec)
</UL>
<P><STRONG><a name="[7b]"></a>SdkEvalComIOConfig</STRONG> (Thumb, 22 bytes, Stack size 8 bytes, sdk_eval_com.o(i.SdkEvalComIOConfig))
<BR><BR>[Stack]<UL><LI>Max Depth = 68<LI>Call Chain = SdkEvalComIOConfig &rArr; SdkEvalComUartInit &rArr; UART_Init &rArr; __aeabi_uidivmod
</UL>
<BR>[Calls]<UL><LI><a href="#[7d]">&gt;&gt;</a>&nbsp;&nbsp;&nbsp;SdkEvalComUartIrqConfig
<LI><a href="#[7c]">&gt;&gt;</a>&nbsp;&nbsp;&nbsp;SdkEvalComUartInit
</UL>
<BR>[Called By]<UL><LI><a href="#[16]">&gt;&gt;</a>&nbsp;&nbsp;&nbsp;main
</UL>

<P><STRONG><a name="[82]"></a>SdkEvalComIOReceiveData</STRONG> (Thumb, 12 bytes, Stack size 0 bytes, sdk_eval_com.o(i.SdkEvalComIOReceiveData))
<BR><BR>[Called By]<UL><LI><a href="#[7f]">&gt;&gt;</a>&nbsp;&nbsp;&nbsp;SdkEvalComIOUartIrqHandler
</UL>

<P><STRONG><a name="[79]"></a>SdkEvalComIOSendData</STRONG> (Thumb, 8 bytes, Stack size 8 bytes, sdk_eval_com.o(i.SdkEvalComIOSendData))
<BR><BR>[Stack]<UL><LI>Max Depth = 16<LI>Call Chain = SdkEvalComIOSendData &rArr; SdkEvalUart_Send_Data
</UL>
<BR>[Calls]<UL><LI><a href="#[7e]">&gt;&gt;</a>&nbsp;&nbsp;&nbsp;SdkEvalUart_Send_Data
</UL>
<BR>[Called By]<UL><LI><a href="#[52]">&gt;&gt;</a>&nbsp;&nbsp;&nbsp;Process_InputData
</UL>

<P><STRONG><a name="[7f]"></a>SdkEvalComIOUartIrqHandler</STRONG> (Thumb, 42 bytes, Stack size 8 bytes, sdk_eval_com.o(i.SdkEvalComIOUartIrqHandler))
<BR><BR>[Stack]<UL><LI>Max Depth = 8<LI>Call Chain = SdkEvalComIOUartIrqHandler
</UL>
<BR>[Calls]<UL><LI><a href="#[81]">&gt;&gt;</a>&nbsp;&nbsp;&nbsp;UART_ReceiveData
<LI><a href="#[80]">&gt;&gt;</a>&nbsp;&nbsp;&nbsp;UART_GetITStatus
<LI><a href="#[83]">&gt;&gt;</a>&nbsp;&nbsp;&nbsp;UART_GetFlagStatus
<LI><a href="#[82]">&gt;&gt;</a>&nbsp;&nbsp;&nbsp;SdkEvalComIOReceiveData
</UL>
<BR>[Called By]<UL><LI><a href="#[8]">&gt;&gt;</a>&nbsp;&nbsp;&nbsp;UART_Handler
</UL>

<P><STRONG><a name="[7c]"></a>SdkEvalComUartInit</STRONG> (Thumb, 144 bytes, Stack size 32 bytes, sdk_eval_com.o(i.SdkEvalComUartInit))
<BR><BR>[Stack]<UL><LI>Max Depth = 60<LI>Call Chain = SdkEvalComUartInit &rArr; UART_Init &rArr; __aeabi_uidivmod
</UL>
<BR>[Calls]<UL><LI><a href="#[85]">&gt;&gt;</a>&nbsp;&nbsp;&nbsp;GPIO_Init
<LI><a href="#[87]">&gt;&gt;</a>&nbsp;&nbsp;&nbsp;UART_RxFifoIrqLevelConfig
<LI><a href="#[86]">&gt;&gt;</a>&nbsp;&nbsp;&nbsp;UART_Init
<LI><a href="#[88]">&gt;&gt;</a>&nbsp;&nbsp;&nbsp;UART_Cmd
<LI><a href="#[84]">&gt;&gt;</a>&nbsp;&nbsp;&nbsp;SysCtrl_PeripheralClockCmd
<LI><a href="#[72]">&gt;&gt;</a>&nbsp;&nbsp;&nbsp;SdkEvalGetVersion
</UL>
<BR>[Called By]<UL><LI><a href="#[7b]">&gt;&gt;</a>&nbsp;&nbsp;&nbsp;SdkEvalComIOConfig
</UL>

<P><STRONG><a name="[7d]"></a>SdkEvalComUartIrqConfig</STRONG> (Thumb, 32 bytes, Stack size 16 bytes, sdk_eval_com.o(i.SdkEvalComUartIrqConfig))
<BR><BR>[Stack]<UL><LI>Max Depth = 32<LI>Call Chain = SdkEvalComUartIrqConfig &rArr; NVIC_Init
</UL>
<BR>[Calls]<UL><LI><a href="#[8a]">&gt;&gt;</a>&nbsp;&nbsp;&nbsp;UART_ITConfig
<LI><a href="#[89]">&gt;&gt;</a>&nbsp;&nbsp;&nbsp;NVIC_Init
</UL>
<BR>[Called By]<UL><LI><a href="#[7b]">&gt;&gt;</a>&nbsp;&nbsp;&nbsp;SdkEvalComIOConfig
</UL>

<P><STRONG><a name="[72]"></a>SdkEvalGetVersion</STRONG> (Thumb, 6 bytes, Stack size 0 bytes, sdk_eval_config.o(i.SdkEvalGetVersion))
<BR><BR>[Called By]<UL><LI><a href="#[7c]">&gt;&gt;</a>&nbsp;&nbsp;&nbsp;SdkEvalComUartInit
<LI><a href="#[71]">&gt;&gt;</a>&nbsp;&nbsp;&nbsp;Get_ButtonGpioPin
</UL>

<P><STRONG><a name="[9b]"></a>SdkEvalIdentification</STRONG> (Thumb, 8 bytes, Stack size 0 bytes, sdk_eval_config.o(i.SdkEvalIdentification))
<BR><BR>[Called By]<UL><LI><a href="#[16]">&gt;&gt;</a>&nbsp;&nbsp;&nbsp;main
</UL>

<P><STRONG><a name="[8b]"></a>SdkEvalPushButtonGetState</STRONG> (Thumb, 18 bytes, Stack size 8 bytes, sdk_eval_button.o(i.SdkEvalPushButtonGetState))
<BR><BR>[Stack]<UL><LI>Max Depth = 16<LI>Call Chain = SdkEvalPushButtonGetState &rArr; Get_ButtonGpioPin
</UL>
<BR>[Calls]<UL><LI><a href="#[8c]">&gt;&gt;</a>&nbsp;&nbsp;&nbsp;GPIO_ReadBit
<LI><a href="#[71]">&gt;&gt;</a>&nbsp;&nbsp;&nbsp;Get_ButtonGpioPin
</UL>
<BR>[Called By]<UL><LI><a href="#[16]">&gt;&gt;</a>&nbsp;&nbsp;&nbsp;main
</UL>

<P><STRONG><a name="[8d]"></a>SdkEvalPushButtonInit</STRONG> (Thumb, 38 bytes, Stack size 16 bytes, sdk_eval_button.o(i.SdkEvalPushButtonInit))
<BR><BR>[Stack]<UL><LI>Max Depth = 36<LI>Call Chain = SdkEvalPushButtonInit &rArr; GPIO_Init
</UL>
<BR>[Calls]<UL><LI><a href="#[85]">&gt;&gt;</a>&nbsp;&nbsp;&nbsp;GPIO_Init
<LI><a href="#[84]">&gt;&gt;</a>&nbsp;&nbsp;&nbsp;SysCtrl_PeripheralClockCmd
<LI><a href="#[71]">&gt;&gt;</a>&nbsp;&nbsp;&nbsp;Get_ButtonGpioPin
</UL>
<BR>[Called By]<UL><LI><a href="#[16]">&gt;&gt;</a>&nbsp;&nbsp;&nbsp;main
</UL>

<P><STRONG><a name="[5c]"></a>Send_Data_Over_BLE</STRONG> (Thumb, 108 bytes, Stack size 32 bytes, chat.o(i.Send_Data_Over_BLE))
<BR><BR>[Stack]<UL><LI>Max Depth = 32<LI>Call Chain = Send_Data_Over_BLE
</UL>
<BR>[Calls]<UL><LI><a href="#[6b]">&gt;&gt;</a>&nbsp;&nbsp;&nbsp;aci_gatt_update_char_value_ext
</UL>
<BR>[Called By]<UL><LI><a href="#[5a]">&gt;&gt;</a>&nbsp;&nbsp;&nbsp;APP_Tick
</UL>

<P><STRONG><a name="[70]"></a>Set_RF_FrontEnd</STRONG> (Thumb, 66 bytes, Stack size 0 bytes, system_bluenrg1.o(i.Set_RF_FrontEnd))
<BR><BR>[Called By]<UL><LI><a href="#[6c]">&gt;&gt;</a>&nbsp;&nbsp;&nbsp;DeviceConfiguration
</UL>

<P><STRONG><a name="[8f]"></a>SysCount_Handler</STRONG> (Thumb, 10 bytes, Stack size 0 bytes, clock.o(i.SysCount_Handler))
<BR><BR>[Called By]<UL><LI><a href="#[5]">&gt;&gt;</a>&nbsp;&nbsp;&nbsp;SysTick_Handler
</UL>

<P><STRONG><a name="[95]"></a>SysCtrl_GetWakeupResetReason</STRONG> (Thumb, 138 bytes, Stack size 0 bytes, bluenrg1_sysctrl.o(i.SysCtrl_GetWakeupResetReason))
<BR><BR>[Called By]<UL><LI><a href="#[7a]">&gt;&gt;</a>&nbsp;&nbsp;&nbsp;__low_level_init
</UL>

<P><STRONG><a name="[84]"></a>SysCtrl_PeripheralClockCmd</STRONG> (Thumb, 18 bytes, Stack size 0 bytes, bluenrg1_sysctrl.o(i.SysCtrl_PeripheralClockCmd))
<BR><BR>[Called By]<UL><LI><a href="#[7c]">&gt;&gt;</a>&nbsp;&nbsp;&nbsp;SdkEvalComUartInit
<LI><a href="#[8d]">&gt;&gt;</a>&nbsp;&nbsp;&nbsp;SdkEvalPushButtonInit
</UL>

<P><STRONG><a name="[5]"></a>SysTick_Handler</STRONG> (Thumb, 8 bytes, Stack size 8 bytes, bluenrg1_it.o(i.SysTick_Handler))
<BR><BR>[Stack]<UL><LI>Max Depth = 8<LI>Call Chain = SysTick_Handler
</UL>
<BR>[Calls]<UL><LI><a href="#[8f]">&gt;&gt;</a>&nbsp;&nbsp;&nbsp;SysCount_Handler
</UL>
<BR>[Address Reference Count : 1]<UL><LI> system_bluenrg1.o(.intvec)
</UL>
<P><STRONG><a name="[90]"></a>SystemInit</STRONG> (Thumb, 170 bytes, Stack size 8 bytes, system_bluenrg1.o(i.SystemInit))
<BR><BR>[Stack]<UL><LI>Max Depth = 96<LI>Call Chain = SystemInit &rArr; DeviceConfiguration &rArr; BOR_ConfigSave
</UL>
<BR>[Calls]<UL><LI><a href="#[6c]">&gt;&gt;</a>&nbsp;&nbsp;&nbsp;DeviceConfiguration
<LI><a href="#[91]">&gt;&gt;</a>&nbsp;&nbsp;&nbsp;NVIC_SetPriority
</UL>
<BR>[Called By]<UL><LI><a href="#[16]">&gt;&gt;</a>&nbsp;&nbsp;&nbsp;main
</UL>

<P><STRONG><a name="[88]"></a>UART_Cmd</STRONG> (Thumb, 22 bytes, Stack size 0 bytes, bluenrg1_uart.o(i.UART_Cmd))
<BR><BR>[Called By]<UL><LI><a href="#[7c]">&gt;&gt;</a>&nbsp;&nbsp;&nbsp;SdkEvalComUartInit
</UL>

<P><STRONG><a name="[83]"></a>UART_GetFlagStatus</STRONG> (Thumb, 24 bytes, Stack size 0 bytes, bluenrg1_uart.o(i.UART_GetFlagStatus))
<BR><BR>[Called By]<UL><LI><a href="#[7f]">&gt;&gt;</a>&nbsp;&nbsp;&nbsp;SdkEvalComIOUartIrqHandler
<LI><a href="#[7e]">&gt;&gt;</a>&nbsp;&nbsp;&nbsp;SdkEvalUart_Send_Data
</UL>

<P><STRONG><a name="[80]"></a>UART_GetITStatus</STRONG> (Thumb, 16 bytes, Stack size 0 bytes, bluenrg1_uart.o(i.UART_GetITStatus))
<BR><BR>[Called By]<UL><LI><a href="#[7f]">&gt;&gt;</a>&nbsp;&nbsp;&nbsp;SdkEvalComIOUartIrqHandler
</UL>

<P><STRONG><a name="[8]"></a>UART_Handler</STRONG> (Thumb, 8 bytes, Stack size 8 bytes, bluenrg1_it.o(i.UART_Handler))
<BR><BR>[Stack]<UL><LI>Max Depth = 16<LI>Call Chain = UART_Handler &rArr; SdkEvalComIOUartIrqHandler
</UL>
<BR>[Calls]<UL><LI><a href="#[7f]">&gt;&gt;</a>&nbsp;&nbsp;&nbsp;SdkEvalComIOUartIrqHandler
</UL>
<BR>[Address Reference Count : 1]<UL><LI> system_bluenrg1.o(.intvec)
</UL>
<P><STRONG><a name="[8a]"></a>UART_ITConfig</STRONG> (Thumb, 18 bytes, Stack size 0 bytes, bluenrg1_uart.o(i.UART_ITConfig))
<BR><BR>[Called By]<UL><LI><a href="#[7d]">&gt;&gt;</a>&nbsp;&nbsp;&nbsp;SdkEvalComUartIrqConfig
</UL>

<P><STRONG><a name="[86]"></a>UART_Init</STRONG> (Thumb, 302 bytes, Stack size 16 bytes, bluenrg1_uart.o(i.UART_Init))
<BR><BR>[Stack]<UL><LI>Max Depth = 28<LI>Call Chain = UART_Init &rArr; __aeabi_uidivmod
</UL>
<BR>[Calls]<UL><LI><a href="#[92]">&gt;&gt;</a>&nbsp;&nbsp;&nbsp;__aeabi_uidivmod
</UL>
<BR>[Called By]<UL><LI><a href="#[7c]">&gt;&gt;</a>&nbsp;&nbsp;&nbsp;SdkEvalComUartInit
</UL>

<P><STRONG><a name="[81]"></a>UART_ReceiveData</STRONG> (Thumb, 8 bytes, Stack size 0 bytes, bluenrg1_uart.o(i.UART_ReceiveData))
<BR><BR>[Called By]<UL><LI><a href="#[7f]">&gt;&gt;</a>&nbsp;&nbsp;&nbsp;SdkEvalComIOUartIrqHandler
</UL>

<P><STRONG><a name="[87]"></a>UART_RxFifoIrqLevelConfig</STRONG> (Thumb, 18 bytes, Stack size 0 bytes, bluenrg1_uart.o(i.UART_RxFifoIrqLevelConfig))
<BR><BR>[Called By]<UL><LI><a href="#[7c]">&gt;&gt;</a>&nbsp;&nbsp;&nbsp;SdkEvalComUartInit
</UL>

<P><STRONG><a name="[8e]"></a>UART_SendData</STRONG> (Thumb, 10 bytes, Stack size 0 bytes, bluenrg1_uart.o(i.UART_SendData))
<BR><BR>[Called By]<UL><LI><a href="#[7e]">&gt;&gt;</a>&nbsp;&nbsp;&nbsp;SdkEvalUart_Send_Data
</UL>

<P><STRONG><a name="[b]"></a>WDG_Handler</STRONG> (Thumb, 2 bytes, Stack size 0 bytes, system_bluenrg1.o(i.WDG_Handler))
<BR>[Address Reference Count : 1]<UL><LI> system_bluenrg1.o(.intvec)
</UL>
<P><STRONG><a name="[93]"></a>__0printf$8</STRONG> (Thumb, 24 bytes, Stack size 24 bytes, printf8.o(i.__0printf$8), UNUSED)
<BR><BR>[Calls]<UL><LI><a href="#[94]">&gt;&gt;</a>&nbsp;&nbsp;&nbsp;_printf_core
</UL>

<P><STRONG><a name="[ad]"></a>__1printf$8</STRONG> (Thumb, 0 bytes, Stack size 24 bytes, printf8.o(i.__0printf$8), UNUSED)

<P><STRONG><a name="[61]"></a>__2printf</STRONG> (Thumb, 0 bytes, Stack size 24 bytes, printf8.o(i.__0printf$8))
<BR><BR>[Stack]<UL><LI>Max Depth = 24<LI>Call Chain = __2printf
</UL>
<BR>[Called By]<UL><LI><a href="#[62]">&gt;&gt;</a>&nbsp;&nbsp;&nbsp;Attribute_Modified_CB
<LI><a href="#[5d]">&gt;&gt;</a>&nbsp;&nbsp;&nbsp;Add_Chat_Service
<LI><a href="#[5b]">&gt;&gt;</a>&nbsp;&nbsp;&nbsp;Make_Connection
<LI><a href="#[66]">&gt;&gt;</a>&nbsp;&nbsp;&nbsp;CHAT_DeviceInit
<LI><a href="#[16]">&gt;&gt;</a>&nbsp;&nbsp;&nbsp;main
</UL>

<P><STRONG><a name="[7a]"></a>__low_level_init</STRONG> (Thumb, 162 bytes, Stack size 32 bytes, system_bluenrg1.o(i.__low_level_init))
<BR><BR>[Stack]<UL><LI>Max Depth = 44<LI>Call Chain = __low_level_init &rArr; HAL_GetPartInfo
</UL>
<BR>[Calls]<UL><LI><a href="#[6e]">&gt;&gt;</a>&nbsp;&nbsp;&nbsp;HAL_GetPartInfo
<LI><a href="#[97]">&gt;&gt;</a>&nbsp;&nbsp;&nbsp;CS_contextRestore
<LI><a href="#[95]">&gt;&gt;</a>&nbsp;&nbsp;&nbsp;SysCtrl_GetWakeupResetReason
<LI><a href="#[96]">&gt;&gt;</a>&nbsp;&nbsp;&nbsp;SET_BORconfigStatus
</UL>
<BR>[Called By]<UL><LI><a href="#[0]">&gt;&gt;</a>&nbsp;&nbsp;&nbsp;RESET_HANDLER
</UL>

<P><STRONG><a name="[ae]"></a>__scatterload_copy</STRONG> (Thumb, 14 bytes, Stack size unknown bytes, handlers.o(i.__scatterload_copy), UNUSED)

<P><STRONG><a name="[af]"></a>__scatterload_null</STRONG> (Thumb, 2 bytes, Stack size unknown bytes, handlers.o(i.__scatterload_null), UNUSED)

<P><STRONG><a name="[b0]"></a>__scatterload_zeroinit</STRONG> (Thumb, 14 bytes, Stack size unknown bytes, handlers.o(i.__scatterload_zeroinit), UNUSED)

<P><STRONG><a name="[31]"></a>aci_att_exchange_mtu_resp_event</STRONG> (Thumb, 2 bytes, Stack size 0 bytes, bluenrg1_stack_init_if.o(i.aci_att_exchange_mtu_resp_event))
<BR>[Address Reference Count : 1]<UL><LI> bluenrg1_stack_init_if.o(i.BlueNRG_Stack_Initialization)
</UL>
<P><STRONG><a name="[3a]"></a>aci_att_exec_write_resp_event</STRONG> (Thumb, 2 bytes, Stack size 0 bytes, bluenrg1_stack_init_if.o(i.aci_att_exec_write_resp_event))
<BR>[Address Reference Count : 1]<UL><LI> bluenrg1_stack_init_if.o(i.BlueNRG_Stack_Initialization)
</UL>
<P><STRONG><a name="[33]"></a>aci_att_find_by_type_value_resp_event</STRONG> (Thumb, 2 bytes, Stack size 0 bytes, bluenrg1_stack_init_if.o(i.aci_att_find_by_type_value_resp_event))
<BR>[Address Reference Count : 1]<UL><LI> bluenrg1_stack_init_if.o(i.BlueNRG_Stack_Initialization)
</UL>
<P><STRONG><a name="[32]"></a>aci_att_find_info_resp_event</STRONG> (Thumb, 2 bytes, Stack size 0 bytes, bluenrg1_stack_init_if.o(i.aci_att_find_info_resp_event))
<BR>[Address Reference Count : 1]<UL><LI> bluenrg1_stack_init_if.o(i.BlueNRG_Stack_Initialization)
</UL>
<P><STRONG><a name="[39]"></a>aci_att_prepare_write_resp_event</STRONG> (Thumb, 2 bytes, Stack size 0 bytes, bluenrg1_stack_init_if.o(i.aci_att_prepare_write_resp_event))
<BR>[Address Reference Count : 1]<UL><LI> bluenrg1_stack_init_if.o(i.BlueNRG_Stack_Initialization)
</UL>
<P><STRONG><a name="[36]"></a>aci_att_read_blob_resp_event</STRONG> (Thumb, 2 bytes, Stack size 0 bytes, bluenrg1_stack_init_if.o(i.aci_att_read_blob_resp_event))
<BR>[Address Reference Count : 1]<UL><LI> bluenrg1_stack_init_if.o(i.BlueNRG_Stack_Initialization)
</UL>
<P><STRONG><a name="[38]"></a>aci_att_read_by_group_type_resp_event</STRONG> (Thumb, 2 bytes, Stack size 0 bytes, bluenrg1_stack_init_if.o(i.aci_att_read_by_group_type_resp_event))
<BR>[Address Reference Count : 1]<UL><LI> bluenrg1_stack_init_if.o(i.BlueNRG_Stack_Initialization)
</UL>
<P><STRONG><a name="[34]"></a>aci_att_read_by_type_resp_event</STRONG> (Thumb, 2 bytes, Stack size 0 bytes, bluenrg1_stack_init_if.o(i.aci_att_read_by_type_resp_event))
<BR>[Address Reference Count : 1]<UL><LI> bluenrg1_stack_init_if.o(i.BlueNRG_Stack_Initialization)
</UL>
<P><STRONG><a name="[37]"></a>aci_att_read_multiple_resp_event</STRONG> (Thumb, 2 bytes, Stack size 0 bytes, bluenrg1_stack_init_if.o(i.aci_att_read_multiple_resp_event))
<BR>[Address Reference Count : 1]<UL><LI> bluenrg1_stack_init_if.o(i.BlueNRG_Stack_Initialization)
</UL>
<P><STRONG><a name="[35]"></a>aci_att_read_resp_event</STRONG> (Thumb, 2 bytes, Stack size 0 bytes, bluenrg1_stack_init_if.o(i.aci_att_read_resp_event))
<BR>[Address Reference Count : 1]<UL><LI> bluenrg1_stack_init_if.o(i.BlueNRG_Stack_Initialization)
</UL>
<P><STRONG><a name="[28]"></a>aci_gap_addr_not_resolved_event</STRONG> (Thumb, 2 bytes, Stack size 0 bytes, bluenrg1_stack_init_if.o(i.aci_gap_addr_not_resolved_event))
<BR>[Address Reference Count : 1]<UL><LI> bluenrg1_stack_init_if.o(i.BlueNRG_Stack_Initialization)
</UL>
<P><STRONG><a name="[24]"></a>aci_gap_authorization_req_event</STRONG> (Thumb, 2 bytes, Stack size 0 bytes, bluenrg1_stack_init_if.o(i.aci_gap_authorization_req_event))
<BR>[Address Reference Count : 1]<UL><LI> bluenrg1_stack_init_if.o(i.BlueNRG_Stack_Initialization)
</UL>
<P><STRONG><a name="[26]"></a>aci_gap_bond_lost_event</STRONG> (Thumb, 2 bytes, Stack size 0 bytes, bluenrg1_stack_init_if.o(i.aci_gap_bond_lost_event))
<BR>[Address Reference Count : 1]<UL><LI> bluenrg1_stack_init_if.o(i.BlueNRG_Stack_Initialization)
</UL>
<P><STRONG><a name="[2a]"></a>aci_gap_keypress_notification_event</STRONG> (Thumb, 2 bytes, Stack size 0 bytes, bluenrg1_stack_init_if.o(i.aci_gap_keypress_notification_event))
<BR>[Address Reference Count : 1]<UL><LI> bluenrg1_stack_init_if.o(i.BlueNRG_Stack_Initialization)
</UL>
<P><STRONG><a name="[21]"></a>aci_gap_limited_discoverable_event</STRONG> (Thumb, 2 bytes, Stack size 0 bytes, bluenrg1_stack_init_if.o(i.aci_gap_limited_discoverable_event))
<BR>[Address Reference Count : 1]<UL><LI> bluenrg1_stack_init_if.o(i.BlueNRG_Stack_Initialization)
</UL>
<P><STRONG><a name="[29]"></a>aci_gap_numeric_comparison_value_event</STRONG> (Thumb, 2 bytes, Stack size 0 bytes, bluenrg1_stack_init_if.o(i.aci_gap_numeric_comparison_value_event))
<BR>[Address Reference Count : 1]<UL><LI> bluenrg1_stack_init_if.o(i.BlueNRG_Stack_Initialization)
</UL>
<P><STRONG><a name="[22]"></a>aci_gap_pairing_complete_event</STRONG> (Thumb, 2 bytes, Stack size 0 bytes, bluenrg1_stack_init_if.o(i.aci_gap_pairing_complete_event))
<BR>[Address Reference Count : 1]<UL><LI> bluenrg1_stack_init_if.o(i.BlueNRG_Stack_Initialization)
</UL>
<P><STRONG><a name="[23]"></a>aci_gap_pass_key_req_event</STRONG> (Thumb, 2 bytes, Stack size 0 bytes, bluenrg1_stack_init_if.o(i.aci_gap_pass_key_req_event))
<BR>[Address Reference Count : 1]<UL><LI> bluenrg1_stack_init_if.o(i.BlueNRG_Stack_Initialization)
</UL>
<P><STRONG><a name="[27]"></a>aci_gap_proc_complete_event</STRONG> (Thumb, 2 bytes, Stack size 0 bytes, bluenrg1_stack_init_if.o(i.aci_gap_proc_complete_event))
<BR>[Address Reference Count : 1]<UL><LI> bluenrg1_stack_init_if.o(i.BlueNRG_Stack_Initialization)
</UL>
<P><STRONG><a name="[25]"></a>aci_gap_slave_security_initiated_event</STRONG> (Thumb, 2 bytes, Stack size 0 bytes, bluenrg1_stack_init_if.o(i.aci_gap_slave_security_initiated_event))
<BR>[Address Reference Count : 1]<UL><LI> bluenrg1_stack_init_if.o(i.BlueNRG_Stack_Initialization)
</UL>
<P><STRONG><a name="[2f]"></a>aci_gatt_attribute_modified_event</STRONG> (Thumb, 14 bytes, Stack size 8 bytes, chat.o(i.aci_gatt_attribute_modified_event))
<BR><BR>[Stack]<UL><LI>Max Depth = 48<LI>Call Chain = aci_gatt_attribute_modified_event &rArr; Attribute_Modified_CB &rArr; __2printf
</UL>
<BR>[Calls]<UL><LI><a href="#[62]">&gt;&gt;</a>&nbsp;&nbsp;&nbsp;Attribute_Modified_CB
</UL>
<BR>[Address Reference Count : 1]<UL><LI> bluenrg1_stack_init_if.o(i.BlueNRG_Stack_Initialization)
</UL>
<P><STRONG><a name="[3f]"></a>aci_gatt_disc_read_char_by_uuid_resp_event</STRONG> (Thumb, 2 bytes, Stack size 0 bytes, bluenrg1_stack_init_if.o(i.aci_gatt_disc_read_char_by_uuid_resp_event))
<BR>[Address Reference Count : 1]<UL><LI> bluenrg1_stack_init_if.o(i.BlueNRG_Stack_Initialization)
</UL>
<P><STRONG><a name="[3e]"></a>aci_gatt_error_resp_event</STRONG> (Thumb, 2 bytes, Stack size 0 bytes, bluenrg1_stack_init_if.o(i.aci_gatt_error_resp_event))
<BR>[Address Reference Count : 1]<UL><LI> bluenrg1_stack_init_if.o(i.BlueNRG_Stack_Initialization)
</UL>
<P><STRONG><a name="[3b]"></a>aci_gatt_indication_event</STRONG> (Thumb, 2 bytes, Stack size 0 bytes, bluenrg1_stack_init_if.o(i.aci_gatt_indication_event))
<BR>[Address Reference Count : 1]<UL><LI> bluenrg1_stack_init_if.o(i.BlueNRG_Stack_Initialization)
</UL>
<P><STRONG><a name="[3c]"></a>aci_gatt_notification_event</STRONG> (Thumb, 2 bytes, Stack size 0 bytes, bluenrg1_stack_init_if.o(i.aci_gatt_notification_event))
<BR>[Address Reference Count : 1]<UL><LI> bluenrg1_stack_init_if.o(i.BlueNRG_Stack_Initialization)
</UL>
<P><STRONG><a name="[45]"></a>aci_gatt_prepare_write_permit_req_event</STRONG> (Thumb, 2 bytes, Stack size 0 bytes, bluenrg1_stack_init_if.o(i.aci_gatt_prepare_write_permit_req_event))
<BR>[Address Reference Count : 1]<UL><LI> bluenrg1_stack_init_if.o(i.BlueNRG_Stack_Initialization)
</UL>
<P><STRONG><a name="[3d]"></a>aci_gatt_proc_complete_event</STRONG> (Thumb, 2 bytes, Stack size 0 bytes, bluenrg1_stack_init_if.o(i.aci_gatt_proc_complete_event))
<BR>[Address Reference Count : 1]<UL><LI> bluenrg1_stack_init_if.o(i.BlueNRG_Stack_Initialization)
</UL>
<P><STRONG><a name="[30]"></a>aci_gatt_proc_timeout_event</STRONG> (Thumb, 2 bytes, Stack size 0 bytes, bluenrg1_stack_init_if.o(i.aci_gatt_proc_timeout_event))
<BR>[Address Reference Count : 1]<UL><LI> bluenrg1_stack_init_if.o(i.BlueNRG_Stack_Initialization)
</UL>
<P><STRONG><a name="[42]"></a>aci_gatt_read_multi_permit_req_event</STRONG> (Thumb, 2 bytes, Stack size 0 bytes, bluenrg1_stack_init_if.o(i.aci_gatt_read_multi_permit_req_event))
<BR>[Address Reference Count : 1]<UL><LI> bluenrg1_stack_init_if.o(i.BlueNRG_Stack_Initialization)
</UL>
<P><STRONG><a name="[41]"></a>aci_gatt_read_permit_req_event</STRONG> (Thumb, 2 bytes, Stack size 0 bytes, chat.o(i.aci_gatt_read_permit_req_event))
<BR>[Address Reference Count : 1]<UL><LI> bluenrg1_stack_init_if.o(i.BlueNRG_Stack_Initialization)
</UL>
<P><STRONG><a name="[44]"></a>aci_gatt_server_confirmation_event</STRONG> (Thumb, 2 bytes, Stack size 0 bytes, bluenrg1_stack_init_if.o(i.aci_gatt_server_confirmation_event))
<BR>[Address Reference Count : 1]<UL><LI> bluenrg1_stack_init_if.o(i.BlueNRG_Stack_Initialization)
</UL>
<P><STRONG><a name="[43]"></a>aci_gatt_tx_pool_available_event</STRONG> (Thumb, 12 bytes, Stack size 0 bytes, chat.o(i.aci_gatt_tx_pool_available_event))
<BR>[Address Reference Count : 1]<UL><LI> bluenrg1_stack_init_if.o(i.BlueNRG_Stack_Initialization)
</UL>
<P><STRONG><a name="[40]"></a>aci_gatt_write_permit_req_event</STRONG> (Thumb, 2 bytes, Stack size 0 bytes, bluenrg1_stack_init_if.o(i.aci_gatt_write_permit_req_event))
<BR>[Address Reference Count : 1]<UL><LI> bluenrg1_stack_init_if.o(i.BlueNRG_Stack_Initialization)
</UL>
<P><STRONG><a name="[1e]"></a>aci_hal_end_of_radio_activity_event</STRONG> (Thumb, 2 bytes, Stack size 0 bytes, chat.o(i.aci_hal_end_of_radio_activity_event))
<BR>[Address Reference Count : 1]<UL><LI> bluenrg1_stack_init_if.o(i.BlueNRG_Stack_Initialization)
</UL>
<P><STRONG><a name="[20]"></a>aci_hal_fw_error_event</STRONG> (Thumb, 22 bytes, Stack size 8 bytes, ble_chat_main.o(i.aci_hal_fw_error_event))
<BR><BR>[Stack]<UL><LI>Max Depth = 8<LI>Call Chain = aci_hal_fw_error_event
</UL>
<BR>[Calls]<UL><LI><a href="#[9a]">&gt;&gt;</a>&nbsp;&nbsp;&nbsp;aci_gap_terminate
</UL>
<BR>[Address Reference Count : 1]<UL><LI> bluenrg1_stack_init_if.o(i.BlueNRG_Stack_Initialization)
</UL>
<P><STRONG><a name="[1f]"></a>aci_hal_scan_req_report_event</STRONG> (Thumb, 2 bytes, Stack size 0 bytes, bluenrg1_stack_init_if.o(i.aci_hal_scan_req_report_event))
<BR>[Address Reference Count : 1]<UL><LI> bluenrg1_stack_init_if.o(i.BlueNRG_Stack_Initialization)
</UL>
<P><STRONG><a name="[2e]"></a>aci_l2cap_command_reject_event</STRONG> (Thumb, 2 bytes, Stack size 0 bytes, bluenrg1_stack_init_if.o(i.aci_l2cap_command_reject_event))
<BR>[Address Reference Count : 1]<UL><LI> bluenrg1_stack_init_if.o(i.BlueNRG_Stack_Initialization)
</UL>
<P><STRONG><a name="[2d]"></a>aci_l2cap_connection_update_req_event</STRONG> (Thumb, 2 bytes, Stack size 0 bytes, bluenrg1_stack_init_if.o(i.aci_l2cap_connection_update_req_event))
<BR>[Address Reference Count : 1]<UL><LI> bluenrg1_stack_init_if.o(i.BlueNRG_Stack_Initialization)
</UL>
<P><STRONG><a name="[2b]"></a>aci_l2cap_connection_update_resp_event</STRONG> (Thumb, 2 bytes, Stack size 0 bytes, bluenrg1_stack_init_if.o(i.aci_l2cap_connection_update_resp_event))
<BR>[Address Reference Count : 1]<UL><LI> bluenrg1_stack_init_if.o(i.BlueNRG_Stack_Initialization)
</UL>
<P><STRONG><a name="[2c]"></a>aci_l2cap_proc_timeout_event</STRONG> (Thumb, 2 bytes, Stack size 0 bytes, bluenrg1_stack_init_if.o(i.aci_l2cap_proc_timeout_event))
<BR>[Address Reference Count : 1]<UL><LI> bluenrg1_stack_init_if.o(i.BlueNRG_Stack_Initialization)
</UL>
<P><STRONG><a name="[51]"></a>fputc</STRONG> (Thumb, 12 bytes, Stack size 8 bytes, sdk_eval_com.o(i.fputc))
<BR><BR>[Stack]<UL><LI>Max Depth = 16<LI>Call Chain = fputc &rArr; SdkEvalUart_Send_Data
</UL>
<BR>[Calls]<UL><LI><a href="#[7e]">&gt;&gt;</a>&nbsp;&nbsp;&nbsp;SdkEvalUart_Send_Data
</UL>
<BR>[Address Reference Count : 1]<UL><LI> printf8.o(i.__0printf$8)
</UL>
<P><STRONG><a name="[1c]"></a>hci_data_buffer_overflow_event</STRONG> (Thumb, 2 bytes, Stack size 0 bytes, bluenrg1_stack_init_if.o(i.hci_data_buffer_overflow_event))
<BR>[Address Reference Count : 1]<UL><LI> bluenrg1_stack_init_if.o(i.BlueNRG_Stack_Initialization)
</UL>
<P><STRONG><a name="[17]"></a>hci_disconnection_complete_event</STRONG> (Thumb, 68 bytes, Stack size 0 bytes, chat.o(i.hci_disconnection_complete_event))
<BR>[Address Reference Count : 1]<UL><LI> bluenrg1_stack_init_if.o(i.BlueNRG_Stack_Initialization)
</UL>
<P><STRONG><a name="[18]"></a>hci_encryption_change_event</STRONG> (Thumb, 2 bytes, Stack size 0 bytes, bluenrg1_stack_init_if.o(i.hci_encryption_change_event))
<BR>[Address Reference Count : 1]<UL><LI> bluenrg1_stack_init_if.o(i.BlueNRG_Stack_Initialization)
</UL>
<P><STRONG><a name="[1d]"></a>hci_encryption_key_refresh_complete_event</STRONG> (Thumb, 2 bytes, Stack size 0 bytes, bluenrg1_stack_init_if.o(i.hci_encryption_key_refresh_complete_event))
<BR>[Address Reference Count : 1]<UL><LI> bluenrg1_stack_init_if.o(i.BlueNRG_Stack_Initialization)
</UL>
<P><STRONG><a name="[1a]"></a>hci_hardware_error_event</STRONG> (Thumb, 16 bytes, Stack size 0 bytes, ble_chat_main.o(i.hci_hardware_error_event))
<BR>[Address Reference Count : 1]<UL><LI> bluenrg1_stack_init_if.o(i.BlueNRG_Stack_Initialization)
</UL>
<P><STRONG><a name="[47]"></a>hci_le_advertising_report_event</STRONG> (Thumb, 2 bytes, Stack size 0 bytes, bluenrg1_stack_init_if.o(i.hci_le_advertising_report_event))
<BR>[Address Reference Count : 1]<UL><LI> bluenrg1_stack_init_if.o(i.BlueNRG_Stack_Initialization)
</UL>
<P><STRONG><a name="[46]"></a>hci_le_connection_complete_event</STRONG> (Thumb, 14 bytes, Stack size 0 bytes, chat.o(i.hci_le_connection_complete_event))
<BR>[Address Reference Count : 1]<UL><LI> bluenrg1_stack_init_if.o(i.BlueNRG_Stack_Initialization)
</UL>
<P><STRONG><a name="[48]"></a>hci_le_connection_update_complete_event</STRONG> (Thumb, 2 bytes, Stack size 0 bytes, bluenrg1_stack_init_if.o(i.hci_le_connection_update_complete_event))
<BR>[Address Reference Count : 1]<UL><LI> bluenrg1_stack_init_if.o(i.BlueNRG_Stack_Initialization)
</UL>
<P><STRONG><a name="[4b]"></a>hci_le_data_length_change_event</STRONG> (Thumb, 2 bytes, Stack size 0 bytes, bluenrg1_stack_init_if.o(i.hci_le_data_length_change_event))
<BR>[Address Reference Count : 1]<UL><LI> bluenrg1_stack_init_if.o(i.BlueNRG_Stack_Initialization)
</UL>
<P><STRONG><a name="[4f]"></a>hci_le_direct_advertising_report_event</STRONG> (Thumb, 2 bytes, Stack size 0 bytes, bluenrg1_stack_init_if.o(i.hci_le_direct_advertising_report_event))
<BR>[Address Reference Count : 1]<UL><LI> bluenrg1_stack_init_if.o(i.BlueNRG_Stack_Initialization)
</UL>
<P><STRONG><a name="[4e]"></a>hci_le_enhanced_connection_complete_event</STRONG> (Thumb, 2 bytes, Stack size 0 bytes, bluenrg1_stack_init_if.o(i.hci_le_enhanced_connection_complete_event))
<BR>[Address Reference Count : 1]<UL><LI> bluenrg1_stack_init_if.o(i.BlueNRG_Stack_Initialization)
</UL>
<P><STRONG><a name="[4d]"></a>hci_le_generate_dhkey_complete_event</STRONG> (Thumb, 2 bytes, Stack size 0 bytes, bluenrg1_stack_init_if.o(i.hci_le_generate_dhkey_complete_event))
<BR>[Address Reference Count : 1]<UL><LI> bluenrg1_stack_init_if.o(i.BlueNRG_Stack_Initialization)
</UL>
<P><STRONG><a name="[4a]"></a>hci_le_long_term_key_request_event</STRONG> (Thumb, 2 bytes, Stack size 0 bytes, bluenrg1_stack_init_if.o(i.hci_le_long_term_key_request_event))
<BR>[Address Reference Count : 1]<UL><LI> bluenrg1_stack_init_if.o(i.BlueNRG_Stack_Initialization)
</UL>
<P><STRONG><a name="[4c]"></a>hci_le_read_local_p256_public_key_complete_event</STRONG> (Thumb, 2 bytes, Stack size 0 bytes, bluenrg1_stack_init_if.o(i.hci_le_read_local_p256_public_key_complete_event))
<BR>[Address Reference Count : 1]<UL><LI> bluenrg1_stack_init_if.o(i.BlueNRG_Stack_Initialization)
</UL>
<P><STRONG><a name="[49]"></a>hci_le_read_remote_used_features_complete_event</STRONG> (Thumb, 2 bytes, Stack size 0 bytes, bluenrg1_stack_init_if.o(i.hci_le_read_remote_used_features_complete_event))
<BR>[Address Reference Count : 1]<UL><LI> bluenrg1_stack_init_if.o(i.BlueNRG_Stack_Initialization)
</UL>
<P><STRONG><a name="[1b]"></a>hci_number_of_completed_packets_event</STRONG> (Thumb, 2 bytes, Stack size 0 bytes, bluenrg1_stack_init_if.o(i.hci_number_of_completed_packets_event))
<BR>[Address Reference Count : 1]<UL><LI> bluenrg1_stack_init_if.o(i.BlueNRG_Stack_Initialization)
</UL>
<P><STRONG><a name="[19]"></a>hci_read_remote_version_information_complete_event</STRONG> (Thumb, 2 bytes, Stack size 0 bytes, bluenrg1_stack_init_if.o(i.hci_read_remote_version_information_complete_event))
<BR>[Address Reference Count : 1]<UL><LI> bluenrg1_stack_init_if.o(i.BlueNRG_Stack_Initialization)
</UL>
<P><STRONG><a name="[16]"></a>main</STRONG> (Thumb, 96 bytes, Stack size 0 bytes, ble_chat_main.o(i.main))
<BR><BR>[Stack]<UL><LI>Max Depth = 176<LI>Call Chain = main &rArr; CHAT_DeviceInit &rArr; Add_Chat_Service &rArr; __2printf
</UL>
<BR>[Calls]<UL><LI><a href="#[9c]">&gt;&gt;</a>&nbsp;&nbsp;&nbsp;Clock_Init
<LI><a href="#[9b]">&gt;&gt;</a>&nbsp;&nbsp;&nbsp;SdkEvalIdentification
<LI><a href="#[7b]">&gt;&gt;</a>&nbsp;&nbsp;&nbsp;SdkEvalComIOConfig
<LI><a href="#[8d]">&gt;&gt;</a>&nbsp;&nbsp;&nbsp;SdkEvalPushButtonInit
<LI><a href="#[8b]">&gt;&gt;</a>&nbsp;&nbsp;&nbsp;SdkEvalPushButtonGetState
<LI><a href="#[76]">&gt;&gt;</a>&nbsp;&nbsp;&nbsp;OTA_Jump_To_Service_Manager_Application
<LI><a href="#[66]">&gt;&gt;</a>&nbsp;&nbsp;&nbsp;CHAT_DeviceInit
<LI><a href="#[9d]">&gt;&gt;</a>&nbsp;&nbsp;&nbsp;BTLE_StackTick
<LI><a href="#[5a]">&gt;&gt;</a>&nbsp;&nbsp;&nbsp;APP_Tick
<LI><a href="#[90]">&gt;&gt;</a>&nbsp;&nbsp;&nbsp;SystemInit
<LI><a href="#[63]">&gt;&gt;</a>&nbsp;&nbsp;&nbsp;BlueNRG_Stack_Initialization
<LI><a href="#[61]">&gt;&gt;</a>&nbsp;&nbsp;&nbsp;__2printf
</UL>
<BR>[Called By]<UL><LI><a href="#[0]">&gt;&gt;</a>&nbsp;&nbsp;&nbsp;RESET_HANDLER
</UL>
<BR>[Address Reference Count : 1]<UL><LI> entry9a.o(.ARM.Collect$$$$0000000B)
</UL><P>
<H3>
Local Symbols
</H3>
<P><STRONG><a name="[77]"></a>NVIC_SystemReset</STRONG> (Thumb, 16 bytes, Stack size 0 bytes, ota_btl.o(i.NVIC_SystemReset))
<BR><BR>[Called By]<UL><LI><a href="#[76]">&gt;&gt;</a>&nbsp;&nbsp;&nbsp;OTA_Jump_To_Service_Manager_Application
</UL>

<P><STRONG><a name="[7e]"></a>SdkEvalUart_Send_Data</STRONG> (Thumb, 22 bytes, Stack size 8 bytes, sdk_eval_com.o(i.SdkEvalUart_Send_Data))
<BR><BR>[Stack]<UL><LI>Max Depth = 8<LI>Call Chain = SdkEvalUart_Send_Data
</UL>
<BR>[Calls]<UL><LI><a href="#[8e]">&gt;&gt;</a>&nbsp;&nbsp;&nbsp;UART_SendData
<LI><a href="#[83]">&gt;&gt;</a>&nbsp;&nbsp;&nbsp;UART_GetFlagStatus
</UL>
<BR>[Called By]<UL><LI><a href="#[51]">&gt;&gt;</a>&nbsp;&nbsp;&nbsp;fputc
<LI><a href="#[79]">&gt;&gt;</a>&nbsp;&nbsp;&nbsp;SdkEvalComIOSendData
</UL>

<P><STRONG><a name="[91]"></a>NVIC_SetPriority</STRONG> (Thumb, 60 bytes, Stack size 0 bytes, system_bluenrg1.o(i.NVIC_SetPriority))
<BR><BR>[Called By]<UL><LI><a href="#[90]">&gt;&gt;</a>&nbsp;&nbsp;&nbsp;SystemInit
</UL>

<P><STRONG><a name="[94]"></a>_printf_core</STRONG> (Thumb, 1020 bytes, Stack size 104 bytes, printf8.o(i._printf_core), UNUSED)
<BR><BR>[Calls]<UL><LI><a href="#[56]">&gt;&gt;</a>&nbsp;&nbsp;&nbsp;__aeabi_uldivmod
<LI><a href="#[98]">&gt;&gt;</a>&nbsp;&nbsp;&nbsp;_printf_pre_padding
<LI><a href="#[99]">&gt;&gt;</a>&nbsp;&nbsp;&nbsp;_printf_post_padding
</UL>
<BR>[Called By]<UL><LI><a href="#[93]">&gt;&gt;</a>&nbsp;&nbsp;&nbsp;__0printf$8
</UL>

<P><STRONG><a name="[99]"></a>_printf_post_padding</STRONG> (Thumb, 32 bytes, Stack size 24 bytes, printf8.o(i._printf_post_padding), UNUSED)
<BR><BR>[Called By]<UL><LI><a href="#[94]">&gt;&gt;</a>&nbsp;&nbsp;&nbsp;_printf_core
</UL>

<P><STRONG><a name="[98]"></a>_printf_pre_padding</STRONG> (Thumb, 44 bytes, Stack size 40 bytes, printf8.o(i._printf_pre_padding), UNUSED)
<BR><BR>[Called By]<UL><LI><a href="#[94]">&gt;&gt;</a>&nbsp;&nbsp;&nbsp;_printf_core
</UL>
<P>
<H3>
Undefined Global Symbols
</H3><HR></body></html>
